Component: ARM Compiler 5.06 update 1 (build 61) Tool: armlink [4d35a8]

==============================================================================

Section Cross References

    main.o(i.main) refers to system.o(i.System_Init) for System_Init
    main.o(i.main) refers to system.o(i.Task_Schedule) for Task_Schedule
    scheduler.o(i.TIM1_CC_IRQHandler) refers to stm32f10x_tim.o(i.TIM_GetITStatus) for TIM_GetITStatus
    scheduler.o(i.TIM1_CC_IRQHandler) refers to stm32f10x_tim.o(i.TIM_GetCapture1) for TIM_GetCapture1
    scheduler.o(i.TIM1_CC_IRQHandler) refers to stm32f10x_tim.o(i.TIM_OC1PolarityConfig) for TIM_OC1PolarityConfig
    scheduler.o(i.TIM1_CC_IRQHandler) refers to stm32f10x_tim.o(i.TIM_ClearITPendingBit) for TIM_ClearITPendingBit
    scheduler.o(i.TIM1_CC_IRQHandler) refers to rc.o(.data) for TIM_ICUserValueStructure_5
    scheduler.o(i.TIM1_CC_IRQHandler) refers to rc.o(.bss) for RC_Control
    scheduler.o(i.TIM2_IRQHandler) refers to stm32f10x_tim.o(i.TIM_GetITStatus) for TIM_GetITStatus
    scheduler.o(i.TIM2_IRQHandler) refers to stm32f10x_tim.o(i.TIM_ClearITPendingBit) for TIM_ClearITPendingBit
    scheduler.o(i.TIM2_IRQHandler) refers to stm32f10x_tim.o(i.TIM_GetCapture1) for TIM_GetCapture1
    scheduler.o(i.TIM2_IRQHandler) refers to stm32f10x_tim.o(i.TIM_OC1PolarityConfig) for TIM_OC1PolarityConfig
    scheduler.o(i.TIM2_IRQHandler) refers to stm32f10x_tim.o(i.TIM_GetCapture2) for TIM_GetCapture2
    scheduler.o(i.TIM2_IRQHandler) refers to stm32f10x_tim.o(i.TIM_OC2PolarityConfig) for TIM_OC2PolarityConfig
    scheduler.o(i.TIM2_IRQHandler) refers to stm32f10x_tim.o(i.TIM_GetCapture3) for TIM_GetCapture3
    scheduler.o(i.TIM2_IRQHandler) refers to stm32f10x_tim.o(i.TIM_OC3PolarityConfig) for TIM_OC3PolarityConfig
    scheduler.o(i.TIM2_IRQHandler) refers to stm32f10x_tim.o(i.TIM_GetCapture4) for TIM_GetCapture4
    scheduler.o(i.TIM2_IRQHandler) refers to stm32f10x_tim.o(i.TIM_OC4PolarityConfig) for TIM_OC4PolarityConfig
    scheduler.o(i.TIM2_IRQHandler) refers to rc.o(i.Remote_Data_ReceiveAnalysis) for Remote_Data_ReceiveAnalysis
    scheduler.o(i.TIM2_IRQHandler) refers to rc.o(.data) for TIM_ICUserValueStructure_1
    scheduler.o(i.TIM4_IRQHandler) refers to stm32f10x_tim.o(i.TIM_GetITStatus) for TIM_GetITStatus
    scheduler.o(i.TIM4_IRQHandler) refers to f2d.o(.text) for __aeabi_f2d
    scheduler.o(i.TIM4_IRQHandler) refers to cdcmple.o(.text) for __aeabi_cdcmple
    scheduler.o(i.TIM4_IRQHandler) refers to stm32f10x_tim.o(i.TIM_ClearITPendingBit) for TIM_ClearITPendingBit
    scheduler.o(i.TIM4_IRQHandler) refers to scheduler.o(.data) for ms2
    scheduler.o(i.TIM4_IRQHandler) refers to imu.o(.bss) for Att_Angle
    scheduler.o(i.USART1_IRQHandler) refers to stm32f10x_usart.o(i.USART_GetITStatus) for USART_GetITStatus
    scheduler.o(i.USART1_IRQHandler) refers to stm32f10x_usart.o(i.USART_ClearITPendingBit) for USART_ClearITPendingBit
    led.o(i.LEDB_1) refers to delay.o(i.Delay_ms) for Delay_ms
    led.o(i.LEDB_2) refers to delay.o(i.Delay_ms) for Delay_ms
    led.o(i.LEDB_3) refers to delay.o(i.Delay_ms) for Delay_ms
    led.o(i.LEDG_1) refers to delay.o(i.Delay_ms) for Delay_ms
    led.o(i.LEDG_2) refers to delay.o(i.Delay_ms) for Delay_ms
    led.o(i.LEDG_3) refers to delay.o(i.Delay_ms) for Delay_ms
    led.o(i.LEDR_1) refers to delay.o(i.Delay_ms) for Delay_ms
    led.o(i.LEDR_2) refers to delay.o(i.Delay_ms) for Delay_ms
    led.o(i.LEDR_3) refers to delay.o(i.Delay_ms) for Delay_ms
    led.o(i.LED_Init) refers to stm32f10x_rcc.o(i.RCC_APB2PeriphClockCmd) for RCC_APB2PeriphClockCmd
    led.o(i.LED_Init) refers to stm32f10x_gpio.o(i.GPIO_Init) for GPIO_Init
    led.o(i.LED_Init) refers to stm32f10x_gpio.o(i.GPIO_ResetBits) for GPIO_ResetBits
    delay.o(i.Delay_Init) refers to misc.o(i.SysTick_CLKSourceConfig) for SysTick_CLKSourceConfig
    delay.o(i.Delay_Init) refers to system_stm32f10x.o(.data) for SystemCoreClock
    delay.o(i.Delay_Init) refers to delay.o(.data) for D_us
    delay.o(i.Delay_ms) refers to delay.o(.data) for D_ms
    delay.o(i.Delay_us) refers to delay.o(.data) for D_us
    tim.o(i.TIM_Init) refers to stm32f10x_rcc.o(i.RCC_APB1PeriphClockCmd) for RCC_APB1PeriphClockCmd
    tim.o(i.TIM_Init) refers to stm32f10x_tim.o(i.TIM_TimeBaseInit) for TIM_TimeBaseInit
    tim.o(i.TIM_Init) refers to stm32f10x_tim.o(i.TIM_ITConfig) for TIM_ITConfig
    tim.o(i.TIM_Init) refers to stm32f10x_tim.o(i.TIM_Cmd) for TIM_Cmd
    nvic.o(i.NvicConfig) refers to misc.o(i.NVIC_PriorityGroupConfig) for NVIC_PriorityGroupConfig
    nvic.o(i.NvicConfig) refers to misc.o(i.NVIC_Init) for NVIC_Init
    motor.o(i.MOTOR_Init) refers to stm32f10x_rcc.o(i.RCC_APB2PeriphClockCmd) for RCC_APB2PeriphClockCmd
    motor.o(i.MOTOR_Init) refers to stm32f10x_rcc.o(i.RCC_APB1PeriphClockCmd) for RCC_APB1PeriphClockCmd
    motor.o(i.MOTOR_Init) refers to stm32f10x_gpio.o(i.GPIO_Init) for GPIO_Init
[...]
    Removing stm32f10x_tim.o(i.TIM_OC1NPolarityConfig), (18 bytes).
    Removing stm32f10x_tim.o(i.TIM_OC2FastConfig), (26 bytes).
    Removing stm32f10x_tim.o(i.TIM_OC2NPolarityConfig), (26 bytes).
    Removing stm32f10x_tim.o(i.TIM_OC3FastConfig), (18 bytes).
    Removing stm32f10x_tim.o(i.TIM_OC3NPolarityConfig), (26 bytes).
    Removing stm32f10x_tim.o(i.TIM_OC4FastConfig), (26 bytes).
    Removing stm32f10x_tim.o(i.TIM_OCStructInit), (20 bytes).
    Removing stm32f10x_tim.o(i.TIM_PWMIConfig), (124 bytes).
    Removing stm32f10x_tim.o(i.TIM_PrescalerConfig), (6 bytes).
    Removing stm32f10x_tim.o(i.TIM_SelectCCDMA), (24 bytes).
    Removing stm32f10x_tim.o(i.TIM_SelectCOM), (24 bytes).
    Removing stm32f10x_tim.o(i.TIM_SelectHallSensor), (24 bytes).
    Removing stm32f10x_tim.o(i.TIM_SelectInputTrigger), (18 bytes).
    Removing stm32f10x_tim.o(i.TIM_SelectMasterSlaveMode), (18 bytes).
    Removing stm32f10x_tim.o(i.TIM_SelectOCxM), (82 bytes).
    Removing stm32f10x_tim.o(i.TIM_SelectOnePulseMode), (18 bytes).
    Removing stm32f10x_tim.o(i.TIM_SelectOutputTrigger), (18 bytes).
    Removing stm32f10x_tim.o(i.TIM_SelectSlaveMode), (18 bytes).
    Removing stm32f10x_tim.o(i.TIM_SetAutoreload), (4 bytes).
    Removing stm32f10x_tim.o(i.TIM_SetClockDivision), (18 bytes).
    Removing stm32f10x_tim.o(i.TIM_SetCompare1), (4 bytes).
    Removing stm32f10x_tim.o(i.TIM_SetCompare2), (4 bytes).
    Removing stm32f10x_tim.o(i.TIM_SetCompare3), (4 bytes).
    Removing stm32f10x_tim.o(i.TIM_SetCompare4), (6 bytes).
    Removing stm32f10x_tim.o(i.TIM_SetCounter), (4 bytes).
    Removing stm32f10x_tim.o(i.TIM_TIxExternalClockConfig), (62 bytes).
    Removing stm32f10x_tim.o(i.TIM_TimeBaseStructInit), (18 bytes).
    Removing stm32f10x_tim.o(i.TIM_UpdateDisableConfig), (24 bytes).
    Removing stm32f10x_tim.o(i.TIM_UpdateRequestConfig), (24 bytes).
    Removing stm32f10x_usart.o(.rev16_text), (4 bytes).
    Removing stm32f10x_usart.o(.revsh_text), (4 bytes).
    Removing stm32f10x_usart.o(.rrx_text), (6 bytes).
    Removing stm32f10x_usart.o(i.USART_ClearFlag), (18 bytes).
    Removing stm32f10x_usart.o(i.USART_ClockInit), (34 bytes).
    Removing stm32f10x_usart.o(i.USART_ClockStructInit), (12 bytes).
    Removing stm32f10x_usart.o(i.USART_DMACmd), (18 bytes).
    Removing stm32f10x_usart.o(i.USART_DeInit), (156 bytes).
    Removing stm32f10x_usart.o(i.USART_GetFlagStatus), (26 bytes).
    Removing stm32f10x_usart.o(i.USART_HalfDuplexCmd), (24 bytes).
    Removing stm32f10x_usart.o(i.USART_IrDACmd), (24 bytes).
    Removing stm32f10x_usart.o(i.USART_IrDAConfig), (18 bytes).
    Removing stm32f10x_usart.o(i.USART_LINBreakDetectLengthConfig), (18 bytes).
    Removing stm32f10x_usart.o(i.USART_LINCmd), (24 bytes).
    Removing stm32f10x_usart.o(i.USART_OneBitMethodCmd), (24 bytes).
    Removing stm32f10x_usart.o(i.USART_OverSampling8Cmd), (22 bytes).
    Removing stm32f10x_usart.o(i.USART_ReceiveData), (10 bytes).
    Removing stm32f10x_usart.o(i.USART_ReceiverWakeUpCmd), (24 bytes).
    Removing stm32f10x_usart.o(i.USART_SendBreak), (10 bytes).
    Removing stm32f10x_usart.o(i.USART_SendData), (8 bytes).
    Removing stm32f10x_usart.o(i.USART_SetAddress), (18 bytes).
    Removing stm32f10x_usart.o(i.USART_SetGuardTime), (16 bytes).
    Removing stm32f10x_usart.o(i.USART_SetPrescaler), (16 bytes).
    Removing stm32f10x_usart.o(i.USART_SmartCardCmd), (24 bytes).
    Removing stm32f10x_usart.o(i.USART_SmartCardNACKCmd), (24 bytes).
    Removing stm32f10x_usart.o(i.USART_StructInit), (24 bytes).
    Removing stm32f10x_usart.o(i.USART_WakeUpConfig), (18 bytes).
    Removing startup_stm32f10x_md.o(HEAP), (512 bytes).
    Removing system_stm32f10x.o(.rev16_text), (4 bytes).
    Removing system_stm32f10x.o(.revsh_text), (4 bytes).
    Removing system_stm32f10x.o(.rrx_text), (6 bytes).
    Removing system_stm32f10x.o(i.SystemCoreClockUpdate), (164 bytes).
    Removing fscalb.o(.text), (24 bytes).
    Removing dfixul.o(.text), (48 bytes).
    Removing cdrcmple.o(.text), (48 bytes).
    Removing fsqrt.o(.text), (94 bytes).

380 unused section(s) (total 16878 bytes) removed from the image.

==============================================================================

Image Symbol Table

    Local Symbols

    Symbol Name                              Value     Ov Type        Size  Object(Section)

    ../clib/../cmprslib/zerorunl2.c          0x00000000   Number         0  __dczerorl2.o ABSOLUTE
    ../clib/microlib/division.c              0x00000000   Number         0  uidiv.o ABSOLUTE
    ../clib/microlib/division.c              0x00000000   Number         0  uldiv.o ABSOLUTE
    ../clib/microlib/errno.c                 0x00000000   Number         0  errno.o ABSOLUTE
    ../clib/microlib/init/entry.s            0x00000000   Number         0  entry10b.o ABSOLUTE
    ../clib/microlib/init/entry.s            0x00000000   Number         0  entry7a.o ABSOLUTE
    ../clib/microlib/init/entry.s            0x00000000   Number         0  entry11b.o ABSOLUTE
    ../clib/microlib/init/entry.s            0x00000000   Number         0  entry8b.o ABSOLUTE
    ../clib/microlib/init/entry.s            0x00000000   Number         0  entry.o ABSOLUTE
    ../clib/microlib/init/entry.s            0x00000000   Number         0  entry11a.o ABSOLUTE
    ../clib/microlib/init/entry.s            0x00000000   Number         0  entry8a.o ABSOLUTE
    ../clib/microlib/init/entry.s            0x00000000   Number         0  entry10a.o ABSOLUTE
    ../clib/microlib/init/entry.s            0x00000000   Number         0  entry9b.o ABSOLUTE
    ../clib/microlib/init/entry.s            0x00000000   Number         0  entry9a.o ABSOLUTE
    ../clib/microlib/init/entry.s            0x00000000   Number         0  entry2.o ABSOLUTE
    ../clib/microlib/init/entry.s            0x00000000   Number         0  entry7b.o ABSOLUTE
    ../clib/microlib/init/entry.s            0x00000000   Number         0  entry5.o ABSOLUTE
    ../clib/microlib/longlong.c              0x00000000   Number         0  llushr.o ABSOLUTE
    ../clib/microlib/longlong.c              0x00000000   Number         0  llshl.o ABSOLUTE
    ../clib/microlib/longlong.c              0x00000000   Number         0  llsshr.o ABSOLUTE
    ../clib/microlib/printf/printf.c         0x00000000   Number         0  printf2.o ABSOLUTE
    ../clib/microlib/printf/printf.c         0x00000000   Number         0  printfa.o ABSOLUTE
    ../clib/microlib/printf/printf.c         0x00000000   Number         0  printf8.o ABSOLUTE
    ../clib/microlib/printf/printf.c         0x00000000   Number         0  printf7.o ABSOLUTE
    ../clib/microlib/printf/printf.c         0x00000000   Number         0  printf3.o ABSOLUTE
    ../clib/microlib/printf/printf.c         0x00000000   Number         0  printfb.o ABSOLUTE
    ../clib/microlib/printf/printf.c         0x00000000   Number         0  printf4.o ABSOLUTE
    ../clib/microlib/printf/printf.c         0x00000000   Number         0  printf5.o ABSOLUTE
    ../clib/microlib/printf/printf.c         0x00000000   Number         0  printf6.o ABSOLUTE
    ../clib/microlib/printf/printf.c         0x00000000   Number         0  printf0.o ABSOLUTE
    ../clib/microlib/printf/printf.c         0x00000000   Number         0  printf1.o ABSOLUTE
    ../clib/microlib/stubs.s                 0x00000000   Number         0  useno.o ABSOLUTE
    ../clib/microlib/stubs.s                 0x00000000   Number         0  iusefp.o ABSOLUTE
    ../fplib/microlib/d2f.c                  0x00000000   Number         0  d2f.o ABSOLUTE
    ../fplib/microlib/f2d.c                  0x00000000   Number         0  f2d.o ABSOLUTE
    ../fplib/microlib/fpadd.c                0x00000000   Number         0  dadd.o ABSOLUTE
    ../fplib/microlib/fpadd.c                0x00000000   Number         0  fadd.o ABSOLUTE
    ../fplib/microlib/fpdiv.c                0x00000000   Number         0  ddiv.o ABSOLUTE
    ../fplib/microlib/fpdiv.c                0x00000000   Number         0  fdiv.o ABSOLUTE
    ../fplib/microlib/fpepilogue.c           0x00000000   Number         0  depilogue.o ABSOLUTE
    ../fplib/microlib/fpepilogue.c           0x00000000   Number         0  fepilogue.o ABSOLUTE
    ../fplib/microlib/fpfix.c                0x00000000   Number         0  dfixul.o ABSOLUTE
    ../fplib/microlib/fpfix.c                0x00000000   Number         0  ffixi.o ABSOLUTE
    ../fplib/microlib/fpflt.c                0x00000000   Number         0  fflti.o ABSOLUTE
    ../fplib/microlib/fpflt.c                0x00000000   Number         0  ffltui.o ABSOLUTE
    ../fplib/microlib/fpmul.c                0x00000000   Number         0  dmul.o ABSOLUTE
    ../fplib/microlib/fpmul.c                0x00000000   Number         0  fmul.o ABSOLUTE
    ../fplib/microlib/fpscalb.c              0x00000000   Number         0  dscalb.o ABSOLUTE
    ../fplib/microlib/fpscalb.c              0x00000000   Number         0  fscalb.o ABSOLUTE
    ../fplib/microlib/fpsqrt.c               0x00000000   Number         0  fsqrt.o ABSOLUTE
    ../fplib/microlib/fpsqrt.c               0x00000000   Number         0  dsqrt.o ABSOLUTE
    ../mathlib/asin.c                        0x00000000   Number         0  asin_x.o ABSOLUTE
    ../mathlib/asin.c                        0x00000000   Number         0  asin.o ABSOLUTE
    ../mathlib/asinf.c                       0x00000000   Number         0  asinf.o ABSOLUTE
    ../mathlib/asinf.c                       0x00000000   Number         0  asinf_x.o ABSOLUTE
    ../mathlib/atan.c                        0x00000000   Number         0  atan.o ABSOLUTE
    ../mathlib/atan.c                        0x00000000   Number         0  atan_x.o ABSOLUTE
    ../mathlib/atan2.c                       0x00000000   Number         0  atan2.o ABSOLUTE
    ../mathlib/atan2.c                       0x00000000   Number         0  atan2_x.o ABSOLUTE
    ../mathlib/dunder.c                      0x00000000   Number         0  dunder.o ABSOLUTE
    ../mathlib/fpclassify.c                  0x00000000   Number         0  fpclassify.o ABSOLUTE
    ../mathlib/fpclassifyf.c                 0x00000000   Number         0  fpclassifyf.o ABSOLUTE
    ../mathlib/funder.c                      0x00000000   Number         0  funder.o ABSOLUTE
    ../mathlib/poly.c                        0x00000000   Number         0  poly.o ABSOLUTE
    ../mathlib/qnan.c                        0x00000000   Number         0  qnan.o ABSOLUTE
    ../mathlib/sqrt.c                        0x00000000   Number         0  sqrt.o ABSOLUTE
    ../mathlib/sqrt.c                        0x00000000   Number         0  sqrt_x.o ABSOLUTE
    ../mathlib/sqrtf.c                       0x00000000   Number         0  sqrtf.o ABSOLUTE
    ../mathlib/sqrtf.c                       0x00000000   Number         0  sqrtf_x.o ABSOLUTE
    COMMUNICATE\ANO_DT.c                     0x00000000   Number         0  ano_dt.o ABSOLUTE
    COMMUNICATE\\ANO_DT.c                    0x00000000   Number         0  ano_dt.o ABSOLUTE
    CONTROL\\control.c                       0x00000000   Number         0  control.o ABSOLUTE
    CONTROL\\pid.c                           0x00000000   Number         0  pid.o ABSOLUTE
    CONTROL\control.c                        0x00000000   Number         0  control.o ABSOLUTE
    CONTROL\pid.c                            0x00000000   Number         0  pid.o ABSOLUTE
    Drive\\src\\RC.c                         0x00000000   Number         0  rc.o ABSOLUTE
    Drive\\src\\delay.c                      0x00000000   Number         0  delay.o ABSOLUTE
    Drive\\src\\iic.c                        0x00000000   Number         0  iic.o ABSOLUTE
    Drive\\src\\led.c                        0x00000000   Number         0  led.o ABSOLUTE
    Drive\\src\\motor.c                      0x00000000   Number         0  motor.o ABSOLUTE
    Drive\\src\\mpu6050.c                    0x00000000   Number         0  mpu6050.o ABSOLUTE
    Drive\\src\\nvic.c                       0x00000000   Number         0  nvic.o ABSOLUTE
    Drive\\src\\oled.c                       0x00000000   Number         0  oled.o ABSOLUTE
    Drive\\src\\system.c                     0x00000000   Number         0  system.o ABSOLUTE
    Drive\\src\\tim.c                        0x00000000   Number         0  tim.o ABSOLUTE
    Drive\\src\\usart.c                      0x00000000   Number         0  usart.o ABSOLUTE
    Drive\src\RC.c                           0x00000000   Number         0  rc.o ABSOLUTE
    Drive\src\delay.c                        0x00000000   Number         0  delay.o ABSOLUTE
    Drive\src\iic.c                          0x00000000   Number         0  iic.o ABSOLUTE
    Drive\src\led.c                          0x00000000   Number         0  led.o ABSOLUTE
    Drive\src\motor.c                        0x00000000   Number         0  motor.o ABSOLUTE
    Drive\src\mpu6050.c                      0x00000000   Number         0  mpu6050.o ABSOLUTE
    Drive\src\nvic.c                         0x00000000   Number         0  nvic.o ABSOLUTE
    Drive\src\oled.c                         0x00000000   Number         0  oled.o ABSOLUTE
    Drive\src\system.c                       0x00000000   Number         0  system.o ABSOLUTE
    Drive\src\tim.c                          0x00000000   Number         0  tim.o ABSOLUTE
    Drive\src\usart.c                        0x00000000   Number         0  usart.o ABSOLUTE
    E:\Users\Administrator\AppData\Local\Arm\Packs\Keil\STM32F1xx_DFP\1.1.0\Device\StdPeriph_Driver\src\misc.c 0x00000000   Number         0  misc.o ABSOLUTE
    E:\Users\Administrator\AppData\Local\Arm\Packs\Keil\STM32F1xx_DFP\1.1.0\Device\StdPeriph_Driver\src\stm32f10x_adc.c 0x00000000   Number         0  stm32f10x_adc.o ABSOLUTE
    E:\Users\Administrator\AppData\Local\Arm\Packs\Keil\STM32F1xx_DFP\1.1.0\Device\StdPeriph_Driver\src\stm32f10x_exti.c 0x00000000   Number         0  stm32f10x_exti.o ABSOLUTE
    E:\Users\Administrator\AppData\Local\Arm\Packs\Keil\STM32F1xx_DFP\1.1.0\Device\StdPeriph_Driver\src\stm32f10x_flash.c 0x00000000   Number         0  stm32f10x_flash.o ABSOLUTE
    E:\Users\Administrator\AppData\Local\Arm\Packs\Keil\STM32F1xx_DFP\1.1.0\Device\StdPeriph_Driver\src\stm32f10x_gpio.c 0x00000000   Number         0  stm32f10x_gpio.o ABSOLUTE
    E:\Users\Administrator\AppData\Local\Arm\Packs\Keil\STM32F1xx_DFP\1.1.0\Device\StdPeriph_Driver\src\stm32f10x_rcc.c 0x00000000   Number         0  stm32f10x_rcc.o ABSOLUTE
    E:\Users\Administrator\AppData\Local\Arm\Packs\Keil\STM32F1xx_DFP\1.1.0\Device\StdPeriph_Driver\src\stm32f10x_spi.c 0x00000000   Number         0  stm32f10x_spi.o ABSOLUTE
    E:\Users\Administrator\AppData\Local\Arm\Packs\Keil\STM32F1xx_DFP\1.1.0\Device\StdPeriph_Driver\src\stm32f10x_tim.c 0x00000000   Number         0  stm32f10x_tim.o ABSOLUTE
    E:\Users\Administrator\AppData\Local\Arm\Packs\Keil\STM32F1xx_DFP\1.1.0\Device\StdPeriph_Driver\src\stm32f10x_usart.c 0x00000000   Number         0  stm32f10x_usart.o ABSOLUTE
    E:\\Users\\Administrator\\AppData\\Local\\Arm\\Packs\\Keil\\STM32F1xx_DFP\\1.1.0\\Device\\StdPeriph_Driver\\src\\misc.c 0x00000000   Number         0  misc.o ABSOLUTE
    E:\\Users\\Administrator\\AppData\\Local\\Arm\\Packs\\Keil\\STM32F1xx_DFP\\1.1.0\\Device\\StdPeriph_Driver\\src\\stm32f10x_adc.c 0x00000000   Number         0  stm32f10x_adc.o ABSOLUTE
    E:\\Users\\Administrator\\AppData\\Local\\Arm\\Packs\\Keil\\STM32F1xx_DFP\\1.1.0\\Device\\StdPeriph_Driver\\src\\stm32f10x_exti.c 0x00000000   Number         0  stm32f10x_exti.o ABSOLUTE
    E:\\Users\\Administrator\\AppData\\Local\\Arm\\Packs\\Keil\\STM32F1xx_DFP\\1.1.0\\Device\\StdPeriph_Driver\\src\\stm32f10x_flash.c 0x00000000   Number         0  stm32f10x_flash.o ABSOLUTE
    E:\\Users\\Administrator\\AppData\\Local\\Arm\\Packs\\Keil\\STM32F1xx_DFP\\1.1.0\\Device\\StdPeriph_Driver\\src\\stm32f10x_gpio.c 0x00000000   Number         0  stm32f10x_gpio.o ABSOLUTE
    E:\\Users\\Administrator\\AppData\\Local\\Arm\\Packs\\Keil\\STM32F1xx_DFP\\1.1.0\\Device\\StdPeriph_Driver\\src\\stm32f10x_rcc.c 0x00000000   Number         0  stm32f10x_rcc.o ABSOLUTE
    E:\\Users\\Administrator\\AppData\\Local\\Arm\\Packs\\Keil\\STM32F1xx_DFP\\1.1.0\\Device\\StdPeriph_Driver\\src\\stm32f10x_spi.c 0x00000000   Number         0  stm32f10x_spi.o ABSOLUTE
    E:\\Users\\Administrator\\AppData\\Local\\Arm\\Packs\\Keil\\STM32F1xx_DFP\\1.1.0\\Device\\StdPeriph_Driver\\src\\stm32f10x_tim.c 0x00000000   Number         0  stm32f10x_tim.o ABSOLUTE
    E:\\Users\\Administrator\\AppData\\Local\\Arm\\Packs\\Keil\\STM32F1xx_DFP\\1.1.0\\Device\\StdPeriph_Driver\\src\\stm32f10x_usart.c 0x00000000   Number         0  stm32f10x_usart.o ABSOLUTE
    IMU\\filter.c                            0x00000000   Number         0  filter.o ABSOLUTE
    IMU\\imu.c                               0x00000000   Number         0  imu.o ABSOLUTE
    IMU\filter.c                             0x00000000   Number         0  filter.o ABSOLUTE
    IMU\imu.c                                0x00000000   Number         0  imu.o ABSOLUTE
    IMU\kalman.c                             0x00000000   Number         0  kalman.o ABSOLUTE
    Math\\myMath.c                           0x00000000   Number         0  mymath.o ABSOLUTE
    Math\myMath.c                            0x00000000   Number         0  mymath.o ABSOLUTE
    RTE\Device\STM32F103C8\startup_stm32f10x_md.s 0x00000000   Number         0  startup_stm32f10x_md.o ABSOLUTE
    RTE\Device\STM32F103C8\system_stm32f10x.c 0x00000000   Number         0  system_stm32f10x.o ABSOLUTE
    RTE\\Device\\STM32F103C8\\system_stm32f10x.c 0x00000000   Number         0  system_stm32f10x.o ABSOLUTE
    USER\\main.c                             0x00000000   Number         0  main.o ABSOLUTE
    USER\\scheduler.c                        0x00000000   Number         0  scheduler.o ABSOLUTE
    USER\main.c                              0x00000000   Number         0  main.o ABSOLUTE
    USER\scheduler.c                         0x00000000   Number         0  scheduler.o ABSOLUTE
    cdcmple.s                                0x00000000   Number         0  cdcmple.o ABSOLUTE
    cdrcmple.s                               0x00000000   Number         0  cdrcmple.o ABSOLUTE
    cfcmple.s                                0x00000000   Number         0  cfcmple.o ABSOLUTE
    cfrcmple.s                               0x00000000   Number         0  cfrcmple.o ABSOLUTE
    dc.s                                     0x00000000   Number         0  dc.o ABSOLUTE
    handlers.s                               0x00000000   Number         0  handlers.o ABSOLUTE
    init.s                                   0x00000000   Number         0  init.o ABSOLUTE
    RESET                                    0x08000000   Section      236  startup_stm32f10x_md.o(RESET)
    .ARM.Collect$$$$00000000                 0x080000ec   Section        0  entry.o(.ARM.Collect$$$$00000000)
    .ARM.Collect$$$$00000001                 0x080000ec   Section        4  entry2.o(.ARM.Collect$$$$00000001)
    .ARM.Collect$$$$00000004                 0x080000f0   Section        4  entry5.o(.ARM.Collect$$$$00000004)
    .ARM.Collect$$$$00000008                 0x080000f4   Section        0  entry7b.o(.ARM.Collect$$$$00000008)
    .ARM.Collect$$$$0000000A                 0x080000f4   Section        0  entry8b.o(.ARM.Collect$$$$0000000A)
    .ARM.Collect$$$$0000000B                 0x080000f4   Section        8  entry9a.o(.ARM.Collect$$$$0000000B)
    .ARM.Collect$$$$0000000D                 0x080000fc   Section        0  entry10a.o(.ARM.Collect$$$$0000000D)
    .ARM.Collect$$$$0000000F                 0x080000fc   Section        0  entry11a.o(.ARM.Collect$$$$0000000F)
    .ARM.Collect$$$$00002712                 0x080000fc   Section        4  entry2.o(.ARM.Collect$$$$00002712)
    __lit__00000000                          0x080000fc   Data           4  entry2.o(.ARM.Collect$$$$00002712)
    .text                                    0x08000100   Section       36  startup_stm32f10x_md.o(.text)
    .text                                    0x08000124   Section        0  fadd.o(.text)
    .text                                    0x080001d4   Section        0  fmul.o(.text)
    .text                                    0x08000238   Section        0  fdiv.o(.text)
    .text                                    0x080002b4   Section        0  dadd.o(.text)
    .text                                    0x08000402   Section        0  dmul.o(.text)
    .text                                    0x080004e6   Section        0  ddiv.o(.text)
    .text                                    0x080005c4   Section        0  fflti.o(.text)
    .text                                    0x080005d6   Section        0  ffltui.o(.text)
    .text                                    0x080005e0   Section        0  ffixi.o(.text)
    .text                                    0x08000612   Section        0  f2d.o(.text)
    .text                                    0x08000638   Section       48  cdcmple.o(.text)
    .text                                    0x08000668   Section        0  d2f.o(.text)
    .text                                    0x080006a0   Section       20  cfcmple.o(.text)
    .text                                    0x080006b4   Section       20  cfrcmple.o(.text)
    .text                                    0x080006c8   Section        0  llshl.o(.text)
    .text                                    0x080006e6   Section        0  llsshr.o(.text)
    .text                                    0x0800070a   Section        0  fepilogue.o(.text)
    .text                                    0x0800070a   Section        0  iusefp.o(.text)
    .text                                    0x08000778   Section        0  depilogue.o(.text)
    .text                                    0x08000832   Section        0  dscalb.o(.text)
    .text                                    0x08000860   Section       36  init.o(.text)
    .text                                    0x08000884   Section        0  llushr.o(.text)
    .text                                    0x080008a4   Section        0  dsqrt.o(.text)
    .text                                    0x08000946   Section        0  __dczerorl2.o(.text)
    i.Control                                0x0800099c   Section        0  control.o(i.Control)
    i.Delay_Init                             0x08000d10   Section        0  delay.o(i.Delay_Init)
    i.Delay_ms                               0x08000d54   Section        0  delay.o(i.Delay_ms)
    i.Delay_us                               0x08000d9c   Section        0  delay.o(i.Delay_us)
    i.GENERAL_TIM_GPIO_Config                0x08000de4   Section        0  rc.o(i.GENERAL_TIM_GPIO_Config)
    GENERAL_TIM_GPIO_Config                  0x08000de5   Thumb Code    34  rc.o(i.GENERAL_TIM_GPIO_Config)
    i.GENERAL_TIM_Init                       0x08000e0c   Section        0  rc.o(i.GENERAL_TIM_Init)
    i.GENERAL_TIM_Mode_Config                0x08000e18   Section        0  rc.o(i.GENERAL_TIM_Mode_Config)
    GENERAL_TIM_Mode_Config                  0x08000e19   Thumb Code   336  rc.o(i.GENERAL_TIM_Mode_Config)
    i.GPIO_Init                              0x08000f6c   Section        0  stm32f10x_gpio.o(i.GPIO_Init)
    i.GPIO_ResetBits                         0x08001082   Section        0  stm32f10x_gpio.o(i.GPIO_ResetBits)
    i.GPIO_SetBits                           0x08001086   Section        0  stm32f10x_gpio.o(i.GPIO_SetBits)
    i.IIC_Ack                                0x0800108c   Section        0  iic.o(i.IIC_Ack)
    i.IIC_GPIO_Init                          0x080010c0   Section        0  iic.o(i.IIC_GPIO_Init)
    i.IIC_NAck                               0x080010f4   Section        0  iic.o(i.IIC_NAck)
    i.IIC_ReadByte                           0x08001128   Section        0  iic.o(i.IIC_ReadByte)
    i.IIC_ReadByteFromSlave                  0x08001180   Section        0  iic.o(i.IIC_ReadByteFromSlave)
    i.IIC_ReadMultByteFromSlave              0x080011ca   Section        0  iic.o(i.IIC_ReadMultByteFromSlave)
    i.IIC_SendByte                           0x0800123c   Section        0  iic.o(i.IIC_SendByte)
    i.IIC_Start                              0x08001298   Section        0  iic.o(i.IIC_Start)
    i.IIC_Stop                               0x080012cc   Section        0  iic.o(i.IIC_Stop)
    i.IIC_WaitAck                            0x080012fc   Section        0  iic.o(i.IIC_WaitAck)
    i.IIC_WriteByteToSlave                   0x0800134c   Section        0  iic.o(i.IIC_WriteByteToSlave)
    i.IMUupdate                              0x08001394   Section        0  imu.o(i.IMUupdate)
    i.LED_Init                               0x080018e4   Section        0  led.o(i.LED_Init)
    i.Lowpass_Filter_PITCH                   0x08001960   Section        0  filter.o(i.Lowpass_Filter_PITCH)
    i.Lowpass_Filter_ROLL                    0x080019c0   Section        0  filter.o(i.Lowpass_Filter_ROLL)
    i.Lowpass_Filter_THROTTLE                0x08001a20   Section        0  filter.o(i.Lowpass_Filter_THROTTLE)
    i.Lowpass_Filter_YAW                     0x08001a80   Section        0  filter.o(i.Lowpass_Filter_YAW)
    i.MOTOR_Init                             0x08001ae0   Section        0  motor.o(i.MOTOR_Init)
    i.MPU6050_AccRead                        0x08001bf8   Section        0  mpu6050.o(i.MPU6050_AccRead)
    i.MPU6050_Check                          0x08001c88   Section        0  mpu6050.o(i.MPU6050_Check)
    i.MPU6050_GyroRead                       0x08001cb8   Section        0  mpu6050.o(i.MPU6050_GyroRead)
    i.MPU6050_Init                           0x08001d60   Section        0  mpu6050.o(i.MPU6050_Init)
    i.MPU6050_OffSet                         0x08001db0   Section        0  mpu6050.o(i.MPU6050_OffSet)
    i.MPU6050_Offset                         0x08001e70   Section        0  mpu6050.o(i.MPU6050_Offset)
    i.MPU6050_Read                           0x08001f88   Section        0  mpu6050.o(i.MPU6050_Read)
    i.MPU6050_ReadByte                       0x08001f9c   Section        0  mpu6050.o(i.MPU6050_ReadByte)
    i.MPU6050_ReadMultBytes                  0x08001fb6   Section        0  mpu6050.o(i.MPU6050_ReadMultBytes)
    i.MPU6050_WriteByte                      0x08001fd4   Section        0  mpu6050.o(i.MPU6050_WriteByte)
    i.MPU6050_getDeviceID                    0x08001fee   Section        0  mpu6050.o(i.MPU6050_getDeviceID)
    i.MPU6050_testConnection                 0x08001ffe   Section        0  mpu6050.o(i.MPU6050_testConnection)
    i.Moto_Pwm                               0x08002010   Section        0  motor.o(i.Moto_Pwm)
    i.NVIC_Init                              0x08002078   Section        0  misc.o(i.NVIC_Init)
    i.NVIC_PriorityGroupConfig               0x080020e8   Section        0  misc.o(i.NVIC_PriorityGroupConfig)
    i.NvicConfig                             0x080020fc   Section        0  nvic.o(i.NvicConfig)
    i.PID_Postion_Cal                        0x080021b0   Section        0  pid.o(i.PID_Postion_Cal)
    i.PidParameter_init                      0x0800229c   Section        0  pid.o(i.PidParameter_init)
    i.Prepare_Data                           0x0800238c   Section        0  imu.o(i.Prepare_Data)
    i.RCC_APB1PeriphClockCmd                 0x0800241c   Section        0  stm32f10x_rcc.o(i.RCC_APB1PeriphClockCmd)
    i.RCC_APB2PeriphClockCmd                 0x0800243c   Section        0  stm32f10x_rcc.o(i.RCC_APB2PeriphClockCmd)
    i.RCC_GetClocksFreq                      0x0800245c   Section        0  stm32f10x_rcc.o(i.RCC_GetClocksFreq)
    i.Remote_Data_ReceiveAnalysis            0x08002530   Section        0  rc.o(i.Remote_Data_ReceiveAnalysis)
    i.SDA_IN                                 0x0800262c   Section        0  iic.o(i.SDA_IN)
    i.SDA_OUT                                0x08002650   Section        0  iic.o(i.SDA_OUT)
    i.SetSysClock                            0x0800267c   Section        0  system_stm32f10x.o(i.SetSysClock)
    SetSysClock                              0x0800267d   Thumb Code     8  system_stm32f10x.o(i.SetSysClock)
    i.SetSysClockTo72                        0x08002684   Section        0  system_stm32f10x.o(i.SetSysClockTo72)
    SetSysClockTo72                          0x08002685   Thumb Code   214  system_stm32f10x.o(i.SetSysClockTo72)
    i.SysTick_CLKSourceConfig                0x08002764   Section        0  misc.o(i.SysTick_CLKSourceConfig)
    i.SystemInit                             0x0800278c   Section        0  system_stm32f10x.o(i.SystemInit)
    i.System_Init                            0x080027ec   Section        0  system.o(i.System_Init)
    i.TI1_Config                             0x0800281c   Section        0  stm32f10x_tim.o(i.TI1_Config)
    TI1_Config                               0x0800281d   Thumb Code   108  stm32f10x_tim.o(i.TI1_Config)
    i.TI2_Config                             0x0800289c   Section        0  stm32f10x_tim.o(i.TI2_Config)
    TI2_Config                               0x0800289d   Thumb Code   130  stm32f10x_tim.o(i.TI2_Config)
    i.TI3_Config                             0x08002934   Section        0  stm32f10x_tim.o(i.TI3_Config)
    TI3_Config                               0x08002935   Thumb Code   122  stm32f10x_tim.o(i.TI3_Config)
    i.TI4_Config                             0x080029c4   Section        0  stm32f10x_tim.o(i.TI4_Config)
    TI4_Config                               0x080029c5   Thumb Code   130  stm32f10x_tim.o(i.TI4_Config)
    i.TIM1_CC_IRQHandler                     0x08002a5c   Section        0  scheduler.o(i.TIM1_CC_IRQHandler)
    i.TIM2_IRQHandler                        0x08002af0   Section        0  scheduler.o(i.TIM2_IRQHandler)
    i.TIM4_IRQHandler                        0x08002c6c   Section        0  scheduler.o(i.TIM4_IRQHandler)
    i.TIM_ClearFlag                          0x08002dc8   Section        0  stm32f10x_tim.o(i.TIM_ClearFlag)
    i.TIM_ClearITPendingBit                  0x08002dce   Section        0  stm32f10x_tim.o(i.TIM_ClearITPendingBit)
    i.TIM_Cmd                                0x08002dd4   Section        0  stm32f10x_tim.o(i.TIM_Cmd)
    i.TIM_GetCapture1                        0x08002dec   Section        0  stm32f10x_tim.o(i.TIM_GetCapture1)
    i.TIM_GetCapture2                        0x08002df2   Section        0  stm32f10x_tim.o(i.TIM_GetCapture2)
    i.TIM_GetCapture3                        0x08002df8   Section        0  stm32f10x_tim.o(i.TIM_GetCapture3)
    i.TIM_GetCapture4                        0x08002dfe   Section        0  stm32f10x_tim.o(i.TIM_GetCapture4)
    i.TIM_GetITStatus                        0x08002e06   Section        0  stm32f10x_tim.o(i.TIM_GetITStatus)
    i.TIM_ICInit                             0x08002e28   Section        0  stm32f10x_tim.o(i.TIM_ICInit)
    i.TIM_ITConfig                           0x08002ed4   Section        0  stm32f10x_tim.o(i.TIM_ITConfig)
    i.TIM_Init                               0x08002ee8   Section        0  tim.o(i.TIM_Init)
    i.TIM_OC1Init                            0x08002f2c   Section        0  stm32f10x_tim.o(i.TIM_OC1Init)
    i.TIM_OC1PolarityConfig                  0x08002fc4   Section        0  stm32f10x_tim.o(i.TIM_OC1PolarityConfig)
    i.TIM_OC1PreloadConfig                   0x08002fd6   Section        0  stm32f10x_tim.o(i.TIM_OC1PreloadConfig)
    i.TIM_OC2Init                            0x08002fe8   Section        0  stm32f10x_tim.o(i.TIM_OC2Init)
    i.TIM_OC2PolarityConfig                  0x0800308c   Section        0  stm32f10x_tim.o(i.TIM_OC2PolarityConfig)
    i.TIM_OC2PreloadConfig                   0x080030a6   Section        0  stm32f10x_tim.o(i.TIM_OC2PreloadConfig)
    i.TIM_OC3Init                            0x080030c0   Section        0  stm32f10x_tim.o(i.TIM_OC3Init)
    i.TIM_OC3PolarityConfig                  0x08003160   Section        0  stm32f10x_tim.o(i.TIM_OC3PolarityConfig)
    i.TIM_OC3PreloadConfig                   0x0800317a   Section        0  stm32f10x_tim.o(i.TIM_OC3PreloadConfig)
    i.TIM_OC4Init                            0x0800318c   Section        0  stm32f10x_tim.o(i.TIM_OC4Init)
    i.TIM_OC4PolarityConfig                  0x08003208   Section        0  stm32f10x_tim.o(i.TIM_OC4PolarityConfig)
    i.TIM_OC4PreloadConfig                   0x08003222   Section        0  stm32f10x_tim.o(i.TIM_OC4PreloadConfig)
    i.TIM_SetIC1Prescaler                    0x0800323c   Section        0  stm32f10x_tim.o(i.TIM_SetIC1Prescaler)
    i.TIM_SetIC2Prescaler                    0x0800324e   Section        0  stm32f10x_tim.o(i.TIM_SetIC2Prescaler)
    i.TIM_SetIC3Prescaler                    0x08003268   Section        0  stm32f10x_tim.o(i.TIM_SetIC3Prescaler)
    i.TIM_SetIC4Prescaler                    0x0800327a   Section        0  stm32f10x_tim.o(i.TIM_SetIC4Prescaler)
    i.TIM_TimeBaseInit                       0x08003294   Section        0  stm32f10x_tim.o(i.TIM_TimeBaseInit)
    i.Task_Schedule                          0x08003338   Section        0  system.o(i.Task_Schedule)
    i.USART1_IRQHandler                      0x080034b4   Section        0  scheduler.o(i.USART1_IRQHandler)
    i.USART_ClearITPendingBit                0x080034f0   Section        0  stm32f10x_usart.o(i.USART_ClearITPendingBit)
    i.USART_Cmd                              0x0800350e   Section        0  stm32f10x_usart.o(i.USART_Cmd)
    i.USART_GetITStatus                      0x08003526   Section        0  stm32f10x_usart.o(i.USART_GetITStatus)
    i.USART_ITConfig                         0x0800357a   Section        0  stm32f10x_usart.o(i.USART_ITConfig)
    i.USART_Init                             0x080035c4   Section        0  stm32f10x_usart.o(i.USART_Init)
    i.USART_init                             0x0800369c   Section        0  usart.o(i.USART_init)
    i.__0printf$bare                         0x08003730   Section        0  printfb.o(i.__0printf$bare)
    i.__ARM_fpclassify                       0x08003740   Section        0  fpclassify.o(i.__ARM_fpclassify)
    i.__kernel_poly                          0x08003768   Section        0  poly.o(i.__kernel_poly)
    i.__mathlib_dbl_infnan                   0x08003812   Section        0  dunder.o(i.__mathlib_dbl_infnan)
    i.__mathlib_dbl_infnan2                  0x08003818   Section        0  dunder.o(i.__mathlib_dbl_infnan2)
    i.__mathlib_dbl_invalid                  0x0800381c   Section        0  dunder.o(i.__mathlib_dbl_invalid)
    i.__mathlib_dbl_underflow                0x08003828   Section        0  dunder.o(i.__mathlib_dbl_underflow)
    i.__scatterload_copy                     0x08003838   Section       14  handlers.o(i.__scatterload_copy)
    i.__scatterload_null                     0x08003846   Section        2  handlers.o(i.__scatterload_null)
    i.__scatterload_zeroinit                 0x08003848   Section       14  handlers.o(i.__scatterload_zeroinit)
    i.__set_errno                            0x08003858   Section        0  errno.o(i.__set_errno)
    i._printf_core                           0x08003864   Section        0  printfb.o(i._printf_core)
    _printf_core                             0x08003865   Thumb Code    34  printfb.o(i._printf_core)
    i.asin                                   0x08003888   Section        0  asin.o(i.asin)
    i.atan                                   0x08003af8   Section        0  atan.o(i.atan)
    i.atan2                                  0x08003d18   Section        0  atan2.o(i.atan2)
    i.fputc                                  0x08003e98   Section        0  usart.o(i.fputc)
    i.invSqrt                                0x08003eb4   Section        0  mymath.o(i.invSqrt)
    i.kalman_1                               0x08003f00   Section        0  kalman.o(i.kalman_1)
    i.main                                   0x08003f58   Section        0  main.o(i.main)
    i.sqrt                                   0x08003f64   Section        0  sqrt.o(i.sqrt)
    .constdata                               0x08003fb0   Section       80  asin.o(.constdata)
    pS                                       0x08003fb0   Data          48  asin.o(.constdata)
    qS                                       0x08003fe0   Data          32  asin.o(.constdata)
    .constdata                               0x08004000   Section      152  atan.o(.constdata)
    atanhi                                   0x08004000   Data          32  atan.o(.constdata)
    atanlo                                   0x08004020   Data          32  atan.o(.constdata)
    aTodd                                    0x08004040   Data          40  atan.o(.constdata)
    aTeven                                   0x08004068   Data          48  atan.o(.constdata)
    .constdata                               0x08004098   Section        8  qnan.o(.constdata)
    .data                                    0x20000000   Section       24  scheduler.o(.data)
    ms2                                      0x2000000a   Data           2  scheduler.o(.data)
    ms5                                      0x2000000c   Data           2  scheduler.o(.data)
    ms10                                     0x2000000e   Data           2  scheduler.o(.data)
    ms20                                     0x20000010   Data           2  scheduler.o(.data)
    ms100                                    0x20000012   Data           2  scheduler.o(.data)
    ms200                                    0x20000014   Data           2  scheduler.o(.data)
    ms400                                    0x20000016   Data           2  scheduler.o(.data)
    .data                                    0x20000018   Section        1  led.o(.data)
    .data                                    0x2000001a   Section        4  delay.o(.data)
    D_us                                     0x2000001a   Data           1  delay.o(.data)
    D_ms                                     0x2000001c   Data           2  delay.o(.data)
    .data                                    0x20000020   Section      114  mpu6050.o(.data)
    ekf                                      0x2000003c   Data          72  mpu6050.o(.data)
    tempgx                                   0x20000084   Data           4  mpu6050.o(.data)
    tempgy                                   0x20000088   Data           4  mpu6050.o(.data)
    tempgz                                   0x2000008c   Data           4  mpu6050.o(.data)
    cnt_a                                    0x20000090   Data           2  mpu6050.o(.data)
    .data                                    0x20000094   Section       20  filter.o(.data)
    cnt                                      0x20000094   Data           1  filter.o(.data)
    flag                                     0x20000095   Data           1  filter.o(.data)
    cnt                                      0x20000096   Data           1  filter.o(.data)
    flag                                     0x20000097   Data           1  filter.o(.data)
    old_data                                 0x20000098   Data           4  filter.o(.data)
    old_data_2                               0x2000009c   Data           4  filter.o(.data)
    old_data_3                               0x200000a0   Data           4  filter.o(.data)
    old_data_4                               0x200000a4   Data           4  filter.o(.data)
    .data                                    0x200000a8   Section       32  imu.o(.data)
    .data                                    0x200000c8   Section       40  control.o(.data)
    .data                                    0x200000f0   Section        4  usart.o(.data)
    .data                                    0x200000f4   Section       40  rc.o(.data)
    .data                                    0x2000011c   Section       20  stm32f10x_rcc.o(.data)
    APBAHBPrescTable                         0x2000011c   Data          16  stm32f10x_rcc.o(.data)
    ADCPrescTable                            0x2000012c   Data           4  stm32f10x_rcc.o(.data)
    .data                                    0x20000130   Section       20  system_stm32f10x.o(.data)
    .data                                    0x20000144   Section        4  errno.o(.data)
    _errno                                   0x20000144   Data           4  errno.o(.data)
    .bss                                     0x20000148   Section       28  mpu6050.o(.bss)
    MPU6050_buff                             0x20000148   Data          14  mpu6050.o(.bss)
    tBuff                                    0x20000158   Data          12  mpu6050.o(.bss)
    .bss                                     0x20000164   Section      120  imu.o(.bss)
    .bss                                     0x200001dc   Section      360  control.o(.bss)
    .bss                                     0x20000344   Section       10  rc.o(.bss)
    STACK                                    0x20000350   Section     1024  startup_stm32f10x_md.o(STACK)

    Global Symbols

    Symbol Name                              Value     Ov Type        Size  Object(Section)

    BuildAttributes$$THM_ISAv4$P$D$K$B$S$PE$A:L22UL41UL21$X:L11$S22US41US21$IEEE1$IW$USESV6$~STKCKD$USESV7$~SHL$OTIME$ROPI$IEEEX$EBA8$MICROLIB$REQ8$PRES8$EABIv2 0x00000000   Number         0  anon$$obj.o ABSOLUTE
    __ARM_use_no_argv                        0x00000000   Number         0  main.o ABSOLUTE
    __use_no_errno                           0x00000000   Number         0  useno.o ABSOLUTE
    __use_no_exception_handling              0x00000000   Number         0  useno.o ABSOLUTE
    __use_no_fp                              0x00000000   Number         0  useno.o ABSOLUTE
    __use_no_heap                            0x00000000   Number         0  useno.o ABSOLUTE
    __use_no_heap_region                     0x00000000   Number         0  useno.o ABSOLUTE
    __use_no_semihosting                     0x00000000   Number         0  useno.o ABSOLUTE
    __use_no_semihosting_swi                 0x00000000   Number         0  useno.o ABSOLUTE
    __use_no_signal_handling                 0x00000000   Number         0  useno.o ABSOLUTE
    __cpp_initialize__aeabi_                  - Undefined Weak Reference
    __cxa_finalize                            - Undefined Weak Reference
    _clock_init                               - Undefined Weak Reference
    _microlib_exit                            - Undefined Weak Reference
    __Vectors_Size                           0x000000ec   Number         0  startup_stm32f10x_md.o ABSOLUTE
    __Vectors                                0x08000000   Data           4  startup_stm32f10x_md.o(RESET)
    __Vectors_End                            0x080000ec   Data           0  startup_stm32f10x_md.o(RESET)
    __main                                   0x080000ed   Thumb Code     0  entry.o(.ARM.Collect$$$$00000000)
    _main_stk                                0x080000ed   Thumb Code     0  entry2.o(.ARM.Collect$$$$00000001)
    _main_scatterload                        0x080000f1   Thumb Code     0  entry5.o(.ARM.Collect$$$$00000004)
    __main_after_scatterload                 0x080000f5   Thumb Code     0  entry5.o(.ARM.Collect$$$$00000004)
    _main_clock                              0x080000f5   Thumb Code     0  entry7b.o(.ARM.Collect$$$$00000008)
    _main_cpp_init                           0x080000f5   Thumb Code     0  entry8b.o(.ARM.Collect$$$$0000000A)
    _main_init                               0x080000f5   Thumb Code     0  entry9a.o(.ARM.Collect$$$$0000000B)
    __rt_final_cpp                           0x080000fd   Thumb Code     0  entry10a.o(.ARM.Collect$$$$0000000D)
    __rt_final_exit                          0x080000fd   Thumb Code     0  entry11a.o(.ARM.Collect$$$$0000000F)
    Reset_Handler                            0x08000101   Thumb Code     8  startup_stm32f10x_md.o(.text)
    NMI_Handler                              0x08000109   Thumb Code     2  startup_stm32f10x_md.o(.text)
    HardFault_Handler                        0x0800010b   Thumb Code     2  startup_stm32f10x_md.o(.text)
    MemManage_Handler                        0x0800010d   Thumb Code     2  startup_stm32f10x_md.o(.text)
    BusFault_Handler                         0x0800010f   Thumb Code     2  startup_stm32f10x_md.o(.text)
    UsageFault_Handler                       0x08000111   Thumb Code     2  startup_stm32f10x_md.o(.text)
    SVC_Handler                              0x08000113   Thumb Code     2  startup_stm32f10x_md.o(.text)
    DebugMon_Handler                         0x08000115   Thumb Code     2  startup_stm32f10x_md.o(.text)
    PendSV_Handler                           0x08000117   Thumb Code     2  startup_stm32f10x_md.o(.text)
    SysTick_Handler                          0x08000119   Thumb Code     2  startup_stm32f10x_md.o(.text)
    ADC1_2_IRQHandler                        0x0800011b   Thumb Code     0  startup_stm32f10x_md.o(.text)
    CAN1_RX1_IRQHandler                      0x0800011b   Thumb Code     0  startup_stm32f10x_md.o(.text)
    CAN1_SCE_IRQHandler                      0x0800011b   Thumb Code     0  startup_stm32f10x_md.o(.text)
    DMA1_Channel1_IRQHandler                 0x0800011b   Thumb Code     0  startup_stm32f10x_md.o(.text)
    DMA1_Channel2_IRQHandler                 0x0800011b   Thumb Code     0  startup_stm32f10x_md.o(.text)
    DMA1_Channel3_IRQHandler                 0x0800011b   Thumb Code     0  startup_stm32f10x_md.o(.text)
    DMA1_Channel4_IRQHandler                 0x0800011b   Thumb Code     0  startup_stm32f10x_md.o(.text)
    DMA1_Channel5_IRQHandler                 0x0800011b   Thumb Code     0  startup_stm32f10x_md.o(.text)
    DMA1_Channel6_IRQHandler                 0x0800011b   Thumb Code     0  startup_stm32f10x_md.o(.text)
    DMA1_Channel7_IRQHandler                 0x0800011b   Thumb Code     0  startup_stm32f10x_md.o(.text)
    EXTI0_IRQHandler                         0x0800011b   Thumb Code     0  startup_stm32f10x_md.o(.text)
    EXTI15_10_IRQHandler                     0x0800011b   Thumb Code     0  startup_stm32f10x_md.o(.text)
    EXTI1_IRQHandler                         0x0800011b   Thumb Code     0  startup_stm32f10x_md.o(.text)
    EXTI2_IRQHandler                         0x0800011b   Thumb Code     0  startup_stm32f10x_md.o(.text)
    EXTI3_IRQHandler                         0x0800011b   Thumb Code     0  startup_stm32f10x_md.o(.text)
    EXTI4_IRQHandler                         0x0800011b   Thumb Code     0  startup_stm32f10x_md.o(.text)
    EXTI9_5_IRQHandler                       0x0800011b   Thumb Code     0  startup_stm32f10x_md.o(.text)
    FLASH_IRQHandler                         0x0800011b   Thumb Code     0  startup_stm32f10x_md.o(.text)
    I2C1_ER_IRQHandler                       0x0800011b   Thumb Code     0  startup_stm32f10x_md.o(.text)
    I2C1_EV_IRQHandler                       0x0800011b   Thumb Code     0  startup_stm32f10x_md.o(.text)
    I2C2_ER_IRQHandler                       0x0800011b   Thumb Code     0  startup_stm32f10x_md.o(.text)
    I2C2_EV_IRQHandler                       0x0800011b   Thumb Code     0  startup_stm32f10x_md.o(.text)
    PVD_IRQHandler                           0x0800011b   Thumb Code     0  startup_stm32f10x_md.o(.text)
    RCC_IRQHandler                           0x0800011b   Thumb Code     0  startup_stm32f10x_md.o(.text)
    RTCAlarm_IRQHandler                      0x0800011b   Thumb Code     0  startup_stm32f10x_md.o(.text)
    RTC_IRQHandler                           0x0800011b   Thumb Code     0  startup_stm32f10x_md.o(.text)
    SPI1_IRQHandler                          0x0800011b   Thumb Code     0  startup_stm32f10x_md.o(.text)
    SPI2_IRQHandler                          0x0800011b   Thumb Code     0  startup_stm32f10x_md.o(.text)
    TAMPER_IRQHandler                        0x0800011b   Thumb Code     0  startup_stm32f10x_md.o(.text)
    TIM1_BRK_IRQHandler                      0x0800011b   Thumb Code     0  startup_stm32f10x_md.o(.text)
    TIM1_TRG_COM_IRQHandler                  0x0800011b   Thumb Code     0  startup_stm32f10x_md.o(.text)
    TIM1_UP_IRQHandler                       0x0800011b   Thumb Code     0  startup_stm32f10x_md.o(.text)
    TIM3_IRQHandler                          0x0800011b   Thumb Code     0  startup_stm32f10x_md.o(.text)
    USART2_IRQHandler                        0x0800011b   Thumb Code     0  startup_stm32f10x_md.o(.text)
    USART3_IRQHandler                        0x0800011b   Thumb Code     0  startup_stm32f10x_md.o(.text)
    USBWakeUp_IRQHandler                     0x0800011b   Thumb Code     0  startup_stm32f10x_md.o(.text)
    USB_HP_CAN1_TX_IRQHandler                0x0800011b   Thumb Code     0  startup_stm32f10x_md.o(.text)
    USB_LP_CAN1_RX0_IRQHandler               0x0800011b   Thumb Code     0  startup_stm32f10x_md.o(.text)
    WWDG_IRQHandler                          0x0800011b   Thumb Code     0  startup_stm32f10x_md.o(.text)
    __aeabi_fadd                             0x08000125   Thumb Code   164  fadd.o(.text)
    __aeabi_fsub                             0x080001c9   Thumb Code     6  fadd.o(.text)
    __aeabi_frsub                            0x080001cf   Thumb Code     6  fadd.o(.text)
    __aeabi_fmul                             0x080001d5   Thumb Code   100  fmul.o(.text)
    __aeabi_fdiv                             0x08000239   Thumb Code   124  fdiv.o(.text)
    __aeabi_dadd                             0x080002b5   Thumb Code   322  dadd.o(.text)
    __aeabi_dsub                             0x080003f7   Thumb Code     6  dadd.o(.text)
    __aeabi_drsub                            0x080003fd   Thumb Code     6  dadd.o(.text)
    __aeabi_dmul                             0x08000403   Thumb Code   228  dmul.o(.text)
    __aeabi_ddiv                             0x080004e7   Thumb Code   222  ddiv.o(.text)
    __aeabi_i2f                              0x080005c5   Thumb Code    18  fflti.o(.text)
    __aeabi_ui2f                             0x080005d7   Thumb Code    10  ffltui.o(.text)
    __aeabi_f2iz                             0x080005e1   Thumb Code    50  ffixi.o(.text)
    __aeabi_f2d                              0x08000613   Thumb Code    38  f2d.o(.text)
    __aeabi_cdcmpeq                          0x08000639   Thumb Code     0  cdcmple.o(.text)
    __aeabi_cdcmple                          0x08000639   Thumb Code    48  cdcmple.o(.text)
    __aeabi_d2f                              0x08000669   Thumb Code    56  d2f.o(.text)
    __aeabi_cfcmpeq                          0x080006a1   Thumb Code     0  cfcmple.o(.text)
    __aeabi_cfcmple                          0x080006a1   Thumb Code    20  cfcmple.o(.text)
    __aeabi_cfrcmple                         0x080006b5   Thumb Code    20  cfrcmple.o(.text)
    __aeabi_llsl                             0x080006c9   Thumb Code    30  llshl.o(.text)
    _ll_shift_l                              0x080006c9   Thumb Code     0  llshl.o(.text)
    __aeabi_lasr                             0x080006e7   Thumb Code    36  llsshr.o(.text)
    _ll_sshift_r                             0x080006e7   Thumb Code     0  llsshr.o(.text)
    __I$use$fp                               0x0800070b   Thumb Code     0  iusefp.o(.text)
    _float_round                             0x0800070b   Thumb Code    18  fepilogue.o(.text)
    _float_epilogue                          0x0800071d   Thumb Code    92  fepilogue.o(.text)
    _double_round                            0x08000779   Thumb Code    30  depilogue.o(.text)
    _double_epilogue                         0x08000797   Thumb Code   156  depilogue.o(.text)
    __ARM_scalbn                             0x08000833   Thumb Code    46  dscalb.o(.text)
    scalbn                                   0x08000833   Thumb Code     0  dscalb.o(.text)
    __scatterload                            0x08000861   Thumb Code    28  init.o(.text)
    __scatterload_rt2                        0x08000861   Thumb Code     0  init.o(.text)
    __aeabi_llsr                             0x08000885   Thumb Code    32  llushr.o(.text)
    _ll_ushift_r                             0x08000885   Thumb Code     0  llushr.o(.text)
    _dsqrt                                   0x080008a5   Thumb Code   162  dsqrt.o(.text)
    __decompress                             0x08000947   Thumb Code     0  __dczerorl2.o(.text)
    __decompress1                            0x08000947   Thumb Code    86  __dczerorl2.o(.text)
    Control                                  0x0800099d   Thumb Code   800  control.o(i.Control)
    Delay_Init                               0x08000d11   Thumb Code    50  delay.o(i.Delay_Init)
    Delay_ms                                 0x08000d55   Thumb Code    66  delay.o(i.Delay_ms)
    Delay_us                                 0x08000d9d   Thumb Code    66  delay.o(i.Delay_us)
    GENERAL_TIM_Init                         0x08000e0d   Thumb Code    12  rc.o(i.GENERAL_TIM_Init)
    GPIO_Init                                0x08000f6d   Thumb Code   278  stm32f10x_gpio.o(i.GPIO_Init)
    GPIO_ResetBits                           0x08001083   Thumb Code     4  stm32f10x_gpio.o(i.GPIO_ResetBits)
    GPIO_SetBits                             0x08001087   Thumb Code     4  stm32f10x_gpio.o(i.GPIO_SetBits)
    IIC_Ack                                  0x0800108d   Thumb Code    46  iic.o(i.IIC_Ack)
    IIC_GPIO_Init                            0x080010c1   Thumb Code    46  iic.o(i.IIC_GPIO_Init)
    IIC_NAck                                 0x080010f5   Thumb Code    48  iic.o(i.IIC_NAck)
    IIC_ReadByte                             0x08001129   Thumb Code    84  iic.o(i.IIC_ReadByte)
    IIC_ReadByteFromSlave                    0x08001181   Thumb Code    74  iic.o(i.IIC_ReadByteFromSlave)
    IIC_ReadMultByteFromSlave                0x080011cb   Thumb Code   114  iic.o(i.IIC_ReadMultByteFromSlave)
    IIC_SendByte                             0x0800123d   Thumb Code    86  iic.o(i.IIC_SendByte)
    IIC_Start                                0x08001299   Thumb Code    46  iic.o(i.IIC_Start)
    IIC_Stop                                 0x080012cd   Thumb Code    42  iic.o(i.IIC_Stop)
    IIC_WaitAck                              0x080012fd   Thumb Code    76  iic.o(i.IIC_WaitAck)
    IIC_WriteByteToSlave                     0x0800134d   Thumb Code    70  iic.o(i.IIC_WriteByteToSlave)
    IMUupdate                                0x08001395   Thumb Code  1342  imu.o(i.IMUupdate)
    LED_Init                                 0x080018e5   Thumb Code   116  led.o(i.LED_Init)
    Lowpass_Filter_PITCH                     0x08001961   Thumb Code    80  filter.o(i.Lowpass_Filter_PITCH)
    Lowpass_Filter_ROLL                      0x080019c1   Thumb Code    80  filter.o(i.Lowpass_Filter_ROLL)
    Lowpass_Filter_THROTTLE                  0x08001a21   Thumb Code    80  filter.o(i.Lowpass_Filter_THROTTLE)
    Lowpass_Filter_YAW                       0x08001a81   Thumb Code    80  filter.o(i.Lowpass_Filter_YAW)
    MOTOR_Init                               0x08001ae1   Thumb Code   268  motor.o(i.MOTOR_Init)
    MPU6050_AccRead                          0x08001bf9   Thumb Code   134  mpu6050.o(i.MPU6050_AccRead)
    MPU6050_Check                            0x08001c89   Thumb Code    20  mpu6050.o(i.MPU6050_Check)
    MPU6050_GyroRead                         0x08001cb9   Thumb Code   150  mpu6050.o(i.MPU6050_GyroRead)
    MPU6050_Init                             0x08001d61   Thumb Code    78  mpu6050.o(i.MPU6050_Init)
    MPU6050_OffSet                           0x08001db1   Thumb Code   176  mpu6050.o(i.MPU6050_OffSet)
    MPU6050_Offset                           0x08001e71   Thumb Code   256  mpu6050.o(i.MPU6050_Offset)
    MPU6050_Read                             0x08001f89   Thumb Code    14  mpu6050.o(i.MPU6050_Read)
    MPU6050_ReadByte                         0x08001f9d   Thumb Code    26  mpu6050.o(i.MPU6050_ReadByte)
    MPU6050_ReadMultBytes                    0x08001fb7   Thumb Code    30  mpu6050.o(i.MPU6050_ReadMultBytes)
    MPU6050_WriteByte                        0x08001fd5   Thumb Code    26  mpu6050.o(i.MPU6050_WriteByte)
    MPU6050_getDeviceID                      0x08001fef   Thumb Code    16  mpu6050.o(i.MPU6050_getDeviceID)
    MPU6050_testConnection                   0x08001fff   Thumb Code    18  mpu6050.o(i.MPU6050_testConnection)
    Moto_Pwm                                 0x08002011   Thumb Code   100  motor.o(i.Moto_Pwm)
    NVIC_Init                                0x08002079   Thumb Code   100  misc.o(i.NVIC_Init)
    NVIC_PriorityGroupConfig                 0x080020e9   Thumb Code    10  misc.o(i.NVIC_PriorityGroupConfig)
    NvicConfig                               0x080020fd   Thumb Code   180  nvic.o(i.NvicConfig)
    PID_Postion_Cal                          0x080021b1   Thumb Code   232  pid.o(i.PID_Postion_Cal)
    PidParameter_init                        0x0800229d   Thumb Code   168  pid.o(i.PidParameter_init)
    Prepare_Data                             0x0800238d   Thumb Code   124  imu.o(i.Prepare_Data)
    RCC_APB1PeriphClockCmd                   0x0800241d   Thumb Code    26  stm32f10x_rcc.o(i.RCC_APB1PeriphClockCmd)
    RCC_APB2PeriphClockCmd                   0x0800243d   Thumb Code    26  stm32f10x_rcc.o(i.RCC_APB2PeriphClockCmd)
    RCC_GetClocksFreq                        0x0800245d   Thumb Code   192  stm32f10x_rcc.o(i.RCC_GetClocksFreq)
    Remote_Data_ReceiveAnalysis              0x08002531   Thumb Code   232  rc.o(i.Remote_Data_ReceiveAnalysis)
    SDA_IN                                   0x0800262d   Thumb Code    32  iic.o(i.SDA_IN)
    SDA_OUT                                  0x08002651   Thumb Code    38  iic.o(i.SDA_OUT)
    SysTick_CLKSourceConfig                  0x08002765   Thumb Code    40  misc.o(i.SysTick_CLKSourceConfig)
    SystemInit                               0x0800278d   Thumb Code    78  system_stm32f10x.o(i.SystemInit)
    System_Init                              0x080027ed   Thumb Code    48  system.o(i.System_Init)
    TIM1_CC_IRQHandler                       0x08002a5d   Thumb Code   136  scheduler.o(i.TIM1_CC_IRQHandler)
    TIM2_IRQHandler                          0x08002af1   Thumb Code   362  scheduler.o(i.TIM2_IRQHandler)
    TIM4_IRQHandler                          0x08002c6d   Thumb Code   290  scheduler.o(i.TIM4_IRQHandler)
    TIM_ClearFlag                            0x08002dc9   Thumb Code     6  stm32f10x_tim.o(i.TIM_ClearFlag)
    TIM_ClearITPendingBit                    0x08002dcf   Thumb Code     6  stm32f10x_tim.o(i.TIM_ClearITPendingBit)
    TIM_Cmd                                  0x08002dd5   Thumb Code    24  stm32f10x_tim.o(i.TIM_Cmd)
    TIM_GetCapture1                          0x08002ded   Thumb Code     6  stm32f10x_tim.o(i.TIM_GetCapture1)
    TIM_GetCapture2                          0x08002df3   Thumb Code     6  stm32f10x_tim.o(i.TIM_GetCapture2)
    TIM_GetCapture3                          0x08002df9   Thumb Code     6  stm32f10x_tim.o(i.TIM_GetCapture3)
    TIM_GetCapture4                          0x08002dff   Thumb Code     8  stm32f10x_tim.o(i.TIM_GetCapture4)
    TIM_GetITStatus                          0x08002e07   Thumb Code    34  stm32f10x_tim.o(i.TIM_GetITStatus)
    TIM_ICInit                               0x08002e29   Thumb Code   150  stm32f10x_tim.o(i.TIM_ICInit)
    TIM_ITConfig                             0x08002ed5   Thumb Code    18  stm32f10x_tim.o(i.TIM_ITConfig)
    TIM_Init                                 0x08002ee9   Thumb Code    62  tim.o(i.TIM_Init)
    TIM_OC1Init                              0x08002f2d   Thumb Code   132  stm32f10x_tim.o(i.TIM_OC1Init)
    TIM_OC1PolarityConfig                    0x08002fc5   Thumb Code    18  stm32f10x_tim.o(i.TIM_OC1PolarityConfig)
    TIM_OC1PreloadConfig                     0x08002fd7   Thumb Code    18  stm32f10x_tim.o(i.TIM_OC1PreloadConfig)
    TIM_OC2Init                              0x08002fe9   Thumb Code   154  stm32f10x_tim.o(i.TIM_OC2Init)
    TIM_OC2PolarityConfig                    0x0800308d   Thumb Code    26  stm32f10x_tim.o(i.TIM_OC2PolarityConfig)
    TIM_OC2PreloadConfig                     0x080030a7   Thumb Code    26  stm32f10x_tim.o(i.TIM_OC2PreloadConfig)
    TIM_OC3Init                              0x080030c1   Thumb Code   150  stm32f10x_tim.o(i.TIM_OC3Init)
    TIM_OC3PolarityConfig                    0x08003161   Thumb Code    26  stm32f10x_tim.o(i.TIM_OC3PolarityConfig)
    TIM_OC3PreloadConfig                     0x0800317b   Thumb Code    18  stm32f10x_tim.o(i.TIM_OC3PreloadConfig)
    TIM_OC4Init                              0x0800318d   Thumb Code   114  stm32f10x_tim.o(i.TIM_OC4Init)
    TIM_OC4PolarityConfig                    0x08003209   Thumb Code    26  stm32f10x_tim.o(i.TIM_OC4PolarityConfig)
    TIM_OC4PreloadConfig                     0x08003223   Thumb Code    26  stm32f10x_tim.o(i.TIM_OC4PreloadConfig)
    TIM_SetIC1Prescaler                      0x0800323d   Thumb Code    18  stm32f10x_tim.o(i.TIM_SetIC1Prescaler)
    TIM_SetIC2Prescaler                      0x0800324f   Thumb Code    26  stm32f10x_tim.o(i.TIM_SetIC2Prescaler)
    TIM_SetIC3Prescaler                      0x08003269   Thumb Code    18  stm32f10x_tim.o(i.TIM_SetIC3Prescaler)
    TIM_SetIC4Prescaler                      0x0800327b   Thumb Code    26  stm32f10x_tim.o(i.TIM_SetIC4Prescaler)
    TIM_TimeBaseInit                         0x08003295   Thumb Code   122  stm32f10x_tim.o(i.TIM_TimeBaseInit)
    Task_Schedule                            0x08003339   Thumb Code   336  system.o(i.Task_Schedule)
    USART1_IRQHandler                        0x080034b5   Thumb Code    54  scheduler.o(i.USART1_IRQHandler)
    USART_ClearITPendingBit                  0x080034f1   Thumb Code    30  stm32f10x_usart.o(i.USART_ClearITPendingBit)
    USART_Cmd                                0x0800350f   Thumb Code    24  stm32f10x_usart.o(i.USART_Cmd)
    USART_GetITStatus                        0x08003527   Thumb Code    84  stm32f10x_usart.o(i.USART_GetITStatus)
    USART_ITConfig                           0x0800357b   Thumb Code    74  stm32f10x_usart.o(i.USART_ITConfig)
    USART_Init                               0x080035c5   Thumb Code   210  stm32f10x_usart.o(i.USART_Init)
    USART_init                               0x0800369d   Thumb Code   138  usart.o(i.USART_init)
    __0printf$bare                           0x08003731   Thumb Code     8  printfb.o(i.__0printf$bare)
    __1printf$bare                           0x08003731   Thumb Code     0  printfb.o(i.__0printf$bare)
    __2printf                                0x08003731   Thumb Code     0  printfb.o(i.__0printf$bare)
    __ARM_fpclassify                         0x08003741   Thumb Code    40  fpclassify.o(i.__ARM_fpclassify)
    __kernel_poly                            0x08003769   Thumb Code   170  poly.o(i.__kernel_poly)
    __mathlib_dbl_infnan                     0x08003813   Thumb Code     6  dunder.o(i.__mathlib_dbl_infnan)
    __mathlib_dbl_infnan2                    0x08003819   Thumb Code     4  dunder.o(i.__mathlib_dbl_infnan2)
    __mathlib_dbl_invalid                    0x0800381d   Thumb Code    12  dunder.o(i.__mathlib_dbl_invalid)
    __mathlib_dbl_underflow                  0x08003829   Thumb Code    10  dunder.o(i.__mathlib_dbl_underflow)
    __scatterload_copy                       0x08003839   Thumb Code    14  handlers.o(i.__scatterload_copy)
    __scatterload_null                       0x08003847   Thumb Code     2  handlers.o(i.__scatterload_null)
    __scatterload_zeroinit                   0x08003849   Thumb Code    14  handlers.o(i.__scatterload_zeroinit)
    __set_errno                              0x08003859   Thumb Code     6  errno.o(i.__set_errno)
    asin                                     0x08003889   Thumb Code   572  asin.o(i.asin)
    atan                                     0x08003af9   Thumb Code   474  atan.o(i.atan)
    atan2                                    0x08003d19   Thumb Code   346  atan2.o(i.atan2)
    fputc                                    0x08003e99   Thumb Code    24  usart.o(i.fputc)
    invSqrt                                  0x08003eb5   Thumb Code    72  mymath.o(i.invSqrt)
    kalman_1                                 0x08003f01   Thumb Code    88  kalman.o(i.kalman_1)
    main                                     0x08003f59   Thumb Code    12  main.o(i.main)
    sqrt                                     0x08003f65   Thumb Code    76  sqrt.o(i.sqrt)
    __mathlib_zero                           0x08004098   Data           8  qnan.o(.constdata)
    Region$$Table$$Base                      0x080040a0   Number         0  anon$$obj.o(Region$$Table)
    Region$$Table$$Limit                     0x080040c0   Number         0  anon$$obj.o(Region$$Table)
    LED_Scan                                 0x20000000   Data           1  scheduler.o(.data)
    IMU_Scan                                 0x20000001   Data           1  scheduler.o(.data)
    MPU_Scan                                 0x20000002   Data           1  scheduler.o(.data)
    IRQ_Scan                                 0x20000003   Data           1  scheduler.o(.data)
    Batt_Scan                                0x20000004   Data           1  scheduler.o(.data)
    muartWaitFlag                            0x20000005   Data           1  scheduler.o(.data)
    lock                                     0x20000006   Data           1  scheduler.o(.data)
    IMU_Init_Flag                            0x20000007   Data           1  scheduler.o(.data)
    Init_Time                                0x20000008   Data           1  scheduler.o(.data)
    loop                                     0x20000018   Data           1  led.o(.data)
    GYRO_OFFSET_RAW                          0x20000020   Data           6  mpu6050.o(.data)
    ACC_OFFSET_RAW                           0x20000026   Data           6  mpu6050.o(.data)
    MPU6050_ACC_RAW                          0x2000002c   Data           6  mpu6050.o(.data)
    MPU6050_GYRO_RAW                         0x20000032   Data           6  mpu6050.o(.data)
    SENSER_OFFSET_FLAG                       0x20000038   Data           1  mpu6050.o(.data)
    AccbUpdate                               0x200000a8   Data           1  imu.o(.data)
    GyrbUpdate                               0x200000a9   Data           1  imu.o(.data)
    q0                                       0x200000ac   Data           4  imu.o(.data)
    q1                                       0x200000b0   Data           4  imu.o(.data)
    q2                                       0x200000b4   Data           4  imu.o(.data)
    q3                                       0x200000b8   Data           4  imu.o(.data)
    exInt                                    0x200000bc   Data           4  imu.o(.data)
    eyInt                                    0x200000c0   Data           4  imu.o(.data)
    ezInt                                    0x200000c4   Data           4  imu.o(.data)
    Pre_THROTTLE                             0x200000c8   Data           4  control.o(.data)
    THROTTLE                                 0x200000cc   Data           4  control.o(.data)
    Moto_PWM_1                               0x200000d0   Data           4  control.o(.data)
    Moto_PWM_2                               0x200000d4   Data           4  control.o(.data)
    Moto_PWM_3                               0x200000d8   Data           4  control.o(.data)
    Moto_PWM_4                               0x200000dc   Data           4  control.o(.data)
    SI24R1_Controlflag                       0x200000e0   Data           1  control.o(.data)
    Airplane_Enable                          0x200000e1   Data           1  control.o(.data)
    RC_middle                                0x200000e2   Data           1  control.o(.data)
    RC_middle_num                            0x200000e3   Data           1  control.o(.data)
    RC_ROLL_mid                              0x200000e4   Data           4  control.o(.data)
    RC_PITCH_mid                             0x200000e8   Data           4  control.o(.data)
    RC_YAW_mid                               0x200000ec   Data           4  control.o(.data)
    __stdout                                 0x200000f0   Data           4  usart.o(.data)
    TIM_ICUserValueStructure_1               0x200000f4   Data           8  rc.o(.data)
    TIM_ICUserValueStructure_2               0x200000fc   Data           8  rc.o(.data)
    TIM_ICUserValueStructure_3               0x20000104   Data           8  rc.o(.data)
    TIM_ICUserValueStructure_4               0x2000010c   Data           8  rc.o(.data)
    TIM_ICUserValueStructure_5               0x20000114   Data           8  rc.o(.data)
    SystemCoreClock                          0x20000130   Data           4  system_stm32f10x.o(.data)
    AHBPrescTable                            0x20000134   Data          16  system_stm32f10x.o(.data)
    Att_Angle                                0x20000164   Data          12  imu.o(.bss)
    Acc_filt                                 0x20000170   Data          12  imu.o(.bss)
    Gyr_filt                                 0x2000017c   Data          12  imu.o(.bss)
    Acc_filtold                              0x20000188   Data          12  imu.o(.bss)
    Gyr_radold                               0x20000194   Data          12  imu.o(.bss)
    accb                                     0x200001a0   Data          12  imu.o(.bss)
    gyrb                                     0x200001ac   Data          12  imu.o(.bss)
    DCMgb                                    0x200001b8   Data          36  imu.o(.bss)
    PID_ROL_Angle                            0x200001dc   Data          60  control.o(.bss)
    PID_PIT_Angle                            0x20000218   Data          60  control.o(.bss)
    PID_YAW_Angle                            0x20000254   Data          60  control.o(.bss)
    PID_ROL_Rate                             0x20000290   Data          60  control.o(.bss)
    PID_PIT_Rate                             0x200002cc   Data          60  control.o(.bss)
    PID_YAW_Rate                             0x20000308   Data          60  control.o(.bss)
    RC_Control                               0x20000344   Data          10  rc.o(.bss)
    __initial_sp                             0x20000750   Data           0  startup_stm32f10x_md.o(STACK)



==============================================================================

Memory Map of the image

  Image Entry point : 0x080000ed

  Load Region LR_IROM1 (Base: 0x08000000, Size: 0x00004208, Max: 0x00010000, ABSOLUTE, COMPRESSED[0x00004108])

    Execution Region ER_IROM1 (Base: 0x08000000, Size: 0x000040c0, Max: 0x00010000, ABSOLUTE)

    Base Addr    Size         Type   Attr      Idx    E Section Name        Object

    0x08000000   0x000000ec   Data   RO         3067    RESET               startup_stm32f10x_md.o
    0x080000ec   0x00000000   Code   RO         3144  * .ARM.Collect$$$$00000000  mc_w.l(entry.o)
    0x080000ec   0x00000004   Code   RO         3496    .ARM.Collect$$$$00000001  mc_w.l(entry2.o)
    0x080000f0   0x00000004   Code   RO         3499    .ARM.Collect$$$$00000004  mc_w.l(entry5.o)
    0x080000f4   0x00000000   Code   RO         3501    .ARM.Collect$$$$00000008  mc_w.l(entry7b.o)
    0x080000f4   0x00000000   Code   RO         3503    .ARM.Collect$$$$0000000A  mc_w.l(entry8b.o)
    0x080000f4   0x00000008   Code   RO         3504    .ARM.Collect$$$$0000000B  mc_w.l(entry9a.o)
    0x080000fc   0x00000000   Code   RO         3506    .ARM.Collect$$$$0000000D  mc_w.l(entry10a.o)
    0x080000fc   0x00000000   Code   RO         3508    .ARM.Collect$$$$0000000F  mc_w.l(entry11a.o)
    0x080000fc   0x00000004   Code   RO         3497    .ARM.Collect$$$$00002712  mc_w.l(entry2.o)
    0x08000100   0x00000024   Code   RO         3068    .text               startup_stm32f10x_md.o
    0x08000124   0x000000b0   Code   RO         3407    .text               mf_w.l(fadd.o)
    0x080001d4   0x00000064   Code   RO         3409    .text               mf_w.l(fmul.o)
    0x08000238   0x0000007c   Code   RO         3411    .text               mf_w.l(fdiv.o)
    0x080002b4   0x0000014e   Code   RO         3413    .text               mf_w.l(dadd.o)
    0x08000402   0x000000e4   Code   RO         3415    .text               mf_w.l(dmul.o)
    0x080004e6   0x000000de   Code   RO         3417    .text               mf_w.l(ddiv.o)
    0x080005c4   0x00000012   Code   RO         3419    .text               mf_w.l(fflti.o)
    0x080005d6   0x0000000a   Code   RO         3421    .text               mf_w.l(ffltui.o)
    0x080005e0   0x00000032   Code   RO         3423    .text               mf_w.l(ffixi.o)
    0x08000612   0x00000026   Code   RO         3425    .text               mf_w.l(f2d.o)
    0x08000638   0x00000030   Code   RO         3427    .text               mf_w.l(cdcmple.o)
    0x08000668   0x00000038   Code   RO         3429    .text               mf_w.l(d2f.o)
    0x080006a0   0x00000014   Code   RO         3431    .text               mf_w.l(cfcmple.o)
    0x080006b4   0x00000014   Code   RO         3433    .text               mf_w.l(cfrcmple.o)
    0x080006c8   0x0000001e   Code   RO         3514    .text               mc_w.l(llshl.o)
    0x080006e6   0x00000024   Code   RO         3516    .text               mc_w.l(llsshr.o)
    0x0800070a   0x00000000   Code   RO         3525    .text               mc_w.l(iusefp.o)
    0x0800070a   0x0000006e   Code   RO         3526    .text               mf_w.l(fepilogue.o)
    0x08000778   0x000000ba   Code   RO         3530    .text               mf_w.l(depilogue.o)
    0x08000832   0x0000002e   Code   RO         3532    .text               mf_w.l(dscalb.o)
    0x08000860   0x00000024   Code   RO         3538    .text               mc_w.l(init.o)
    0x08000884   0x00000020   Code   RO         3540    .text               mc_w.l(llushr.o)
    0x080008a4   0x000000a2   Code   RO         3544    .text               mf_w.l(dsqrt.o)
    0x08000946   0x00000056   Code   RO         3554    .text               mc_w.l(__dczerorl2.o)
    0x0800099c   0x00000374   Code   RO          908    i.Control           control.o
    0x08000d10   0x00000044   Code   RO          309    i.Delay_Init        delay.o
    0x08000d54   0x00000048   Code   RO          310    i.Delay_ms          delay.o
    0x08000d9c   0x00000048   Code   RO          311    i.Delay_us          delay.o
    0x08000de4   0x00000028   Code   RO          993    i.GENERAL_TIM_GPIO_Config  rc.o
    0x08000e0c   0x0000000c   Code   RO          994    i.GENERAL_TIM_Init  rc.o
    0x08000e18   0x00000154   Code   RO          995    i.GENERAL_TIM_Mode_Config  rc.o
    0x08000f6c   0x00000116   Code   RO         1828    i.GPIO_Init         stm32f10x_gpio.o
    0x08001082   0x00000004   Code   RO         1835    i.GPIO_ResetBits    stm32f10x_gpio.o
    0x08001086   0x00000004   Code   RO         1836    i.GPIO_SetBits      stm32f10x_gpio.o
    0x0800108a   0x00000002   PAD
    0x0800108c   0x00000034   Code   RO         1044    i.IIC_Ack           iic.o
    0x080010c0   0x00000034   Code   RO         1045    i.IIC_GPIO_Init     iic.o
    0x080010f4   0x00000034   Code   RO         1046    i.IIC_NAck          iic.o
    0x08001128   0x00000058   Code   RO         1047    i.IIC_ReadByte      iic.o
    0x08001180   0x0000004a   Code   RO         1048    i.IIC_ReadByteFromSlave  iic.o
    0x080011ca   0x00000072   Code   RO         1049    i.IIC_ReadMultByteFromSlave  iic.o
    0x0800123c   0x0000005c   Code   RO         1050    i.IIC_SendByte      iic.o
    0x08001298   0x00000034   Code   RO         1051    i.IIC_Start         iic.o
    0x080012cc   0x00000030   Code   RO         1052    i.IIC_Stop          iic.o
    0x080012fc   0x00000050   Code   RO         1053    i.IIC_WaitAck       iic.o
    0x0800134c   0x00000046   Code   RO         1054    i.IIC_WriteByteToSlave  iic.o
    0x08001392   0x00000002   PAD
    0x08001394   0x00000550   Code   RO          819    i.IMUupdate         imu.o
    0x080018e4   0x0000007c   Code   RO          233    i.LED_Init          led.o
    0x08001960   0x00000060   Code   RO          762    i.Lowpass_Filter_PITCH  filter.o
    0x080019c0   0x00000060   Code   RO          763    i.Lowpass_Filter_ROLL  filter.o
    0x08001a20   0x00000060   Code   RO          764    i.Lowpass_Filter_THROTTLE  filter.o
    0x08001a80   0x00000060   Code   RO          765    i.Lowpass_Filter_YAW  filter.o
    0x08001ae0   0x00000118   Code   RO          395    i.MOTOR_Init        motor.o
    0x08001bf8   0x00000090   Code   RO          428    i.MPU6050_AccRead   mpu6050.o
    0x08001c88   0x00000030   Code   RO          432    i.MPU6050_Check     mpu6050.o
    0x08001cb8   0x000000a8   Code   RO          433    i.MPU6050_GyroRead  mpu6050.o
    0x08001d60   0x0000004e   Code   RO          434    i.MPU6050_Init      mpu6050.o
    0x08001dae   0x00000002   PAD
    0x08001db0   0x000000c0   Code   RO          435    i.MPU6050_OffSet    mpu6050.o
    0x08001e70   0x00000118   Code   RO          436    i.MPU6050_Offset    mpu6050.o
    0x08001f88   0x00000014   Code   RO          437    i.MPU6050_Read      mpu6050.o
    0x08001f9c   0x0000001a   Code   RO          438    i.MPU6050_ReadByte  mpu6050.o
    0x08001fb6   0x0000001e   Code   RO          439    i.MPU6050_ReadMultBytes  mpu6050.o
    0x08001fd4   0x0000001a   Code   RO          441    i.MPU6050_WriteByte  mpu6050.o
    0x08001fee   0x00000010   Code   RO          443    i.MPU6050_getDeviceID  mpu6050.o
    0x08001ffe   0x00000012   Code   RO          444    i.MPU6050_testConnection  mpu6050.o
    0x08002010   0x00000068   Code   RO          396    i.Moto_Pwm          motor.o
    0x08002078   0x00000070   Code   RO         1288    i.NVIC_Init         misc.o
    0x080020e8   0x00000014   Code   RO         1289    i.NVIC_PriorityGroupConfig  misc.o
    0x080020fc   0x000000b4   Code   RO          371    i.NvicConfig        nvic.o
    0x080021b0   0x000000ec   Code   RO          875    i.PID_Postion_Cal   pid.o
    0x0800229c   0x000000f0   Code   RO          876    i.PidParameter_init  pid.o
    0x0800238c   0x00000090   Code   RO          820    i.Prepare_Data      imu.o
    0x0800241c   0x00000020   Code   RO         1950    i.RCC_APB1PeriphClockCmd  stm32f10x_rcc.o
    0x0800243c   0x00000020   Code   RO         1952    i.RCC_APB2PeriphClockCmd  stm32f10x_rcc.o
    0x0800245c   0x000000d4   Code   RO         1960    i.RCC_GetClocksFreq  stm32f10x_rcc.o
    0x08002530   0x000000fc   Code   RO          996    i.Remote_Data_ReceiveAnalysis  rc.o
    0x0800262c   0x00000024   Code   RO         1056    i.SDA_IN            iic.o
    0x08002650   0x0000002c   Code   RO         1057    i.SDA_OUT           iic.o
    0x0800267c   0x00000008   Code   RO         3075    i.SetSysClock       system_stm32f10x.o
    0x08002684   0x000000e0   Code   RO         3076    i.SetSysClockTo72   system_stm32f10x.o
    0x08002764   0x00000028   Code   RO         1292    i.SysTick_CLKSourceConfig  misc.o
    0x0800278c   0x00000060   Code   RO         3078    i.SystemInit        system_stm32f10x.o
    0x080027ec   0x00000030   Code   RO          559    i.System_Init       system.o
    0x0800281c   0x00000080   Code   RO         2316    i.TI1_Config        stm32f10x_tim.o
    0x0800289c   0x00000098   Code   RO         2317    i.TI2_Config        stm32f10x_tim.o
    0x08002934   0x00000090   Code   RO         2318    i.TI3_Config        stm32f10x_tim.o
    0x080029c4   0x00000098   Code   RO         2319    i.TI4_Config        stm32f10x_tim.o
    0x08002a5c   0x00000094   Code   RO          171    i.TIM1_CC_IRQHandler  scheduler.o
    0x08002af0   0x0000017c   Code   RO          172    i.TIM2_IRQHandler   scheduler.o
    0x08002c6c   0x0000015c   Code   RO          173    i.TIM4_IRQHandler   scheduler.o
    0x08002dc8   0x00000006   Code   RO         2326    i.TIM_ClearFlag     stm32f10x_tim.o
    0x08002dce   0x00000006   Code   RO         2327    i.TIM_ClearITPendingBit  stm32f10x_tim.o
    0x08002dd4   0x00000018   Code   RO         2332    i.TIM_Cmd           stm32f10x_tim.o
    0x08002dec   0x00000006   Code   RO         2347    i.TIM_GetCapture1   stm32f10x_tim.o
    0x08002df2   0x00000006   Code   RO         2348    i.TIM_GetCapture2   stm32f10x_tim.o
    0x08002df8   0x00000006   Code   RO         2349    i.TIM_GetCapture3   stm32f10x_tim.o
    0x08002dfe   0x00000008   Code   RO         2350    i.TIM_GetCapture4   stm32f10x_tim.o
    0x08002e06   0x00000022   Code   RO         2353    i.TIM_GetITStatus   stm32f10x_tim.o
    0x08002e28   0x000000ac   Code   RO         2355    i.TIM_ICInit        stm32f10x_tim.o
    0x08002ed4   0x00000012   Code   RO         2357    i.TIM_ITConfig      stm32f10x_tim.o
    0x08002ee6   0x00000002   PAD
    0x08002ee8   0x00000044   Code   RO          347    i.TIM_Init          tim.o
    0x08002f2c   0x00000098   Code   RO         2361    i.TIM_OC1Init       stm32f10x_tim.o
    0x08002fc4   0x00000012   Code   RO         2363    i.TIM_OC1PolarityConfig  stm32f10x_tim.o
    0x08002fd6   0x00000012   Code   RO         2364    i.TIM_OC1PreloadConfig  stm32f10x_tim.o
    0x08002fe8   0x000000a4   Code   RO         2366    i.TIM_OC2Init       stm32f10x_tim.o
    0x0800308c   0x0000001a   Code   RO         2368    i.TIM_OC2PolarityConfig  stm32f10x_tim.o
    0x080030a6   0x0000001a   Code   RO         2369    i.TIM_OC2PreloadConfig  stm32f10x_tim.o
    0x080030c0   0x000000a0   Code   RO         2371    i.TIM_OC3Init       stm32f10x_tim.o
    0x08003160   0x0000001a   Code   RO         2373    i.TIM_OC3PolarityConfig  stm32f10x_tim.o
    0x0800317a   0x00000012   Code   RO         2374    i.TIM_OC3PreloadConfig  stm32f10x_tim.o
    0x0800318c   0x0000007c   Code   RO         2376    i.TIM_OC4Init       stm32f10x_tim.o
    0x08003208   0x0000001a   Code   RO         2377    i.TIM_OC4PolarityConfig  stm32f10x_tim.o
    0x08003222   0x0000001a   Code   RO         2378    i.TIM_OC4PreloadConfig  stm32f10x_tim.o
    0x0800323c   0x00000012   Code   RO         2398    i.TIM_SetIC1Prescaler  stm32f10x_tim.o
    0x0800324e   0x0000001a   Code   RO         2399    i.TIM_SetIC2Prescaler  stm32f10x_tim.o
    0x08003268   0x00000012   Code   RO         2400    i.TIM_SetIC3Prescaler  stm32f10x_tim.o
    0x0800327a   0x0000001a   Code   RO         2401    i.TIM_SetIC4Prescaler  stm32f10x_tim.o
    0x08003294   0x000000a4   Code   RO         2403    i.TIM_TimeBaseInit  stm32f10x_tim.o
    0x08003338   0x0000017c   Code   RO          560    i.Task_Schedule     system.o
    0x080034b4   0x0000003c   Code   RO          174    i.USART1_IRQHandler  scheduler.o
    0x080034f0   0x0000001e   Code   RO         2877    i.USART_ClearITPendingBit  stm32f10x_usart.o
    0x0800350e   0x00000018   Code   RO         2880    i.USART_Cmd         stm32f10x_usart.o
    0x08003526   0x00000054   Code   RO         2884    i.USART_GetITStatus  stm32f10x_usart.o
    0x0800357a   0x0000004a   Code   RO         2886    i.USART_ITConfig    stm32f10x_usart.o
    0x080035c4   0x000000d8   Code   RO         2887    i.USART_Init        stm32f10x_usart.o
    0x0800369c   0x00000094   Code   RO          944    i.USART_init        usart.o
    0x08003730   0x00000010   Code   RO         3148    i.__0printf$bare    mc_w.l(printfb.o)
    0x08003740   0x00000028   Code   RO         3459    i.__ARM_fpclassify  m_ws.l(fpclassify.o)
    0x08003768   0x000000aa   Code   RO         3477    i.__kernel_poly     m_ws.l(poly.o)
    0x08003812   0x00000006   Code   RO         3446    i.__mathlib_dbl_infnan  m_ws.l(dunder.o)
    0x08003818   0x00000004   Code   RO         3447    i.__mathlib_dbl_infnan2  m_ws.l(dunder.o)
    0x0800381c   0x0000000c   Code   RO         3448    i.__mathlib_dbl_invalid  m_ws.l(dunder.o)
    0x08003828   0x00000010   Code   RO         3451    i.__mathlib_dbl_underflow  m_ws.l(dunder.o)
    0x08003838   0x0000000e   Code   RO         3548    i.__scatterload_copy  mc_w.l(handlers.o)
    0x08003846   0x00000002   Code   RO         3549    i.__scatterload_null  mc_w.l(handlers.o)
    0x08003848   0x0000000e   Code   RO         3550    i.__scatterload_zeroinit  mc_w.l(handlers.o)
    0x08003856   0x00000002   PAD
    0x08003858   0x0000000c   Code   RO         3520    i.__set_errno       mc_w.l(errno.o)
    0x08003864   0x00000022   Code   RO         3155    i._printf_core      mc_w.l(printfb.o)
    0x08003886   0x00000002   PAD
    0x08003888   0x00000270   Code   RO         3119    i.asin              m_ws.l(asin.o)
    0x08003af8   0x00000220   Code   RO         3436    i.atan              m_ws.l(atan.o)
    0x08003d18   0x00000180   Code   RO         3137    i.atan2             m_ws.l(atan2.o)
    0x08003e98   0x0000001c   Code   RO          946    i.fputc             usart.o
    0x08003eb4   0x0000004c   Code   RO         1184    i.invSqrt           mymath.o
    0x08003f00   0x00000058   Code   RO          857    i.kalman_1          kalman.o
    0x08003f58   0x0000000c   Code   RO            4    i.main              main.o
    0x08003f64   0x0000004c   Code   RO         3481    i.sqrt              m_ws.l(sqrt.o)
    0x08003fb0   0x00000050   Data   RO         3120    .constdata          m_ws.l(asin.o)
    0x08004000   0x00000098   Data   RO         3437    .constdata          m_ws.l(atan.o)
    0x08004098   0x00000008   Data   RO         3479    .constdata          m_ws.l(qnan.o)
    0x080040a0   0x00000020   Data   RO         3546    Region$$Table       anon$$obj.o


    Execution Region RW_IRAM1 (Base: 0x20000000, Size: 0x00000750, Max: 0x00005000, ABSOLUTE, COMPRESSED[0x00000048])

    Base Addr    Size         Type   Attr      Idx    E Section Name        Object

    0x20000000   0x00000018   Data   RW          175    .data               scheduler.o
    0x20000018   0x00000001   Data   RW          234    .data               led.o
    0x20000019   0x00000001   PAD
    0x2000001a   0x00000004   Data   RW          312    .data               delay.o
    0x2000001e   0x00000002   PAD
    0x20000020   0x00000072   Data   RW          446    .data               mpu6050.o
    0x20000092   0x00000002   PAD
    0x20000094   0x00000014   Data   RW          767    .data               filter.o
    0x200000a8   0x00000020   Data   RW          822    .data               imu.o
    0x200000c8   0x00000028   Data   RW          910    .data               control.o
    0x200000f0   0x00000004   Data   RW          948    .data               usart.o
    0x200000f4   0x00000028   Data   RW          998    .data               rc.o
    0x2000011c   0x00000014   Data   RW         1980    .data               stm32f10x_rcc.o
    0x20000130   0x00000014   Data   RW         3079    .data               system_stm32f10x.o
    0x20000144   0x00000004   Data   RW         3521    .data               mc_w.l(errno.o)
    0x20000148   0x0000001c   Zero   RW          445    .bss                mpu6050.o
    0x20000164   0x00000078   Zero   RW          821    .bss                imu.o
    0x200001dc   0x00000168   Zero   RW          909    .bss                control.o
    0x20000344   0x0000000a   Zero   RW          997    .bss                rc.o
    0x2000034e   0x00000002   PAD
    0x20000350   0x00000400   Zero   RW         3065    STACK               startup_stm32f10x_md.o


==============================================================================

Image component sizes


      Code (inc. data)   RO Data    RW Data    ZI Data      Debug   Object Name

       884         84          0         40        360       6725   control.o
       212         30          0          4          0       2155   delay.o
       384         64          0         20          0       5091   filter.o
       854         52          0          0          0       9230   iic.o
      1504         76          0         32        120       8042   imu.o
        88          0          0          0          0       1563   kalman.o
       124          8          0          1          0        958   led.o
        12          0          0          0          0     258227   main.o
       172         22          0          0          0       2481   misc.o
       384         16          0          0          0       1648   motor.o
      1046        102          0        114         28      13777   mpu6050.o
        76          4          0          0          0        686   mymath.o
       180          0          0          0          0        697   nvic.o
       476         76          0          0          0       1878   pid.o
       644         30          0         40         10      10230   rc.o
       936         94          0         24          0       3508   scheduler.o
        36          8        236          0       1024        908   startup_stm32f10x_md.o
       286          0          0          0          0       3456   stm32f10x_gpio.o
       276         32          0         20          0       4870   stm32f10x_rcc.o
      1898        200          0          0          0      22711   stm32f10x_tim.o
       428          6          0          0          0       5684   stm32f10x_usart.o
       428         44          0          0          0       1334   system.o
       328         28          0         20          0       2977   system_stm32f10x.o
        68          6          0          0          0        607   tim.o
       176         14          0          4          0       3359   usart.o

    ----------------------------------------------------------------------
     11908        996        268        324       1544     372802   Object Totals
         0          0         32          0          0          0   (incl. Generated)
         8          0          0          5          2          0   (incl. Padding)

    ----------------------------------------------------------------------

      Code (inc. data)   RO Data    RW Data    ZI Data      Debug   Library Member Name

       624         52         80          0          0        168   asin.o
       544         70        152          0          0        124   atan.o
       384         38          0          0          0        144   atan2.o
        38          6          0          0          0        272   dunder.o
        40          0          0          0          0         68   fpclassify.o
       170          0          0          0          0         96   poly.o
         0          0          8          0          0          0   qnan.o
        76          0          0          0          0         84   sqrt.o
        86          0          0          0          0          0   __dczerorl2.o
         0          0          0          0          0          0   entry.o
         0          0          0          0          0          0   entry10a.o
         0          0          0          0          0          0   entry11a.o
         8          4          0          0          0          0   entry2.o
         4          0          0          0          0          0   entry5.o
         0          0          0          0          0          0   entry7b.o
         0          0          0          0          0          0   entry8b.o
         8          4          0          0          0          0   entry9a.o
        12          6          0          4          0         68   errno.o
        30          0          0          0          0          0   handlers.o
        36          8          0          0          0         68   init.o
         0          0          0          0          0          0   iusefp.o
        30          0          0          0          0         68   llshl.o
        36          0          0          0          0         68   llsshr.o
        32          0          0          0          0         68   llushr.o
        50          8          0          0          0        152   printfb.o
        48          0          0          0          0         68   cdcmple.o
        20          0          0          0          0         68   cfcmple.o
        20          0          0          0          0         68   cfrcmple.o
        56          0          0          0          0         88   d2f.o
       334          0          0          0          0        148   dadd.o
       222          0          0          0          0        100   ddiv.o
       186          0          0          0          0        176   depilogue.o
       228          0          0          0          0         96   dmul.o
        46          0          0          0          0         80   dscalb.o
       162          0          0          0          0        100   dsqrt.o
        38          0          0          0          0         68   f2d.o
       176          0          0          0          0        140   fadd.o
       124          0          0          0          0         88   fdiv.o
       110          0          0          0          0        168   fepilogue.o
        50          0          0          0          0         68   ffixi.o
        18          0          0          0          0         68   fflti.o
        10          0          0          0          0         68   ffltui.o
       100          0          0          0          0         76   fmul.o

    ----------------------------------------------------------------------
      4160        196        240          4          0       3184   Library Totals
         4          0          0          0          0          0   (incl. Padding)

    ----------------------------------------------------------------------

      Code (inc. data)   RO Data    RW Data    ZI Data      Debug   Library Name

      1876        166        240          0          0        956   m_ws.l
       332         30          0          4          0        492   mc_w.l
      1948          0          0          0          0       1736   mf_w.l

    ----------------------------------------------------------------------
      4160        196        240          4          0       3184   Library Totals

    ----------------------------------------------------------------------

==============================================================================


      Code (inc. data)   RO Data    RW Data    ZI Data      Debug   

     16068       1192        508        328       1544     369198   Grand Totals
     16068       1192        508         72       1544     369198   ELF Image Totals (compressed)
     16068       1192        508         72          0          0   ROM Totals

==============================================================================

    Total RO  Size (Code + RO Data)                16576 (  16.19kB)
    Total RW  Size (RW Data + ZI Data)              1872 (   1.83kB)
    Total ROM Size (Code + RO Data + RW Data)      16648 (  16.26kB)

==============================================================================

