<html>
<body>
<pre>
<h1>µVision Build Log</h1>
<h2>Tool Versions:</h2>
IDE-Version: ¦ÌVision V5.18.0.0
Copyright (C) 2016 ARM Ltd and ARM Germany GmbH. All rights reserved.
License Information: jiang Administrator, asdf, LIC=8VRJ7-EAITS-74US0-BWVIA-W5ZIJ-LRT66
 
Tool Versions:
Toolchain:       MDK-ARM Standard  Version: 5.18
Toolchain Path:  E:\Keil_v5\ARM\ARMCC\Bin
C Compiler:      Armcc.exe V5.06 update 1 (build 61)
Assembler:       Armasm.exe V5.06 update 1 (build 61)
Linker/Locator:  ArmLink.exe V5.06 update 1 (build 61)
Library Manager: ArmAr.exe V5.06 update 1 (build 61)
Hex Converter:   FromElf.exe V5.06 update 1 (build 61)
CPU DLL:         SARMCM3.DLL V5.18
Dialog DLL:      DCM.DLL V1.13.6.0
Target DLL:      Segger\JL2CM3.dll V2.99.18.0
Dialog DLL:      TCM.DLL V1.14.8.0
 
<h2>Project:</h2>
F:\Desktop\icm20948\3c550-main\3c550-main\ICM20948\ICM20948\USER\Template.uvprojx
Project File Date:  07/29/2021

<h2>Output:</h2>
*** Using Compiler 'V5.06 update 1 (build 61)', folder: 'E:\Keil_v5\ARM\ARMCC\Bin'
Build target 'Template'
assembling startup_stm32f10x_hd.s...
compiling system_stm32f10x.c...
compiling misc.c...
compiling main.c...
compiling spi.c...
compiling gpio.c...
compiling delay.c...
..\SYSTEM\delay\delay.c(4): warning:  #550-D: variable "fac_ms" was set but never used
  static u16 fac_ms = 0;							//ms??Ê±±¶????,??ucos??,?ú±?Ã¿?ö½??Äµ?ms??
..\SYSTEM\delay\delay.c: 1 warning, 0 errors
compiling stm32f10x_it.c...
compiling usart.c...
compiling core_cm3.c...
compiling sys.c...
compiling stm32f10x_cec.c...
compiling stm32f10x_dbgmcu.c...
compiling stm32f10x_exti.c...
compiling stm32f10x_gpio.c...
compiling stm32f10x_flash.c...
compiling stm32f10x_i2c.c...
compiling stm32f10x_iwdg.c...
compiling stm32f10x_pwr.c...
compiling stm32f10x_rtc.c...
compiling stm32f10x_rcc.c...
compiling stm32f10x_sdio.c...
compiling stm32f10x_tim.c...
compiling stm32f10x_wwdg.c...
compiling stm32f10x_usart.c...
compiling stm32f10x_adc.c...
compiling stm32f10x_dma.c...
compiling stm32f10x_bkp.c...
compiling stm32f10x_crc.c...
compiling stm32f10x_dac.c...
compiling stm32f10x_fsmc.c...
compiling dmp3Default_20608D.c...
compiling inv_mems_interface_mapping.c...
compiling inv_mems_augmented_sensors.c...
compiling dmp3Default_20648.c...
compiling inv_mems_base_control.c...
compiling inv_mems_base_control_20609.c...
compiling inv_mems_drv_hook.c...
compiling inv_mems_base_driver.c...
compiling inv_mems_base_driver_20609.c...
compiling icm20948.c...
compiling inv_mems_data_converter.c...
compiling inv_mems_load_firmware.c...
compiling inv_mems_mpu_selftest.c...
compiling inv_mems_mpu_fifo_control.c...
compiling inv_mems_mpu_selftest_20609.c...
compiling inv_mems_secondary_transport.c...
compiling inv_mems_slave_pressure.c...
compiling inv_mems_slave_compass.c...
compiling mlmath.c...
compiling ml_math_func.c...
compiling stm32f10x_can.c...
compiling stm32f10x_spi.c...
compiling inv_mems_transport.c...
linking...
Program Size: Code=44850 RO-data=16002 RW-data=536 ZI-data=3720  
FromELF: creating hex file...
"..\OBJ\Template.axf" - 0 Error(s), 1 Warning(s).

<h2>Collection of Component include folders:</h2>
  F:\Desktop\icm20948\3c550-main\3c550-main\ICM20948\ICM20948\USER\RTE
  E:\Users\Administrator\AppData\Local\Arm\Packs\Keil\STM32F1xx_DFP\1.1.0\Device\Include

<h2>Collection of Component Files used:</h2>
Build Time Elapsed:  00:00:45
</pre>
</body>
</html>
