<html>
<body>
<pre>
<h1>µVision Build Log</h1>
<h2>Tool Versions:</h2>
IDE-Version: ¦ÌVision V5.18.0.0
Copyright (C) 2016 ARM Ltd and ARM Germany GmbH. All rights reserved.
License Information: jiang Administrator, asdf, LIC=8VRJ7-EAITS-74US0-BWVIA-W5ZIJ-LRT66
 
Tool Versions:
Toolchain:       MDK-ARM Standard  Version: 5.18
Toolchain Path:  E:\Keil_v5\ARM\ARMCC\Bin
C Compiler:      Armcc.exe V5.06 update 1 (build 61)
Assembler:       Armasm.exe V5.06 update 1 (build 61)
Linker/Locator:  ArmLink.exe V5.06 update 1 (build 61)
Library Manager: ArmAr.exe V5.06 update 1 (build 61)
Hex Converter:   FromElf.exe V5.06 update 1 (build 61)
CPU DLL:         SARMCM3.DLL V5.18
Dialog DLL:      DCM.DLL V1.13.6.0
Target DLL:      Segger\JL2CM3.dll V2.99.18.0
Dialog DLL:      TCM.DLL V1.14.8.0
 
<h2>Project:</h2>
F:\0.Practice_Project\IMU\ICM42688\My_ICM42688\MDK-ARM\My_ICM42688.uvprojx
Project File Date:  05/30/2025

<h2>Output:</h2>
*** Using Compiler 'V5.06 update 1 (build 61)', folder: 'E:\Keil_v5\ARM\ARMCC\Bin'
Build target 'My_ICM42688'
compiling main.c...
./ICM42688/function.h(44): warning:  #1-D: last line of file ends without a newline
  #endif
./ICM42688/icm42688regdata.h(276): warning:  #1-D: last line of file ends without a newline
  #endif
./ICM42688/icm42688.h(307): warning:  #1295-D: Deprecated declaration enableGETDATAInterrupt - give arg types
  void enableGETDATAInterrupt();
./ICM42688/icm42688.h(379): warning:  #1295-D: Deprecated declaration getTapInformation - give arg types
  void getTapInformation();
./ICM42688/icm42688.h(388): warning:  #1295-D: Deprecated declaration numberOfTap - give arg types
  uint8_t numberOfTap();
./ICM42688/icm42688.h(398): warning:  #1295-D: Deprecated declaration axisOfTap - give arg types
  uint8_t axisOfTap();
./ICM42688/icm42688.h(404): warning:  #1295-D: Deprecated declaration wakeOnMotionInit - give arg types
  void wakeOnMotionInit();
./ICM42688/icm42688.h(489): warning:  #1295-D: Deprecated declaration startFIFOMode - give arg types
  void startFIFOMode();
./ICM42688/icm42688.h(495): warning:  #1295-D: Deprecated declaration sotpFIFOMode - give arg types
  void sotpFIFOMode();
./ICM42688/icm42688.h(501): warning:  #1295-D: Deprecated declaration getFIFOData - give arg types
  void getFIFOData();
./ICM42688/icm42688.h(543): warning:  #1295-D: Deprecated declaration startTempMeasure - give arg types
  void startTempMeasure();
./ICM42688/icm42688.h(551): warning:  #1295-D: Deprecated declaration setFIFODataMode - give arg types
  void setFIFODataMode();
./ICM42688/icm42688.h(674): warning:  #1295-D: Deprecated declaration startFIFOMode - give arg types
  void startFIFOMode();
./ICM42688/icm42688.h(680): warning:  #1295-D: Deprecated declaration sotpFIFOMode - give arg types
  void sotpFIFOMode();
./ICM42688/icm42688.h(686): warning:  #1295-D: Deprecated declaration getFIFOData - give arg types
  void getFIFOData();
./ICM42688/icm42688.h(731): warning:  #1295-D: Deprecated declaration getTapInformation - give arg types
  void getTapInformation();
./ICM42688/icm42688.h(740): warning:  #1295-D: Deprecated declaration numberOfTap - give arg types
  uint8_t numberOfTap();
./ICM42688/icm42688.h(750): warning:  #1295-D: Deprecated declaration axisOfTap - give arg types
  uint8_t axisOfTap();
./ICM42688/icm42688.h(757): warning:  #1295-D: Deprecated declaration wakeOnMotionInit - give arg types
  void wakeOnMotionInit();
./ICM42688/icm42688.h(791): warning:  #1295-D: Deprecated declaration tiltDetectionInit - give arg types
  void tiltDetectionInit();
./ICM42688/icm42688.h(792): warning:  #1295-D: Deprecated declaration setTiltDetection - give arg types
  void setTiltDetection();
./ICM42688/icm42688.h(793): warning:  #1295-D: Deprecated declaration enableTILEInterrupt - give arg types
  void enableTILEInterrupt();
./SendToAanyUp/SendToAanyUp.h(53): warning:  #1-D: last line of file ends without a newline
  #endif 
./SendToAanyUp/PoseCalc.h(49): warning:  #1-D: last line of file ends without a newline
  #endif
../Core/Src/main.c(160): warning:  #940-D: missing return statement at end of non-void function "readReg"
  }
../Core/Src/main.c(207): warning:  #177-D: variable "AllData" was declared but never referenced
  	int16_t AllData[6];
../Core/Src/main.c(241): warning:  #177-D: variable "ret" was declared but never referenced
  	bool ret = true;
../Core/Src/main.c(453): warning:  #550-D: variable "status" was set but never used
  	uint8_t status;
../Core/Src/main.c: 28 warnings, 0 errors
linking...
Program Size: Code=16656 RO-data=576 RW-data=176 ZI-data=1632  
FromELF: creating hex file...
"My_ICM42688\My_ICM42688.axf" - 0 Error(s), 28 Warning(s).

<h2>Software Packages used:</h2>

Package Vendor: ARM
                http://www.keil.com/pack/ARM.CMSIS.5.7.0.pack
                ARM::CMSIS:CORE:5.4.0
                CMSIS (Cortex Microcontroller Software Interface Standard)
   * Component: CORE Version: 5.4.0

<h2>Collection of Component include folders:</h2>
  F:\0.Practice_Project\IMU\ICM42688\My_ICM42688\MDK-ARM\RTE
  E:\Users\Administrator\AppData\Local\Arm\Packs\ARM\CMSIS\5.7.0\CMSIS\Core\Include
  E:\Users\Administrator\AppData\Local\Arm\Packs\Keil\STM32F1xx_DFP\1.1.0\Device\Include

<h2>Collection of Component Files used:</h2>

   * Component: ARM::CMSIS:CORE:5.4.0
      Include file:  CMSIS\Core\Include\tz_context.h
      Source file:   CMSIS\Core\Template\ARMv8-M\tz_context.c
      Source file:   CMSIS\Core\Template\ARMv8-M\main_s.c
Build Time Elapsed:  00:00:01
</pre>
</body>
</html>
