Component: ARM Compiler 5.06 update 7 (build 960) Tool: armlink [4d3601]

==============================================================================

Section Cross References

    stm32f4xx_adc.o(i.ADC_DeInit) refers to stm32f4xx_rcc.o(i.RCC_APB2PeriphResetCmd) for RCC_APB2PeriphResetCmd
    stm32f4xx_can.o(i.CAN_DeInit) refers to stm32f4xx_rcc.o(i.RCC_APB1PeriphResetCmd) for RCC_APB1PeriphResetCmd
    stm32f4xx_can.o(i.CAN_GetITStatus) refers to stm32f4xx_can.o(i.CheckITStatus) for CheckITStatus
    stm32f4xx_cryp.o(i.CRYP_DeInit) refers to stm32f4xx_rcc.o(i.RCC_AHB2PeriphResetCmd) for RCC_AHB2PeriphResetCmd
    stm32f4xx_cryp_aes.o(i.CRYP_AES_CBC) refers to stm32f4xx_cryp.o(i.CRYP_KeyStructInit) for CRYP_KeyStructInit
    stm32f4xx_cryp_aes.o(i.CRYP_AES_CBC) refers to stm32f4xx_cryp.o(i.CRYP_FIFOFlush) for CRYP_FIFOFlush
    stm32f4xx_cryp_aes.o(i.CRYP_AES_CBC) refers to stm32f4xx_cryp.o(i.CRYP_Init) for CRYP_Init
    stm32f4xx_cryp_aes.o(i.CRYP_AES_CBC) refers to stm32f4xx_cryp.o(i.CRYP_KeyInit) for CRYP_KeyInit
    stm32f4xx_cryp_aes.o(i.CRYP_AES_CBC) refers to stm32f4xx_cryp.o(i.CRYP_Cmd) for CRYP_Cmd
    stm32f4xx_cryp_aes.o(i.CRYP_AES_CBC) refers to stm32f4xx_cryp.o(i.CRYP_GetFlagStatus) for CRYP_GetFlagStatus
    stm32f4xx_cryp_aes.o(i.CRYP_AES_CBC) refers to stm32f4xx_cryp.o(i.CRYP_IVInit) for CRYP_IVInit
    stm32f4xx_cryp_aes.o(i.CRYP_AES_CBC) refers to stm32f4xx_cryp.o(i.CRYP_GetCmdStatus) for CRYP_GetCmdStatus
    stm32f4xx_cryp_aes.o(i.CRYP_AES_CBC) refers to stm32f4xx_cryp.o(i.CRYP_DataIn) for CRYP_DataIn
    stm32f4xx_cryp_aes.o(i.CRYP_AES_CBC) refers to stm32f4xx_cryp.o(i.CRYP_DataOut) for CRYP_DataOut
    stm32f4xx_cryp_aes.o(i.CRYP_AES_CCM) refers to stm32f4xx_cryp.o(i.CRYP_KeyStructInit) for CRYP_KeyStructInit
    stm32f4xx_cryp_aes.o(i.CRYP_AES_CCM) refers to stm32f4xx_cryp.o(i.CRYP_FIFOFlush) for CRYP_FIFOFlush
    stm32f4xx_cryp_aes.o(i.CRYP_AES_CCM) refers to stm32f4xx_cryp.o(i.CRYP_KeyInit) for CRYP_KeyInit
    stm32f4xx_cryp_aes.o(i.CRYP_AES_CCM) refers to stm32f4xx_cryp.o(i.CRYP_IVInit) for CRYP_IVInit
    stm32f4xx_cryp_aes.o(i.CRYP_AES_CCM) refers to stm32f4xx_cryp.o(i.CRYP_Init) for CRYP_Init
    stm32f4xx_cryp_aes.o(i.CRYP_AES_CCM) refers to stm32f4xx_cryp.o(i.CRYP_PhaseConfig) for CRYP_PhaseConfig
    stm32f4xx_cryp_aes.o(i.CRYP_AES_CCM) refers to stm32f4xx_cryp.o(i.CRYP_DataIn) for CRYP_DataIn
    stm32f4xx_cryp_aes.o(i.CRYP_AES_CCM) refers to stm32f4xx_cryp.o(i.CRYP_Cmd) for CRYP_Cmd
    stm32f4xx_cryp_aes.o(i.CRYP_AES_CCM) refers to stm32f4xx_cryp.o(i.CRYP_GetCmdStatus) for CRYP_GetCmdStatus
    stm32f4xx_cryp_aes.o(i.CRYP_AES_CCM) refers to stm32f4xx_cryp.o(i.CRYP_GetFlagStatus) for CRYP_GetFlagStatus
    stm32f4xx_cryp_aes.o(i.CRYP_AES_CCM) refers to stm32f4xx_cryp.o(i.CRYP_DataOut) for CRYP_DataOut
    stm32f4xx_cryp_aes.o(i.CRYP_AES_CTR) refers to stm32f4xx_cryp.o(i.CRYP_KeyStructInit) for CRYP_KeyStructInit
    stm32f4xx_cryp_aes.o(i.CRYP_AES_CTR) refers to stm32f4xx_cryp.o(i.CRYP_KeyInit) for CRYP_KeyInit
    stm32f4xx_cryp_aes.o(i.CRYP_AES_CTR) refers to stm32f4xx_cryp.o(i.CRYP_Init) for CRYP_Init
    stm32f4xx_cryp_aes.o(i.CRYP_AES_CTR) refers to stm32f4xx_cryp.o(i.CRYP_IVInit) for CRYP_IVInit
    stm32f4xx_cryp_aes.o(i.CRYP_AES_CTR) refers to stm32f4xx_cryp.o(i.CRYP_FIFOFlush) for CRYP_FIFOFlush
    stm32f4xx_cryp_aes.o(i.CRYP_AES_CTR) refers to stm32f4xx_cryp.o(i.CRYP_Cmd) for CRYP_Cmd
    stm32f4xx_cryp_aes.o(i.CRYP_AES_CTR) refers to stm32f4xx_cryp.o(i.CRYP_GetCmdStatus) for CRYP_GetCmdStatus
    stm32f4xx_cryp_aes.o(i.CRYP_AES_CTR) refers to stm32f4xx_cryp.o(i.CRYP_DataIn) for CRYP_DataIn
    stm32f4xx_cryp_aes.o(i.CRYP_AES_CTR) refers to stm32f4xx_cryp.o(i.CRYP_GetFlagStatus) for CRYP_GetFlagStatus
    stm32f4xx_cryp_aes.o(i.CRYP_AES_CTR) refers to stm32f4xx_cryp.o(i.CRYP_DataOut) for CRYP_DataOut
    stm32f4xx_cryp_aes.o(i.CRYP_AES_ECB) refers to stm32f4xx_cryp.o(i.CRYP_KeyStructInit) for CRYP_KeyStructInit
    stm32f4xx_cryp_aes.o(i.CRYP_AES_ECB) refers to stm32f4xx_cryp.o(i.CRYP_FIFOFlush) for CRYP_FIFOFlush
    stm32f4xx_cryp_aes.o(i.CRYP_AES_ECB) refers to stm32f4xx_cryp.o(i.CRYP_Init) for CRYP_Init
    stm32f4xx_cryp_aes.o(i.CRYP_AES_ECB) refers to stm32f4xx_cryp.o(i.CRYP_KeyInit) for CRYP_KeyInit
    stm32f4xx_cryp_aes.o(i.CRYP_AES_ECB) refers to stm32f4xx_cryp.o(i.CRYP_Cmd) for CRYP_Cmd
    stm32f4xx_cryp_aes.o(i.CRYP_AES_ECB) refers to stm32f4xx_cryp.o(i.CRYP_GetFlagStatus) for CRYP_GetFlagStatus
    stm32f4xx_cryp_aes.o(i.CRYP_AES_ECB) refers to stm32f4xx_cryp.o(i.CRYP_GetCmdStatus) for CRYP_GetCmdStatus
    stm32f4xx_cryp_aes.o(i.CRYP_AES_ECB) refers to stm32f4xx_cryp.o(i.CRYP_DataIn) for CRYP_DataIn
    stm32f4xx_cryp_aes.o(i.CRYP_AES_ECB) refers to stm32f4xx_cryp.o(i.CRYP_DataOut) for CRYP_DataOut
    stm32f4xx_cryp_aes.o(i.CRYP_AES_GCM) refers to stm32f4xx_cryp.o(i.CRYP_KeyStructInit) for CRYP_KeyStructInit
    stm32f4xx_cryp_aes.o(i.CRYP_AES_GCM) refers to stm32f4xx_cryp.o(i.CRYP_FIFOFlush) for CRYP_FIFOFlush
[...]
    .data                                    0x20000034   Section       12  gpio.o(.data)
    sEnd_of_frame_cb                         0x20000034   Data           4  gpio.o(.data)
    sInterrupt_cb                            0x20000038   Data           4  gpio.o(.data)
    sContext                                 0x2000003c   Data           4  gpio.o(.data)
    .data                                    0x20000040   Section        1  i2c_master.o(.data)
    IsInited                                 0x20000040   Data           1  i2c_master.o(.data)
    .data                                    0x20000044   Section        8  spi_slave.o(.data)
    IsInited                                 0x20000044   Data           1  spi_slave.o(.data)
    sEnd_of_TX_cb                            0x20000048   Data           4  spi_slave.o(.data)
    .data                                    0x20000050   Section       16  sys_timer.o(.data)
    sSystick_irq_handler_cb                  0x20000050   Data           4  sys_timer.o(.data)
    .data                                    0x20000060   Section       24  rtc_timer.o(.data)
    sRtc_irq_handler_cb                      0x20000060   Data           4  rtc_timer.o(.data)
    CaptureNumber                            0x20000064   Data           4  rtc_timer.o(.data)
    PeriodValue                              0x20000068   Data           4  rtc_timer.o(.data)
    tmpCC4                                   0x2000006c   Data           4  rtc_timer.o(.data)
    timestamp_monotonic_us                   0x20000070   Data           8  rtc_timer.o(.data)
    .data                                    0x20000078   Section        8  message.o(.data)
    msg_level                                0x20000078   Data           4  message.o(.data)
    msg_printer                              0x2000007c   Data           4  message.o(.data)
    .data                                    0x20000080   Section       12  example_testapp.o(.data)
    .bss                                     0x2000008c   Section     4104  spi_slave.o(.bss)
    sSPIBufferReceived                       0x2000008c   Data        2052  spi_slave.o(.bss)
    sSPIBufferTransmit                       0x20000890   Data        2052  spi_slave.o(.bss)
    .bss                                     0x20001094   Section      132  uart.o(.bss)
    sUARTBufferRx                            0x20001094   Data          12  uart.o(.bss)
    sUARTBufferTx                            0x200010a0   Data          12  uart.o(.bss)
    sUARTLOGBufferTx                         0x200010ac   Data          12  uart.o(.bss)
    sUARTLOGBufferRx                         0x200010b8   Data          12  uart.o(.bss)
    sUARTHDSKBufferTx                        0x200010c4   Data          12  uart.o(.bss)
    sUARTHDSKBufferRx                        0x200010d0   Data          12  uart.o(.bss)
    UART_main                                0x200010dc   Data          20  uart.o(.bss)
    UART_log                                 0x200010f0   Data          20  uart.o(.bss)
    UART_hdsk                                0x20001104   Data          20  uart.o(.bss)
    .bss                                     0x20001118   Section       16  rtc_timer.o(.bss)
    rtc_config_state                         0x20001118   Data          16  rtc_timer.o(.bss)
    .bss                                     0x20001128   Section    12544  example_testapp.o(.bss)
    uart_log_buffer                          0x20001128   Data        4096  example_testapp.o(.bss)
    uart_mainRx_buffer                       0x20002128   Data        4096  example_testapp.o(.bss)
    uart_mainTx_buffer                       0x20003128   Data        4096  example_testapp.o(.bss)
    out_str                                  0x20004128   Data         256  example_testapp.o(.bss)
    .bss                                     0x20004228   Section       96  libspace.o(.bss)
    HEAP                                     0x20004288   Section      512  startup_stm32f411xe.o(HEAP)
    Heap_Mem                                 0x20004288   Data         512  startup_stm32f411xe.o(HEAP)
    STACK                                    0x20004488   Section     1024  startup_stm32f411xe.o(STACK)
    Stack_Mem                                0x20004488   Data        1024  startup_stm32f411xe.o(STACK)
    __initial_sp                             0x20004888   Data           0  startup_stm32f411xe.o(STACK)

    Global Symbols

    Symbol Name                              Value     Ov Type        Size  Object(Section)

    BuildAttributes$$THM_ISAv4$E$P$D$K$B$S$7EM$VFPi3$EXTD16$VFPS$VFMA$PE$A:L22UL41UL21$X:L11$S22US41US21$IEEE1$IW$USESV6$~STKCKD$USESV7$~SHL$OTIME$ROPI$IEEEJ$EBA8$UX$STANDARDLIB$REQ8$PRES8$EABIv2 0x00000000   Number         0  anon$$obj.o ABSOLUTE
    __ARM_use_no_argv                        0x00000000   Number         0  example_testapp.o ABSOLUTE
    _printf_flags                            0x00000000   Number         0  printf_stubs.o ABSOLUTE
    _printf_return_value                     0x00000000   Number         0  printf_stubs.o ABSOLUTE
    _printf_sizespec                         0x00000000   Number         0  printf_stubs.o ABSOLUTE
    _printf_widthprec                        0x00000000   Number         0  printf_stubs.o ABSOLUTE
    __ARM_exceptions_init                     - Undefined Weak Reference
    __alloca_initialize                       - Undefined Weak Reference
    __arm_fini_                               - Undefined Weak Reference
    __arm_preinit_                            - Undefined Weak Reference
    __cpp_initialize__aeabi_                  - Undefined Weak Reference
    __cxa_finalize                            - Undefined Weak Reference
    __sigvec_lookup                           - Undefined Weak Reference
    _atexit_init                              - Undefined Weak Reference
    _call_atexit_fns                          - Undefined Weak Reference
    _clock_init                               - Undefined Weak Reference
    _fp_trap_init                             - Undefined Weak Reference
    _fp_trap_shutdown                         - Undefined Weak Reference
    _get_lc_collate                           - Undefined Weak Reference
    _get_lc_monetary                          - Undefined Weak Reference
    _get_lc_time                              - Undefined Weak Reference
    _getenv_init                              - Undefined Weak Reference
    _handle_redirection                       - Undefined Weak Reference
    _init_alloc                               - Undefined Weak Reference
    _init_user_alloc                          - Undefined Weak Reference
    _initio                                   - Undefined Weak Reference
    _mutex_acquire                            - Undefined Weak Reference
    _mutex_release                            - Undefined Weak Reference
    _printf_mbtowc                            - Undefined Weak Reference
    _printf_wc                                - Undefined Weak Reference
    _rand_init                                - Undefined Weak Reference
    _signal_finish                            - Undefined Weak Reference
    _signal_init                              - Undefined Weak Reference
    _terminate_alloc                          - Undefined Weak Reference
    _terminate_user_alloc                     - Undefined Weak Reference
    _terminateio                              - Undefined Weak Reference
    __Vectors_Size                           0x00000198   Number         0  startup_stm32f411xe.o ABSOLUTE
    __Vectors                                0x08000000   Data           4  startup_stm32f411xe.o(RESET)
    __Vectors_End                            0x08000198   Data           0  startup_stm32f411xe.o(RESET)
    __main                                   0x08000199   Thumb Code     8  __main.o(!!!main)
    __scatterload                            0x080001a1   Thumb Code     0  __scatter.o(!!!scatter)
    __scatterload_rt2                        0x080001a1   Thumb Code    44  __scatter.o(!!!scatter)
    __scatterload_rt2_thumb_only             0x080001a1   Thumb Code     0  __scatter.o(!!!scatter)
    __scatterload_null                       0x080001af   Thumb Code     0  __scatter.o(!!!scatter)
    __scatterload_copy                       0x080001d5   Thumb Code    26  __scatter_copy.o(!!handler_copy)
    __scatterload_zeroinit                   0x080001f1   Thumb Code    28  __scatter_zi.o(!!handler_zi)
    _printf_n                                0x0800020d   Thumb Code     0  _printf_n.o(.ARM.Collect$$_printf_percent$$00000001)
    _printf_percent                          0x0800020d   Thumb Code     0  _printf_percent.o(.ARM.Collect$$_printf_percent$$00000000)
    _printf_p                                0x08000213   Thumb Code     0  _printf_p.o(.ARM.Collect$$_printf_percent$$00000002)
    _printf_f                                0x08000219   Thumb Code     0  _printf_f.o(.ARM.Collect$$_printf_percent$$00000003)
    _printf_e                                0x0800021f   Thumb Code     0  _printf_e.o(.ARM.Collect$$_printf_percent$$00000004)
    _printf_g                                0x08000225   Thumb Code     0  _printf_g.o(.ARM.Collect$$_printf_percent$$00000005)
    _printf_a                                0x0800022b   Thumb Code     0  _printf_a.o(.ARM.Collect$$_printf_percent$$00000006)
    _printf_ll                               0x08000231   Thumb Code     0  _printf_ll.o(.ARM.Collect$$_printf_percent$$00000007)
    _printf_i                                0x0800023b   Thumb Code     0  _printf_i.o(.ARM.Collect$$_printf_percent$$00000008)
    _printf_d                                0x08000241   Thumb Code     0  _printf_d.o(.ARM.Collect$$_printf_percent$$00000009)
    _printf_u                                0x08000247   Thumb Code     0  _printf_u.o(.ARM.Collect$$_printf_percent$$0000000A)
    _printf_o                                0x0800024d   Thumb Code     0  _printf_o.o(.ARM.Collect$$_printf_percent$$0000000B)
    _printf_x                                0x08000253   Thumb Code     0  _printf_x.o(.ARM.Collect$$_printf_percent$$0000000C)
    _printf_lli                              0x08000259   Thumb Code     0  _printf_lli.o(.ARM.Collect$$_printf_percent$$0000000D)
    _printf_lld                              0x0800025f   Thumb Code     0  _printf_lld.o(.ARM.Collect$$_printf_percent$$0000000E)
    _printf_llu                              0x08000265   Thumb Code     0  _printf_llu.o(.ARM.Collect$$_printf_percent$$0000000F)
    _printf_llo                              0x0800026b   Thumb Code     0  _printf_llo.o(.ARM.Collect$$_printf_percent$$00000010)
    _printf_llx                              0x08000271   Thumb Code     0  _printf_llx.o(.ARM.Collect$$_printf_percent$$00000011)
    _printf_l                                0x08000277   Thumb Code     0  _printf_l.o(.ARM.Collect$$_printf_percent$$00000012)
    _printf_c                                0x08000281   Thumb Code     0  _printf_c.o(.ARM.Collect$$_printf_percent$$00000013)
    _printf_s                                0x08000287   Thumb Code     0  _printf_s.o(.ARM.Collect$$_printf_percent$$00000014)
    _printf_lc                               0x0800028d   Thumb Code     0  _printf_lc.o(.ARM.Collect$$_printf_percent$$00000015)
    _printf_ls                               0x08000293   Thumb Code     0  _printf_ls.o(.ARM.Collect$$_printf_percent$$00000016)
    _printf_percent_end                      0x08000299   Thumb Code     0  _printf_percent_end.o(.ARM.Collect$$_printf_percent$$00000017)
    __rt_lib_init                            0x0800029d   Thumb Code     0  libinit.o(.ARM.Collect$$libinit$$00000000)
    __rt_lib_init_fp_1                       0x0800029f   Thumb Code     0  libinit2.o(.ARM.Collect$$libinit$$00000001)
    __rt_lib_init_heap_1                     0x080002a3   Thumb Code     0  libinit2.o(.ARM.Collect$$libinit$$0000000A)
    __rt_lib_init_lc_common                  0x080002a3   Thumb Code     0  libinit2.o(.ARM.Collect$$libinit$$0000000F)
    __rt_lib_init_preinit_1                  0x080002a3   Thumb Code     0  libinit2.o(.ARM.Collect$$libinit$$00000004)
    __rt_lib_init_rand_1                     0x080002a3   Thumb Code     0  libinit2.o(.ARM.Collect$$libinit$$0000000E)
    __rt_lib_init_user_alloc_1               0x080002a3   Thumb Code     0  libinit2.o(.ARM.Collect$$libinit$$0000000C)
    __rt_lib_init_lc_collate_1               0x080002a9   Thumb Code     0  libinit2.o(.ARM.Collect$$libinit$$00000011)
    __rt_lib_init_lc_ctype_2                 0x080002a9   Thumb Code     0  libinit2.o(.ARM.Collect$$libinit$$00000012)
    __rt_lib_init_lc_ctype_1                 0x080002b5   Thumb Code     0  libinit2.o(.ARM.Collect$$libinit$$00000013)
    __rt_lib_init_lc_monetary_1              0x080002b5   Thumb Code     0  libinit2.o(.ARM.Collect$$libinit$$00000015)
    __rt_lib_init_lc_numeric_2               0x080002b5   Thumb Code     0  libinit2.o(.ARM.Collect$$libinit$$00000016)
    __rt_lib_init_alloca_1                   0x080002bf   Thumb Code     0  libinit2.o(.ARM.Collect$$libinit$$0000002E)
    __rt_lib_init_argv_1                     0x080002bf   Thumb Code     0  libinit2.o(.ARM.Collect$$libinit$$0000002C)
    __rt_lib_init_atexit_1                   0x080002bf   Thumb Code     0  libinit2.o(.ARM.Collect$$libinit$$0000001B)
    __rt_lib_init_clock_1                    0x080002bf   Thumb Code     0  libinit2.o(.ARM.Collect$$libinit$$00000021)
    __rt_lib_init_cpp_1                      0x080002bf   Thumb Code     0  libinit2.o(.ARM.Collect$$libinit$$00000032)
    __rt_lib_init_exceptions_1               0x080002bf   Thumb Code     0  libinit2.o(.ARM.Collect$$libinit$$00000030)
    __rt_lib_init_fp_trap_1                  0x080002bf   Thumb Code     0  libinit2.o(.ARM.Collect$$libinit$$0000001F)
    __rt_lib_init_getenv_1                   0x080002bf   Thumb Code     0  libinit2.o(.ARM.Collect$$libinit$$00000023)
    __rt_lib_init_lc_numeric_1               0x080002bf   Thumb Code     0  libinit2.o(.ARM.Collect$$libinit$$00000017)
    __rt_lib_init_lc_time_1                  0x080002bf   Thumb Code     0  libinit2.o(.ARM.Collect$$libinit$$00000019)
    __rt_lib_init_return                     0x080002bf   Thumb Code     0  libinit2.o(.ARM.Collect$$libinit$$00000033)
    __rt_lib_init_signal_1                   0x080002bf   Thumb Code     0  libinit2.o(.ARM.Collect$$libinit$$0000001D)
    __rt_lib_init_stdio_1                    0x080002bf   Thumb Code     0  libinit2.o(.ARM.Collect$$libinit$$00000025)
    __rt_lib_shutdown                        0x080002c1   Thumb Code     0  libshutdown.o(.ARM.Collect$$libshutdown$$00000000)
    __rt_lib_shutdown_cpp_1                  0x080002c3   Thumb Code     0  libshutdown2.o(.ARM.Collect$$libshutdown$$00000004)
    __rt_lib_shutdown_fini_1                 0x080002c3   Thumb Code     0  libshutdown2.o(.ARM.Collect$$libshutdown$$00000002)
    __rt_lib_shutdown_fp_trap_1              0x080002c3   Thumb Code     0  libshutdown2.o(.ARM.Collect$$libshutdown$$00000009)
    __rt_lib_shutdown_heap_1                 0x080002c3   Thumb Code     0  libshutdown2.o(.ARM.Collect$$libshutdown$$00000011)
    __rt_lib_shutdown_return                 0x080002c3   Thumb Code     0  libshutdown2.o(.ARM.Collect$$libshutdown$$00000012)
    __rt_lib_shutdown_signal_1               0x080002c3   Thumb Code     0  libshutdown2.o(.ARM.Collect$$libshutdown$$0000000C)
    __rt_lib_shutdown_stdio_1                0x080002c3   Thumb Code     0  libshutdown2.o(.ARM.Collect$$libshutdown$$00000006)
    __rt_lib_shutdown_user_alloc_1           0x080002c3   Thumb Code     0  libshutdown2.o(.ARM.Collect$$libshutdown$$0000000E)
    __rt_entry                               0x080002c5   Thumb Code     0  __rtentry.o(.ARM.Collect$$rtentry$$00000000)
    __rt_entry_presh_1                       0x080002c5   Thumb Code     0  __rtentry2.o(.ARM.Collect$$rtentry$$00000002)
    __rt_entry_sh                            0x080002c5   Thumb Code     0  __rtentry4.o(.ARM.Collect$$rtentry$$00000004)
    __rt_entry_li                            0x080002cb   Thumb Code     0  __rtentry2.o(.ARM.Collect$$rtentry$$0000000A)
    __rt_entry_postsh_1                      0x080002cb   Thumb Code     0  __rtentry2.o(.ARM.Collect$$rtentry$$00000009)
    __rt_entry_main                          0x080002cf   Thumb Code     0  __rtentry2.o(.ARM.Collect$$rtentry$$0000000D)
    __rt_entry_postli_1                      0x080002cf   Thumb Code     0  __rtentry2.o(.ARM.Collect$$rtentry$$0000000C)
    __rt_exit                                0x080002d7   Thumb Code     0  rtexit.o(.ARM.Collect$$rtexit$$00000000)
    __rt_exit_ls                             0x080002d9   Thumb Code     0  rtexit2.o(.ARM.Collect$$rtexit$$00000003)
    __rt_exit_prels_1                        0x080002d9   Thumb Code     0  rtexit2.o(.ARM.Collect$$rtexit$$00000002)
    __rt_exit_exit                           0x080002dd   Thumb Code     0  rtexit2.o(.ARM.Collect$$rtexit$$00000004)
    Reset_Handler                            0x080002e5   Thumb Code     8  startup_stm32f411xe.o(.text)
    ADC_IRQHandler                           0x080002ff   Thumb Code     0  startup_stm32f411xe.o(.text)
    DMA1_Stream0_IRQHandler                  0x080002ff   Thumb Code     0  startup_stm32f411xe.o(.text)
    DMA1_Stream1_IRQHandler                  0x080002ff   Thumb Code     0  startup_stm32f411xe.o(.text)
    DMA1_Stream2_IRQHandler                  0x080002ff   Thumb Code     0  startup_stm32f411xe.o(.text)
    DMA1_Stream3_IRQHandler                  0x080002ff   Thumb Code     0  startup_stm32f411xe.o(.text)
    DMA1_Stream4_IRQHandler                  0x080002ff   Thumb Code     0  startup_stm32f411xe.o(.text)
    DMA1_Stream5_IRQHandler                  0x080002ff   Thumb Code     0  startup_stm32f411xe.o(.text)
    DMA1_Stream6_IRQHandler                  0x080002ff   Thumb Code     0  startup_stm32f411xe.o(.text)
    DMA1_Stream7_IRQHandler                  0x080002ff   Thumb Code     0  startup_stm32f411xe.o(.text)
    DMA2_Stream0_IRQHandler                  0x080002ff   Thumb Code     0  startup_stm32f411xe.o(.text)
    DMA2_Stream1_IRQHandler                  0x080002ff   Thumb Code     0  startup_stm32f411xe.o(.text)
    DMA2_Stream2_IRQHandler                  0x080002ff   Thumb Code     0  startup_stm32f411xe.o(.text)
    DMA2_Stream3_IRQHandler                  0x080002ff   Thumb Code     0  startup_stm32f411xe.o(.text)
    DMA2_Stream4_IRQHandler                  0x080002ff   Thumb Code     0  startup_stm32f411xe.o(.text)
    DMA2_Stream5_IRQHandler                  0x080002ff   Thumb Code     0  startup_stm32f411xe.o(.text)
    DMA2_Stream6_IRQHandler                  0x080002ff   Thumb Code     0  startup_stm32f411xe.o(.text)
    DMA2_Stream7_IRQHandler                  0x080002ff   Thumb Code     0  startup_stm32f411xe.o(.text)
    EXTI0_IRQHandler                         0x080002ff   Thumb Code     0  startup_stm32f411xe.o(.text)
    EXTI1_IRQHandler                         0x080002ff   Thumb Code     0  startup_stm32f411xe.o(.text)
    EXTI2_IRQHandler                         0x080002ff   Thumb Code     0  startup_stm32f411xe.o(.text)
    EXTI3_IRQHandler                         0x080002ff   Thumb Code     0  startup_stm32f411xe.o(.text)
    FLASH_IRQHandler                         0x080002ff   Thumb Code     0  startup_stm32f411xe.o(.text)
    FPU_IRQHandler                           0x080002ff   Thumb Code     0  startup_stm32f411xe.o(.text)
    I2C1_ER_IRQHandler                       0x080002ff   Thumb Code     0  startup_stm32f411xe.o(.text)
    I2C1_EV_IRQHandler                       0x080002ff   Thumb Code     0  startup_stm32f411xe.o(.text)
    I2C2_ER_IRQHandler                       0x080002ff   Thumb Code     0  startup_stm32f411xe.o(.text)
    I2C2_EV_IRQHandler                       0x080002ff   Thumb Code     0  startup_stm32f411xe.o(.text)
    I2C3_ER_IRQHandler                       0x080002ff   Thumb Code     0  startup_stm32f411xe.o(.text)
    I2C3_EV_IRQHandler                       0x080002ff   Thumb Code     0  startup_stm32f411xe.o(.text)
    OTG_FS_IRQHandler                        0x080002ff   Thumb Code     0  startup_stm32f411xe.o(.text)
    OTG_FS_WKUP_IRQHandler                   0x080002ff   Thumb Code     0  startup_stm32f411xe.o(.text)
    PVD_IRQHandler                           0x080002ff   Thumb Code     0  startup_stm32f411xe.o(.text)
    RCC_IRQHandler                           0x080002ff   Thumb Code     0  startup_stm32f411xe.o(.text)
    RTC_Alarm_IRQHandler                     0x080002ff   Thumb Code     0  startup_stm32f411xe.o(.text)
    SDIO_IRQHandler                          0x080002ff   Thumb Code     0  startup_stm32f411xe.o(.text)
    SPI1_IRQHandler                          0x080002ff   Thumb Code     0  startup_stm32f411xe.o(.text)
    SPI3_IRQHandler                          0x080002ff   Thumb Code     0  startup_stm32f411xe.o(.text)
    SPI4_IRQHandler                          0x080002ff   Thumb Code     0  startup_stm32f411xe.o(.text)
    SPI5_IRQHandler                          0x080002ff   Thumb Code     0  startup_stm32f411xe.o(.text)
    TAMP_STAMP_IRQHandler                    0x080002ff   Thumb Code     0  startup_stm32f411xe.o(.text)
    TIM1_BRK_TIM9_IRQHandler                 0x080002ff   Thumb Code     0  startup_stm32f411xe.o(.text)
    TIM1_CC_IRQHandler                       0x080002ff   Thumb Code     0  startup_stm32f411xe.o(.text)
    TIM1_TRG_COM_TIM11_IRQHandler            0x080002ff   Thumb Code     0  startup_stm32f411xe.o(.text)
    TIM1_UP_TIM10_IRQHandler                 0x080002ff   Thumb Code     0  startup_stm32f411xe.o(.text)
    TIM2_IRQHandler                          0x080002ff   Thumb Code     0  startup_stm32f411xe.o(.text)
    TIM3_IRQHandler                          0x080002ff   Thumb Code     0  startup_stm32f411xe.o(.text)
    TIM4_IRQHandler                          0x080002ff   Thumb Code     0  startup_stm32f411xe.o(.text)
    WWDG_IRQHandler                          0x080002ff   Thumb Code     0  startup_stm32f411xe.o(.text)
    __user_initial_stackheap                 0x08000301   Thumb Code     0  startup_stm32f411xe.o(.text)
    __use_no_semihosting                     0x08000325   Thumb Code     2  use_no_semi_2.o(.text)
    __aeabi_uldivmod                         0x08000327   Thumb Code     0  lludivv7m.o(.text)
    _ll_udiv                                 0x08000327   Thumb Code   238  lludivv7m.o(.text)
    vsnprintf                                0x08000415   Thumb Code    48  vsnprintf.o(.text)
    __2printf                                0x08000449   Thumb Code    20  __2printf.o(.text)
    __2snprintf                              0x08000461   Thumb Code    50  __2snprintf.o(.text)
    _printf_str                              0x08000499   Thumb Code    82  _printf_str.o(.text)
    _printf_int_dec                          0x080004ed   Thumb Code   104  _printf_dec.o(.text)
    __printf                                 0x08000565   Thumb Code   388  __printf_flags_ss_wp.o(.text)
    __aeabi_memcpy4                          0x080006ed   Thumb Code     0  rt_memcpy_w.o(.text)
    __aeabi_memcpy8                          0x080006ed   Thumb Code     0  rt_memcpy_w.o(.text)
    __rt_memcpy_w                            0x080006ed   Thumb Code   100  rt_memcpy_w.o(.text)
    _memcpy_lastbytes_aligned                0x08000735   Thumb Code     0  rt_memcpy_w.o(.text)
    __use_two_region_memory                  0x08000751   Thumb Code     2  heapauxi.o(.text)
    __rt_heap_escrow$2region                 0x08000753   Thumb Code     2  heapauxi.o(.text)
    __rt_heap_expand$2region                 0x08000755   Thumb Code     2  heapauxi.o(.text)
    __I$use$semihosting                      0x08000757   Thumb Code     0  use_no_semi.o(.text)
    __use_no_semihosting_swi                 0x08000757   Thumb Code     2  use_no_semi.o(.text)
    _printf_pre_padding                      0x08000759   Thumb Code    44  _printf_pad.o(.text)
    _printf_post_padding                     0x08000785   Thumb Code    34  _printf_pad.o(.text)
    _printf_truncate_signed                  0x080007a7   Thumb Code    18  _printf_truncate.o(.text)
    _printf_truncate_unsigned                0x080007b9   Thumb Code    18  _printf_truncate.o(.text)
    _printf_int_common                       0x080007cb   Thumb Code   178  _printf_intcommon.o(.text)
    _printf_charcount                        0x0800087d   Thumb Code    40  _printf_charcount.o(.text)
    __lib_sel_fp_printf                      0x080008a5   Thumb Code     2  _printf_fp_dec.o(.text)
    _printf_fp_dec_real                      0x08000a57   Thumb Code   620  _printf_fp_dec.o(.text)
    _printf_char_common                      0x08000ccf   Thumb Code    32  _printf_char_common.o(.text)
    _sputc                                   0x08000cf5   Thumb Code    10  _sputc.o(.text)
    _snputc                                  0x08000cff   Thumb Code    16  _snputc.o(.text)
    _printf_cs_common                        0x08000d0f   Thumb Code    20  _printf_char.o(.text)
    _printf_char                             0x08000d23   Thumb Code    16  _printf_char.o(.text)
    _printf_string                           0x08000d33   Thumb Code     8  _printf_char.o(.text)
    _printf_char_file                        0x08000d3d   Thumb Code    32  _printf_char_file.o(.text)
    _printf_wctomb                           0x08000d61   Thumb Code   182  _printf_wctomb.o(.text)
    _printf_longlong_dec                     0x08000e1d   Thumb Code   108  _printf_longlong_dec.o(.text)
    _printf_longlong_oct                     0x08000e99   Thumb Code    66  _printf_oct_int_ll.o(.text)
    _printf_int_oct                          0x08000edb   Thumb Code    24  _printf_oct_int_ll.o(.text)
    _printf_ll_oct                           0x08000ef3   Thumb Code    12  _printf_oct_int_ll.o(.text)
    _printf_longlong_hex                     0x08000f09   Thumb Code    86  _printf_hex_int_ll_ptr.o(.text)
    _printf_int_hex                          0x08000f5f   Thumb Code    28  _printf_hex_int_ll_ptr.o(.text)
    _printf_ll_hex                           0x08000f7b   Thumb Code    12  _printf_hex_int_ll_ptr.o(.text)
    _printf_hex_ptr                          0x08000f87   Thumb Code    18  _printf_hex_int_ll_ptr.o(.text)
    __rt_locale                              0x08000f9d   Thumb Code     8  rt_locale_intlibspace.o(.text)
    _ll_udiv10                               0x08000fa5   Thumb Code   138  lludiv10.o(.text)
    _printf_fp_hex_real                      0x08001031   Thumb Code   756  _printf_fp_hex.o(.text)
    _printf_fp_infnan                        0x0800132d   Thumb Code   112  _printf_fp_infnan.o(.text)
    _printf_lcs_common                       0x080013ad   Thumb Code    20  _printf_wchar.o(.text)
    _printf_wchar                            0x080013c1   Thumb Code    16  _printf_wchar.o(.text)
    _printf_wstring                          0x080013d1   Thumb Code     8  _printf_wchar.o(.text)
    _btod_etento                             0x080013d9   Thumb Code   224  bigflt0.o(.text)
    ferror                                   0x080014bd   Thumb Code     8  ferror.o(.text)
    _wcrtomb                                 0x080014c5   Thumb Code    64  _wcrtomb.o(.text)
    __user_libspace                          0x08001505   Thumb Code     8  libspace.o(.text)
    __user_perproc_libspace                  0x08001505   Thumb Code     0  libspace.o(.text)
    __user_perthread_libspace                0x08001505   Thumb Code     0  libspace.o(.text)
    __user_setup_stackheap                   0x0800150d   Thumb Code    74  sys_stackheap_outer.o(.text)
    __rt_ctype_table                         0x08001559   Thumb Code    16  rt_ctype_table.o(.text)
    exit                                     0x08001569   Thumb Code    18  exit.o(.text)
    strcmp                                   0x0800157d   Thumb Code   128  strcmpv7m.o(.text)
    _btod_d2e                                0x080015fd   Thumb Code    62  btod.o(CL$$btod_d2e)
    _d2e_denorm_low                          0x0800163b   Thumb Code    70  btod.o(CL$$btod_d2e_denorm_low)
    _d2e_norm_op1                            0x08001681   Thumb Code    96  btod.o(CL$$btod_d2e_norm_op1)
    __btod_div_common                        0x080016e1   Thumb Code   696  btod.o(CL$$btod_div_common)
    _e2e                                     0x08001a19   Thumb Code   220  btod.o(CL$$btod_e2e)
    _btod_ediv                               0x08001af5   Thumb Code    42  btod.o(CL$$btod_ediv)
    _btod_emul                               0x08001b1f   Thumb Code    42  btod.o(CL$$btod_emul)
    __btod_mult_common                       0x08001b49   Thumb Code   580  btod.o(CL$$btod_mult_common)
    BusFault_Handler                         0x08001d8d   Thumb Code     4  stm32f4xx_it.o(i.BusFault_Handler)
    DebugMon_Handler                         0x08001d91   Thumb Code     2  stm32f4xx_it.o(i.DebugMon_Handler)
    EXTI15_10_IRQHandler                     0x08001d95   Thumb Code    58  gpio.o(i.EXTI15_10_IRQHandler)
    EXTI4_IRQHandler                         0x08001ddd   Thumb Code    30  gpio.o(i.EXTI4_IRQHandler)
    EXTI9_5_IRQHandler                       0x08001e05   Thumb Code    60  gpio.o(i.EXTI9_5_IRQHandler)
    EXTI_ClearITPendingBit                   0x08001e49   Thumb Code     6  stm32f4xx_exti.o(i.EXTI_ClearITPendingBit)
    EXTI_GetITStatus                         0x08001e55   Thumb Code    20  stm32f4xx_exti.o(i.EXTI_GetITStatus)
    EXTI_Init                                0x08001e6d   Thumb Code   142  stm32f4xx_exti.o(i.EXTI_Init)
    GPIO_Init                                0x08001f01   Thumb Code   144  stm32f4xx_gpio.o(i.GPIO_Init)
    GPIO_PinAFConfig                         0x08001f91   Thumb Code    70  stm32f4xx_gpio.o(i.GPIO_PinAFConfig)
    GPIO_ResetBits                           0x08001fd7   Thumb Code     4  stm32f4xx_gpio.o(i.GPIO_ResetBits)
    GPIO_SetBits                             0x08001fdb   Thumb Code     4  stm32f4xx_gpio.o(i.GPIO_SetBits)
    HardFault_Handler                        0x08001fdf   Thumb Code     4  stm32f4xx_it.o(i.HardFault_Handler)
    I2C_AcknowledgeConfig                    0x08001fe3   Thumb Code    24  stm32f4xx_i2c.o(i.I2C_AcknowledgeConfig)
    I2C_ClearFlag                            0x08001ffb   Thumb Code    12  stm32f4xx_i2c.o(i.I2C_ClearFlag)
    I2C_Cmd                                  0x08002007   Thumb Code    24  stm32f4xx_i2c.o(i.I2C_Cmd)
    I2C_DeInit                               0x08002021   Thumb Code    82  stm32f4xx_i2c.o(i.I2C_DeInit)
    I2C_GenerateSTART                        0x08002081   Thumb Code    24  stm32f4xx_i2c.o(i.I2C_GenerateSTART)
    I2C_GenerateSTOP                         0x08002099   Thumb Code    24  stm32f4xx_i2c.o(i.I2C_GenerateSTOP)
    I2C_GetFlagStatus                        0x080020b1   Thumb Code    58  stm32f4xx_i2c.o(i.I2C_GetFlagStatus)
    I2C_Init                                 0x080020ed   Thumb Code   218  stm32f4xx_i2c.o(i.I2C_Init)
    I2C_ReadRegister                         0x080021d5   Thumb Code    22  stm32f4xx_i2c.o(i.I2C_ReadRegister)
    I2C_ReceiveData                          0x080021eb   Thumb Code     8  stm32f4xx_i2c.o(i.I2C_ReceiveData)
    I2C_Send7bitAddress                      0x080021f3   Thumb Code    16  stm32f4xx_i2c.o(i.I2C_Send7bitAddress)
    I2C_SendData                             0x08002203   Thumb Code     4  stm32f4xx_i2c.o(i.I2C_SendData)
    I2C_SoftwareResetCmd                     0x08002207   Thumb Code    22  stm32f4xx_i2c.o(i.I2C_SoftwareResetCmd)
    ICM4x6xx_Accel_on                        0x08002285   Thumb Code    36  icm-4x6xx.o(i.ICM4x6xx_Accel_on)
    ICM4x6xx_GetAccelData_UI                 0x080022a9   Thumb Code    72  icm-4x6xx.o(i.ICM4x6xx_GetAccelData_UI)
    ICM4x6xx_GetGyroData_UI                  0x080022f1   Thumb Code    72  icm-4x6xx.o(i.ICM4x6xx_GetGyroData_UI)
    ICM4x6xx_Gyro_on                         0x08002339   Thumb Code    94  icm-4x6xx.o(i.ICM4x6xx_Gyro_on)
    ICM4x6xx_accel_fsr                       0x08002399   Thumb Code    42  icm-4x6xx.o(i.ICM4x6xx_accel_fsr)
    ICM4x6xx_accel_odr                       0x080023c9   Thumb Code    42  icm-4x6xx.o(i.ICM4x6xx_accel_odr)
    ICM4x6xx_gyro_fsr                        0x080023f5   Thumb Code    42  icm-4x6xx.o(i.ICM4x6xx_gyro_fsr)
    ICM4x6xx_gyro_odr                        0x08002425   Thumb Code    42  icm-4x6xx.o(i.ICM4x6xx_gyro_odr)
    ICM4x6xx_init                            0x08002451   Thumb Code    44  icm-4x6xx.o(i.ICM4x6xx_init)
    MemManage_Handler                        0x08002481   Thumb Code     4  stm32f4xx_it.o(i.MemManage_Handler)
    NMI_Handler                              0x08002485   Thumb Code     2  stm32f4xx_it.o(i.NMI_Handler)
    NVIC_Init                                0x08002489   Thumb Code   106  misc.o(i.NVIC_Init)
    PWR_BackupAccessCmd                      0x08002501   Thumb Code     6  stm32f4xx_pwr.o(i.PWR_BackupAccessCmd)
    PWR_ClearFlag                            0x0800250d   Thumb Code    14  stm32f4xx_pwr.o(i.PWR_ClearFlag)
    PendSV_Handler                           0x08002521   Thumb Code     2  stm32f4xx_it.o(i.PendSV_Handler)
    RCC_AHB1PeriphClockCmd                   0x08002525   Thumb Code    26  stm32f4xx_rcc.o(i.RCC_AHB1PeriphClockCmd)
    RCC_APB1PeriphClockCmd                   0x08002545   Thumb Code    26  stm32f4xx_rcc.o(i.RCC_APB1PeriphClockCmd)
    RCC_APB1PeriphResetCmd                   0x08002565   Thumb Code    26  stm32f4xx_rcc.o(i.RCC_APB1PeriphResetCmd)
    RCC_APB2PeriphClockCmd                   0x08002585   Thumb Code    26  stm32f4xx_rcc.o(i.RCC_APB2PeriphClockCmd)
    RCC_APB2PeriphResetCmd                   0x080025a5   Thumb Code    26  stm32f4xx_rcc.o(i.RCC_APB2PeriphResetCmd)
    RCC_GetClocksFreq                        0x080025c5   Thumb Code   214  stm32f4xx_rcc.o(i.RCC_GetClocksFreq)
    RCC_GetFlagStatus                        0x080026ad   Thumb Code    60  stm32f4xx_rcc.o(i.RCC_GetFlagStatus)
    RCC_LSEConfig                            0x080026ed   Thumb Code    40  stm32f4xx_rcc.o(i.RCC_LSEConfig)
    RCC_LSICmd                               0x08002719   Thumb Code     6  stm32f4xx_rcc.o(i.RCC_LSICmd)
    RCC_RTCCLKCmd                            0x08002725   Thumb Code     6  stm32f4xx_rcc.o(i.RCC_RTCCLKCmd)
    RCC_RTCCLKConfig                         0x08002731   Thumb Code    50  stm32f4xx_rcc.o(i.RCC_RTCCLKConfig)
    RTC_ClearFlag                            0x080027a1   Thumb Code    24  stm32f4xx_rtc.o(i.RTC_ClearFlag)
    RTC_ClearITPendingBit                    0x080027bd   Thumb Code    28  stm32f4xx_rtc.o(i.RTC_ClearITPendingBit)
    RTC_EnterInitMode                        0x080027dd   Thumb Code    76  stm32f4xx_rtc.o(i.RTC_EnterInitMode)
    RTC_ExitInitMode                         0x0800282d   Thumb Code    14  stm32f4xx_rtc.o(i.RTC_ExitInitMode)
    RTC_GetITStatus                          0x08002841   Thumb Code    58  stm32f4xx_rtc.o(i.RTC_GetITStatus)
    RTC_GetSubSecond                         0x08002881   Thumb Code    14  stm32f4xx_rtc.o(i.RTC_GetSubSecond)
    RTC_GetTime                              0x08002895   Thumb Code    72  stm32f4xx_rtc.o(i.RTC_GetTime)
    RTC_ITConfig                             0x080028e5   Thumb Code    94  stm32f4xx_rtc.o(i.RTC_ITConfig)
    RTC_Init                                 0x08002949   Thumb Code    94  stm32f4xx_rtc.o(i.RTC_Init)
    RTC_SetTime                              0x080029ad   Thumb Code   198  stm32f4xx_rtc.o(i.RTC_SetTime)
    RTC_SetWakeUpCounter                     0x08002a7d   Thumb Code    22  stm32f4xx_rtc.o(i.RTC_SetWakeUpCounter)
    RTC_WKUP_IRQHandler                      0x08002a99   Thumb Code    66  rtc_timer.o(i.RTC_WKUP_IRQHandler)
    RTC_WaitForSynchro                       0x08002ae1   Thumb Code    92  stm32f4xx_rtc.o(i.RTC_WaitForSynchro)
    RTC_WakeUpClockConfig                    0x08002b41   Thumb Code    42  stm32f4xx_rtc.o(i.RTC_WakeUpClockConfig)
    RTC_WakeUpCmd                            0x08002b71   Thumb Code   116  stm32f4xx_rtc.o(i.RTC_WakeUpCmd)
    RingByteBuffer_clear                     0x08002be9   Thumb Code    12  ringbytebuffer.o(i.RingByteBuffer_clear)
    RingByteBuffer_init                      0x08002bf5   Thumb Code    18  ringbytebuffer.o(i.RingByteBuffer_init)
    RingByteBuffer_popByte                   0x08002c3b   Thumb Code    36  ringbytebuffer.o(i.RingByteBuffer_popByte)
    RingByteBuffer_pushByte                  0x08002c5f   Thumb Code    34  ringbytebuffer.o(i.RingByteBuffer_pushByte)
    SPI2_IRQHandler                          0x08002c81   Thumb Code   146  spi_slave.o(i.SPI2_IRQHandler)
    SPI_I2S_GetFlagStatus                    0x08002d25   Thumb Code    18  stm32f4xx_spi.o(i.SPI_I2S_GetFlagStatus)
    SPI_I2S_GetITStatus                      0x08002d37   Thumb Code    52  stm32f4xx_spi.o(i.SPI_I2S_GetITStatus)
    SPI_I2S_ReceiveData                      0x08002d6b   Thumb Code     6  stm32f4xx_spi.o(i.SPI_I2S_ReceiveData)
    SPI_I2S_SendData                         0x08002d71   Thumb Code     4  stm32f4xx_spi.o(i.SPI_I2S_SendData)
    SVC_Handler                              0x08002d77   Thumb Code     2  stm32f4xx_it.o(i.SVC_Handler)
    SysTick_Handler                          0x08002d79   Thumb Code    34  sys_timer.o(i.SysTick_Handler)
    SystemInit                               0x08002da5   Thumb Code    82  system_stm32f4xx.o(i.SystemInit)
    TIM5_IRQHandler                          0x08002f2d   Thumb Code    88  rtc_timer.o(i.TIM5_IRQHandler)
    TIM_ClearITPendingBit                    0x08002f95   Thumb Code     6  stm32f4xx_tim.o(i.TIM_ClearITPendingBit)
    TIM_Cmd                                  0x08002f9b   Thumb Code    24  stm32f4xx_tim.o(i.TIM_Cmd)
    TIM_DeInit                               0x08002fb5   Thumb Code   346  stm32f4xx_tim.o(i.TIM_DeInit)
    TIM_GetCapture4                          0x08003145   Thumb Code     6  stm32f4xx_tim.o(i.TIM_GetCapture4)
    TIM_GetITStatus                          0x0800314b   Thumb Code    34  stm32f4xx_tim.o(i.TIM_GetITStatus)
    TIM_ICInit                               0x0800316d   Thumb Code   110  stm32f4xx_tim.o(i.TIM_ICInit)
    TIM_ITConfig                             0x080031db   Thumb Code    18  stm32f4xx_tim.o(i.TIM_ITConfig)
    TIM_PrescalerConfig                      0x080031ed   Thumb Code     6  stm32f4xx_tim.o(i.TIM_PrescalerConfig)
    TIM_RemapConfig                          0x080031f3   Thumb Code     6  stm32f4xx_tim.o(i.TIM_RemapConfig)
    TIM_SetIC1Prescaler                      0x080031f9   Thumb Code    18  stm32f4xx_tim.o(i.TIM_SetIC1Prescaler)
    TIM_SetIC2Prescaler                      0x0800320b   Thumb Code    26  stm32f4xx_tim.o(i.TIM_SetIC2Prescaler)
    TIM_SetIC3Prescaler                      0x08003225   Thumb Code    18  stm32f4xx_tim.o(i.TIM_SetIC3Prescaler)
    TIM_SetIC4Prescaler                      0x08003237   Thumb Code    26  stm32f4xx_tim.o(i.TIM_SetIC4Prescaler)
    TIM_TimeBaseInit                         0x08003251   Thumb Code   104  stm32f4xx_tim.o(i.TIM_TimeBaseInit)
    TIM_TimeBaseStructInit                   0x080032d5   Thumb Code    18  stm32f4xx_tim.o(i.TIM_TimeBaseStructInit)
    USART1_IRQHandler                        0x080032e9   Thumb Code   110  uart.o(i.USART1_IRQHandler)
    USART2_IRQHandler                        0x0800335d   Thumb Code   110  uart.o(i.USART2_IRQHandler)
    USART6_IRQHandler                        0x080033d1   Thumb Code   110  uart.o(i.USART6_IRQHandler)
    USART_Cmd                                0x08003445   Thumb Code    24  stm32f4xx_usart.o(i.USART_Cmd)
    USART_GetFlagStatus                      0x0800345d   Thumb Code    26  stm32f4xx_usart.o(i.USART_GetFlagStatus)
    USART_GetITStatus                        0x08003477   Thumb Code    84  stm32f4xx_usart.o(i.USART_GetITStatus)
    USART_ITConfig                           0x080034cb   Thumb Code    74  stm32f4xx_usart.o(i.USART_ITConfig)
    USART_Init                               0x08003515   Thumb Code   204  stm32f4xx_usart.o(i.USART_Init)
    USART_ReceiveData                        0x080035e9   Thumb Code    10  stm32f4xx_usart.o(i.USART_ReceiveData)
    USART_SendData                           0x080035f3   Thumb Code     8  stm32f4xx_usart.o(i.USART_SendData)
    UsageFault_Handler                       0x080035fb   Thumb Code     4  stm32f4xx_it.o(i.UsageFault_Handler)
    __ARM_fpclassify                         0x080035ff   Thumb Code    48  fpclassify.o(i.__ARM_fpclassify)
    _is_digit                                0x0800362f   Thumb Code    14  __printf_wp.o(i._is_digit)
    _sys_exit                                0x0800363d   Thumb Code     4  example_testapp.o(i._sys_exit)
    delay_ms                                 0x08003641   Thumb Code    18  delay.o(i.delay_ms)
    delay_us                                 0x08003653   Thumb Code    78  delay.o(i.delay_us)
    fputc                                    0x080036a1   Thumb Code    24  example_testapp.o(i.fputc)
    gpio_init_ad0_low                        0x080036bd   Thumb Code    54  gpio.o(i.gpio_init_ad0_low)
    gpio_init_spi_slave_cs_as_high_for_I2C   0x080036f9   Thumb Code    54  gpio.o(i.gpio_init_spi_slave_cs_as_high_for_I2C)
    gpio_pins_as_input                       0x08003735   Thumb Code    44  gpio.o(i.gpio_pins_as_input)
    i2c_master_init                          0x08003765   Thumb Code   170  i2c_master.o(i.i2c_master_init)
    i2c_master_read_register                 0x08003821   Thumb Code   954  i2c_master.o(i.i2c_master_read_register)
    i2c_master_write_register                0x08003be9   Thumb Code   324  i2c_master.o(i.i2c_master_write_register)
    inv_msg                                  0x08003d65   Thumb Code    48  message.o(i.inv_msg)
    inv_msg_setup                            0x08003d9d   Thumb Code    32  message.o(i.inv_msg_setup)
    inv_serif_read                           0x08003dc5   Thumb Code    68  icm-4x6xx.o(i.inv_serif_read)
    inv_serif_read_1B                        0x08003e0d   Thumb Code    62  icm-4x6xx.o(i.inv_serif_read_1B)
    inv_serif_write_1B                       0x08003e51   Thumb Code    58  icm-4x6xx.o(i.inv_serif_write_1B)
    main                                     0x08003e91   Thumb Code   518  example_testapp.o(i.main)
    rtc_timer_get_time_us                    0x08004241   Thumb Code    42  rtc_timer.o(i.rtc_timer_get_time_us)
    rtc_timer_init                           0x08004329   Thumb Code   384  rtc_timer.o(i.rtc_timer_init)
    spi_master_read_register                 0x080046cd   Thumb Code   262  spi_master.o(i.spi_master_read_register)
    spi_master_write_register                0x080047d9   Thumb Code   256  spi_master.o(i.spi_master_write_register)
    uart_config                              0x08004929   Thumb Code   630  uart.o(i.uart_config)
    uart_putc                                0x08004bfd   Thumb Code    96  uart.o(i.uart_putc)
    _get_lc_numeric                          0x08004c5d   Thumb Code    44  lc_numeric_c.o(locale$$code)
    _get_lc_ctype                            0x08004c89   Thumb Code    44  lc_ctype_c.o(locale$$code)
    __fpl_dretinf                            0x08004cb5   Thumb Code    12  dretinf.o(x$fpl$dretinf)
    __aeabi_f2d                              0x08004cc1   Thumb Code     0  f2d.o(x$fpl$f2d)
    _f2d                                     0x08004cc1   Thumb Code    86  f2d.o(x$fpl$f2d)
    __aeabi_ul2f                             0x08004d17   Thumb Code     0  ffltll_clz.o(x$fpl$ffltll)
    _ll_uto_f                                0x08004d17   Thumb Code     6  ffltll_clz.o(x$fpl$ffltll)
    __aeabi_l2f                              0x08004d1d   Thumb Code     0  ffltll_clz.o(x$fpl$ffltll)
    _ll_sto_f                                0x08004d1d   Thumb Code    90  ffltll_clz.o(x$fpl$ffltll)
    __fpl_fnaninf                            0x08004d77   Thumb Code   140  fnaninf.o(x$fpl$fnaninf)
    _fp_init                                 0x08004e03   Thumb Code    10  fpinit.o(x$fpl$fpinit)
    __fplib_config_fpu_vfp                   0x08004e0b   Thumb Code     0  fpinit.o(x$fpl$fpinit)
    __fplib_config_pureend_doubles           0x08004e0b   Thumb Code     0  fpinit.o(x$fpl$fpinit)
    __aeabi_f2ulz                            0x08004e0d   Thumb Code     0  ffixull.o(x$fpl$llufromf)
    _ll_ufrom_f                              0x08004e0d   Thumb Code    92  ffixull.o(x$fpl$llufromf)
    _printf_fp_dec                           0x08004e69   Thumb Code     4  printf1.o(x$fpl$printf1)
    _printf_fp_hex                           0x08004e6d   Thumb Code     4  printf2.o(x$fpl$printf2)
    __I$use$fp                               0x08004e70   Number         0  usenofp.o(x$fpl$usenofp)
    Region$$Table$$Base                      0x08004ff4   Number         0  anon$$obj.o(Region$$Table)
    Region$$Table$$Limit                     0x08005014   Number         0  anon$$obj.o(Region$$Table)
    __ctype                                  0x0800503d   Data           0  lc_ctype_c.o(locale$$data)
    chipID                                   0x20000010   Data           1  icm-4x6xx.o(.data)
    i2c_address                              0x20000014   Data           4  icm-4x6xx.o(.data)
    fifo_packet_format                       0x20000018   Data           1  icm-4x6xx.o(.data)
    fifo_packet_size                         0x20000019   Data           1  icm-4x6xx.o(.data)
    gyro_on_ts                               0x2000001c   Data           4  icm-4x6xx.o(.data)
    gyro_fsr_idx                             0x20000020   Data           4  icm-4x6xx.o(.data)
    accel_fsr_idx                            0x20000024   Data           4  icm-4x6xx.o(.data)
    timestamp                                0x20000028   Data           8  icm-4x6xx.o(.data)
    m_second                                 0x20000058   Data           8  sys_timer.o(.data)
    fifo_data_20bit                          0x20000080   Data           4  example_testapp.o(.data)
    bus_type                                 0x20000084   Data           4  example_testapp.o(.data)
    __stdout                                 0x20000088   Data           4  example_testapp.o(.data)
    __libspace_start                         0x20004228   Data          96  libspace.o(.bss)
    __temporary_stack_top$libspace           0x20004288   Data           0  libspace.o(.bss)



==============================================================================

Memory Map of the image

  Image Entry point : 0x08000199

  Load Region LR_IROM1 (Base: 0x08000000, Size: 0x000051cc, Max: 0x00080000, ABSOLUTE)

    Execution Region ER_IROM1 (Exec base: 0x08000000, Load base: 0x08000000, Size: 0x00005140, Max: 0x00080000, ABSOLUTE)

    Exec Addr    Load Addr    Size         Type   Attr      Idx    E Section Name        Object

    0x08000000   0x08000000   0x00000198   Data   RO         7518    RESET               startup_stm32f411xe.o
    0x08000198   0x08000198   0x00000008   Code   RO         7617  * !!!main             c_w.l(__main.o)
    0x080001a0   0x080001a0   0x00000034   Code   RO         7940    !!!scatter          c_w.l(__scatter.o)
    0x080001d4   0x080001d4   0x0000001a   Code   RO         7942    !!handler_copy      c_w.l(__scatter_copy.o)
    0x080001ee   0x080001ee   0x00000002   PAD
    0x080001f0   0x080001f0   0x0000001c   Code   RO         7944    !!handler_zi        c_w.l(__scatter_zi.o)
    0x0800020c   0x0800020c   0x00000000   Code   RO         7606    .ARM.Collect$$_printf_percent$$00000000  c_w.l(_printf_percent.o)
    0x0800020c   0x0800020c   0x00000006   Code   RO         7689    .ARM.Collect$$_printf_percent$$00000001  c_w.l(_printf_n.o)
    0x08000212   0x08000212   0x00000006   Code   RO         7691    .ARM.Collect$$_printf_percent$$00000002  c_w.l(_printf_p.o)
    0x08000218   0x08000218   0x00000006   Code   RO         7605    .ARM.Collect$$_printf_percent$$00000003  c_w.l(_printf_f.o)
    0x0800021e   0x0800021e   0x00000006   Code   RO         7695    .ARM.Collect$$_printf_percent$$00000004  c_w.l(_printf_e.o)
    0x08000224   0x08000224   0x00000006   Code   RO         7696    .ARM.Collect$$_printf_percent$$00000005  c_w.l(_printf_g.o)
    0x0800022a   0x0800022a   0x00000006   Code   RO         7697    .ARM.Collect$$_printf_percent$$00000006  c_w.l(_printf_a.o)
    0x08000230   0x08000230   0x0000000a   Code   RO         7702    .ARM.Collect$$_printf_percent$$00000007  c_w.l(_printf_ll.o)
    0x0800023a   0x0800023a   0x00000006   Code   RO         7693    .ARM.Collect$$_printf_percent$$00000008  c_w.l(_printf_i.o)
    0x08000240   0x08000240   0x00000006   Code   RO         7604    .ARM.Collect$$_printf_percent$$00000009  c_w.l(_printf_d.o)
    0x08000246   0x08000246   0x00000006   Code   RO         7694    .ARM.Collect$$_printf_percent$$0000000A  c_w.l(_printf_u.o)
    0x0800024c   0x0800024c   0x00000006   Code   RO         7692    .ARM.Collect$$_printf_percent$$0000000B  c_w.l(_printf_o.o)
    0x08000252   0x08000252   0x00000006   Code   RO         7690    .ARM.Collect$$_printf_percent$$0000000C  c_w.l(_printf_x.o)
    0x08000258   0x08000258   0x00000006   Code   RO         7699    .ARM.Collect$$_printf_percent$$0000000D  c_w.l(_printf_lli.o)
    0x0800025e   0x0800025e   0x00000006   Code   RO         7700    .ARM.Collect$$_printf_percent$$0000000E  c_w.l(_printf_lld.o)
    0x08000264   0x08000264   0x00000006   Code   RO         7701    .ARM.Collect$$_printf_percent$$0000000F  c_w.l(_printf_llu.o)
    0x0800026a   0x0800026a   0x00000006   Code   RO         7706    .ARM.Collect$$_printf_percent$$00000010  c_w.l(_printf_llo.o)
    0x08000270   0x08000270   0x00000006   Code   RO         7707    .ARM.Collect$$_printf_percent$$00000011  c_w.l(_printf_llx.o)
    0x08000276   0x08000276   0x0000000a   Code   RO         7703    .ARM.Collect$$_printf_percent$$00000012  c_w.l(_printf_l.o)
    0x08000280   0x08000280   0x00000006   Code   RO         7688    .ARM.Collect$$_printf_percent$$00000013  c_w.l(_printf_c.o)
    0x08000286   0x08000286   0x00000006   Code   RO         7603    .ARM.Collect$$_printf_percent$$00000014  c_w.l(_printf_s.o)
    0x0800028c   0x0800028c   0x00000006   Code   RO         7704    .ARM.Collect$$_printf_percent$$00000015  c_w.l(_printf_lc.o)
    0x08000292   0x08000292   0x00000006   Code   RO         7705    .ARM.Collect$$_printf_percent$$00000016  c_w.l(_printf_ls.o)
    0x08000298   0x08000298   0x00000004   Code   RO         7698    .ARM.Collect$$_printf_percent$$00000017  c_w.l(_printf_percent_end.o)
    0x0800029c   0x0800029c   0x00000002   Code   RO         7812    .ARM.Collect$$libinit$$00000000  c_w.l(libinit.o)
    0x0800029e   0x0800029e   0x00000004   Code   RO         7813    .ARM.Collect$$libinit$$00000001  c_w.l(libinit2.o)
    0x080002a2   0x080002a2   0x00000000   Code   RO         7816    .ARM.Collect$$libinit$$00000004  c_w.l(libinit2.o)
    0x080002a2   0x080002a2   0x00000000   Code   RO         7819    .ARM.Collect$$libinit$$0000000A  c_w.l(libinit2.o)
    0x080002a2   0x080002a2   0x00000000   Code   RO         7821    .ARM.Collect$$libinit$$0000000C  c_w.l(libinit2.o)
    0x080002a2   0x080002a2   0x00000000   Code   RO         7823    .ARM.Collect$$libinit$$0000000E  c_w.l(libinit2.o)
    0x080002a2   0x080002a2   0x00000006   Code   RO         7824    .ARM.Collect$$libinit$$0000000F  c_w.l(libinit2.o)
    0x080002a8   0x080002a8   0x00000000   Code   RO         7826    .ARM.Collect$$libinit$$00000011  c_w.l(libinit2.o)
    0x080002a8   0x080002a8   0x0000000c   Code   RO         7827    .ARM.Collect$$libinit$$00000012  c_w.l(libinit2.o)
    0x080002b4   0x080002b4   0x00000000   Code   RO         7828    .ARM.Collect$$libinit$$00000013  c_w.l(libinit2.o)
    0x080002b4   0x080002b4   0x00000000   Code   RO         7830    .ARM.Collect$$libinit$$00000015  c_w.l(libinit2.o)
    0x080002b4   0x080002b4   0x0000000a   Code   RO         7831    .ARM.Collect$$libinit$$00000016  c_w.l(libinit2.o)
    0x080002be   0x080002be   0x00000000   Code   RO         7832    .ARM.Collect$$libinit$$00000017  c_w.l(libinit2.o)
    0x080002be   0x080002be   0x00000000   Code   RO         7834    .ARM.Collect$$libinit$$00000019  c_w.l(libinit2.o)
    0x080002be   0x080002be   0x00000000   Code   RO         7836    .ARM.Collect$$libinit$$0000001B  c_w.l(libinit2.o)
    0x080002be   0x080002be   0x00000000   Code   RO         7838    .ARM.Collect$$libinit$$0000001D  c_w.l(libinit2.o)
    0x080002be   0x080002be   0x00000000   Code   RO         7840    .ARM.Collect$$libinit$$0000001F  c_w.l(libinit2.o)
    0x080002be   0x080002be   0x00000000   Code   RO         7842    .ARM.Collect$$libinit$$00000021  c_w.l(libinit2.o)
    0x080002be   0x080002be   0x00000000   Code   RO         7844    .ARM.Collect$$libinit$$00000023  c_w.l(libinit2.o)
    0x080002be   0x080002be   0x00000000   Code   RO         7846    .ARM.Collect$$libinit$$00000025  c_w.l(libinit2.o)
    0x080002be   0x080002be   0x00000000   Code   RO         7850    .ARM.Collect$$libinit$$0000002C  c_w.l(libinit2.o)
    0x080002be   0x080002be   0x00000000   Code   RO         7852    .ARM.Collect$$libinit$$0000002E  c_w.l(libinit2.o)
    0x080002be   0x080002be   0x00000000   Code   RO         7854    .ARM.Collect$$libinit$$00000030  c_w.l(libinit2.o)
    0x080002be   0x080002be   0x00000000   Code   RO         7856    .ARM.Collect$$libinit$$00000032  c_w.l(libinit2.o)
    0x080002be   0x080002be   0x00000002   Code   RO         7857    .ARM.Collect$$libinit$$00000033  c_w.l(libinit2.o)
    0x080002c0   0x080002c0   0x00000002   Code   RO         7902    .ARM.Collect$$libshutdown$$00000000  c_w.l(libshutdown.o)
    0x080002c2   0x080002c2   0x00000000   Code   RO         7921    .ARM.Collect$$libshutdown$$00000002  c_w.l(libshutdown2.o)
    0x080002c2   0x080002c2   0x00000000   Code   RO         7923    .ARM.Collect$$libshutdown$$00000004  c_w.l(libshutdown2.o)
    0x080002c2   0x080002c2   0x00000000   Code   RO         7925    .ARM.Collect$$libshutdown$$00000006  c_w.l(libshutdown2.o)
    0x080002c2   0x080002c2   0x00000000   Code   RO         7928    .ARM.Collect$$libshutdown$$00000009  c_w.l(libshutdown2.o)
    0x080002c2   0x080002c2   0x00000000   Code   RO         7931    .ARM.Collect$$libshutdown$$0000000C  c_w.l(libshutdown2.o)
    0x080002c2   0x080002c2   0x00000000   Code   RO         7933    .ARM.Collect$$libshutdown$$0000000E  c_w.l(libshutdown2.o)
    0x080002c2   0x080002c2   0x00000000   Code   RO         7936    .ARM.Collect$$libshutdown$$00000011  c_w.l(libshutdown2.o)
    0x080002c2   0x080002c2   0x00000002   Code   RO         7937    .ARM.Collect$$libshutdown$$00000012  c_w.l(libshutdown2.o)
    0x080002c4   0x080002c4   0x00000000   Code   RO         7631    .ARM.Collect$$rtentry$$00000000  c_w.l(__rtentry.o)
    0x080002c4   0x080002c4   0x00000000   Code   RO         7722    .ARM.Collect$$rtentry$$00000002  c_w.l(__rtentry2.o)
    0x080002c4   0x080002c4   0x00000006   Code   RO         7734    .ARM.Collect$$rtentry$$00000004  c_w.l(__rtentry4.o)
    0x080002ca   0x080002ca   0x00000000   Code   RO         7724    .ARM.Collect$$rtentry$$00000009  c_w.l(__rtentry2.o)
    0x080002ca   0x080002ca   0x00000004   Code   RO         7725    .ARM.Collect$$rtentry$$0000000A  c_w.l(__rtentry2.o)
    0x080002ce   0x080002ce   0x00000000   Code   RO         7727    .ARM.Collect$$rtentry$$0000000C  c_w.l(__rtentry2.o)
    0x080002ce   0x080002ce   0x00000008   Code   RO         7728    .ARM.Collect$$rtentry$$0000000D  c_w.l(__rtentry2.o)
    0x080002d6   0x080002d6   0x00000002   Code   RO         7858    .ARM.Collect$$rtexit$$00000000  c_w.l(rtexit.o)
    0x080002d8   0x080002d8   0x00000000   Code   RO         7874    .ARM.Collect$$rtexit$$00000002  c_w.l(rtexit2.o)
    0x080002d8   0x080002d8   0x00000004   Code   RO         7875    .ARM.Collect$$rtexit$$00000003  c_w.l(rtexit2.o)
    0x080002dc   0x080002dc   0x00000006   Code   RO         7876    .ARM.Collect$$rtexit$$00000004  c_w.l(rtexit2.o)
    0x080002e2   0x080002e2   0x00000002   PAD
    0x080002e4   0x080002e4   0x00000040   Code   RO         7519    .text               startup_stm32f411xe.o
    0x08000324   0x08000324   0x00000002   Code   RO         7561    .text               c_w.l(use_no_semi_2.o)
    0x08000326   0x08000326   0x000000ee   Code   RO         7563    .text               c_w.l(lludivv7m.o)
    0x08000414   0x08000414   0x00000034   Code   RO         7567    .text               c_w.l(vsnprintf.o)
    0x08000448   0x08000448   0x00000018   Code   RO         7569    .text               c_w.l(__2printf.o)
    0x08000460   0x08000460   0x00000038   Code   RO         7571    .text               c_w.l(__2snprintf.o)
    0x08000498   0x08000498   0x00000052   Code   RO         7579    .text               c_w.l(_printf_str.o)
    0x080004ea   0x080004ea   0x00000002   PAD
    0x080004ec   0x080004ec   0x00000078   Code   RO         7581    .text               c_w.l(_printf_dec.o)
    0x08000564   0x08000564   0x00000188   Code   RO         7600    .text               c_w.l(__printf_flags_ss_wp.o)
    0x080006ec   0x080006ec   0x00000064   Code   RO         7609    .text               c_w.l(rt_memcpy_w.o)
    0x08000750   0x08000750   0x00000006   Code   RO         7615    .text               c_w.l(heapauxi.o)
    0x08000756   0x08000756   0x00000002   Code   RO         7629    .text               c_w.l(use_no_semi.o)
    0x08000758   0x08000758   0x0000004e   Code   RO         7636    .text               c_w.l(_printf_pad.o)
    0x080007a6   0x080007a6   0x00000024   Code   RO         7638    .text               c_w.l(_printf_truncate.o)
    0x080007ca   0x080007ca   0x000000b2   Code   RO         7640    .text               c_w.l(_printf_intcommon.o)
    0x0800087c   0x0800087c   0x00000028   Code   RO         7642    .text               c_w.l(_printf_charcount.o)
    0x080008a4   0x080008a4   0x0000041e   Code   RO         7644    .text               c_w.l(_printf_fp_dec.o)
    0x08000cc2   0x08000cc2   0x00000002   PAD
    0x08000cc4   0x08000cc4   0x00000030   Code   RO         7646    .text               c_w.l(_printf_char_common.o)
    0x08000cf4   0x08000cf4   0x0000000a   Code   RO         7648    .text               c_w.l(_sputc.o)
    0x08000cfe   0x08000cfe   0x00000010   Code   RO         7650    .text               c_w.l(_snputc.o)
    0x08000d0e   0x08000d0e   0x0000002c   Code   RO         7652    .text               c_w.l(_printf_char.o)
    0x08000d3a   0x08000d3a   0x00000002   PAD
    0x08000d3c   0x08000d3c   0x00000024   Code   RO         7654    .text               c_w.l(_printf_char_file.o)
    0x08000d60   0x08000d60   0x000000bc   Code   RO         7656    .text               c_w.l(_printf_wctomb.o)
    0x08000e1c   0x08000e1c   0x0000007c   Code   RO         7659    .text               c_w.l(_printf_longlong_dec.o)
    0x08000e98   0x08000e98   0x00000070   Code   RO         7665    .text               c_w.l(_printf_oct_int_ll.o)
    0x08000f08   0x08000f08   0x00000094   Code   RO         7685    .text               c_w.l(_printf_hex_int_ll_ptr.o)
    0x08000f9c   0x08000f9c   0x00000008   Code   RO         7741    .text               c_w.l(rt_locale_intlibspace.o)
    0x08000fa4   0x08000fa4   0x0000008a   Code   RO         7743    .text               c_w.l(lludiv10.o)
    0x0800102e   0x0800102e   0x00000002   PAD
    0x08001030   0x08001030   0x000002fc   Code   RO         7745    .text               c_w.l(_printf_fp_hex.o)
    0x0800132c   0x0800132c   0x00000080   Code   RO         7748    .text               c_w.l(_printf_fp_infnan.o)
    0x080013ac   0x080013ac   0x0000002c   Code   RO         7752    .text               c_w.l(_printf_wchar.o)
    0x080013d8   0x080013d8   0x000000e4   Code   RO         7754    .text               c_w.l(bigflt0.o)
    0x080014bc   0x080014bc   0x00000008   Code   RO         7779    .text               c_w.l(ferror.o)
    0x080014c4   0x080014c4   0x00000040   Code   RO         7783    .text               c_w.l(_wcrtomb.o)
    0x08001504   0x08001504   0x00000008   Code   RO         7792    .text               c_w.l(libspace.o)
    0x0800150c   0x0800150c   0x0000004a   Code   RO         7795    .text               c_w.l(sys_stackheap_outer.o)
    0x08001556   0x08001556   0x00000002   PAD
    0x08001558   0x08001558   0x00000010   Code   RO         7797    .text               c_w.l(rt_ctype_table.o)
    0x08001568   0x08001568   0x00000012   Code   RO         7799    .text               c_w.l(exit.o)
    0x0800157a   0x0800157a   0x00000002   PAD
    0x0800157c   0x0800157c   0x00000080   Code   RO         7805    .text               c_w.l(strcmpv7m.o)
    0x080015fc   0x080015fc   0x0000003e   Code   RO         7757    CL$$btod_d2e        c_w.l(btod.o)
    0x0800163a   0x0800163a   0x00000046   Code   RO         7759    CL$$btod_d2e_denorm_low  c_w.l(btod.o)
    0x08001680   0x08001680   0x00000060   Code   RO         7758    CL$$btod_d2e_norm_op1  c_w.l(btod.o)
    0x080016e0   0x080016e0   0x00000338   Code   RO         7767    CL$$btod_div_common  c_w.l(btod.o)
    0x08001a18   0x08001a18   0x000000dc   Code   RO         7764    CL$$btod_e2e        c_w.l(btod.o)
    0x08001af4   0x08001af4   0x0000002a   Code   RO         7761    CL$$btod_ediv       c_w.l(btod.o)
    0x08001b1e   0x08001b1e   0x0000002a   Code   RO         7760    CL$$btod_emul       c_w.l(btod.o)
    0x08001b48   0x08001b48   0x00000244   Code   RO         7766    CL$$btod_mult_common  c_w.l(btod.o)
    0x08001d8c   0x08001d8c   0x00000004   Code   RO         6648    i.BusFault_Handler  stm32f4xx_it.o
    0x08001d90   0x08001d90   0x00000002   Code   RO         6649    i.DebugMon_Handler  stm32f4xx_it.o
    0x08001d92   0x08001d92   0x00000002   PAD
    0x08001d94   0x08001d94   0x00000048   Code   RO         6254    i.EXTI15_10_IRQHandler  gpio.o
    0x08001ddc   0x08001ddc   0x00000028   Code   RO         6255    i.EXTI4_IRQHandler  gpio.o
    0x08001e04   0x08001e04   0x00000044   Code   RO         6256    i.EXTI9_5_IRQHandler  gpio.o
    0x08001e48   0x08001e48   0x0000000c   Code   RO         1468    i.EXTI_ClearITPendingBit  stm32f4xx_exti.o
    0x08001e54   0x08001e54   0x00000018   Code   RO         1472    i.EXTI_GetITStatus  stm32f4xx_exti.o
    0x08001e6c   0x08001e6c   0x00000094   Code   RO         1473    i.EXTI_Init         stm32f4xx_exti.o
    0x08001f00   0x08001f00   0x00000090   Code   RO         1846    i.GPIO_Init         stm32f4xx_gpio.o
    0x08001f90   0x08001f90   0x00000046   Code   RO         1847    i.GPIO_PinAFConfig  stm32f4xx_gpio.o
    0x08001fd6   0x08001fd6   0x00000004   Code   RO         1853    i.GPIO_ResetBits    stm32f4xx_gpio.o
    0x08001fda   0x08001fda   0x00000004   Code   RO         1854    i.GPIO_SetBits      stm32f4xx_gpio.o
    0x08001fde   0x08001fde   0x00000004   Code   RO         6650    i.HardFault_Handler  stm32f4xx_it.o
    0x08001fe2   0x08001fe2   0x00000018   Code   RO         2134    i.I2C_AcknowledgeConfig  stm32f4xx_i2c.o
    0x08001ffa   0x08001ffa   0x0000000c   Code   RO         2138    i.I2C_ClearFlag     stm32f4xx_i2c.o
    0x08002006   0x08002006   0x00000018   Code   RO         2140    i.I2C_Cmd           stm32f4xx_i2c.o
    0x0800201e   0x0800201e   0x00000002   PAD
    0x08002020   0x08002020   0x00000060   Code   RO         2143    i.I2C_DeInit        stm32f4xx_i2c.o
    0x08002080   0x08002080   0x00000018   Code   RO         2148    i.I2C_GenerateSTART  stm32f4xx_i2c.o
    0x08002098   0x08002098   0x00000018   Code   RO         2149    i.I2C_GenerateSTOP  stm32f4xx_i2c.o
    0x080020b0   0x080020b0   0x0000003a   Code   RO         2150    i.I2C_GetFlagStatus  stm32f4xx_i2c.o
    0x080020ea   0x080020ea   0x00000002   PAD
    0x080020ec   0x080020ec   0x000000e8   Code   RO         2155    i.I2C_Init          stm32f4xx_i2c.o
    0x080021d4   0x080021d4   0x00000016   Code   RO         2159    i.I2C_ReadRegister  stm32f4xx_i2c.o
    0x080021ea   0x080021ea   0x00000008   Code   RO         2160    i.I2C_ReceiveData   stm32f4xx_i2c.o
    0x080021f2   0x080021f2   0x00000010   Code   RO         2162    i.I2C_Send7bitAddress  stm32f4xx_i2c.o
    0x08002202   0x08002202   0x00000004   Code   RO         2163    i.I2C_SendData      stm32f4xx_i2c.o
    0x08002206   0x08002206   0x00000016   Code   RO         2164    i.I2C_SoftwareResetCmd  stm32f4xx_i2c.o
    0x0800221c   0x0800221c   0x00000068   Code   RO         6337    i.I2Cx_TIMEOUT_UserCallback  i2c_master.o
    0x08002284   0x08002284   0x00000024   Code   RO         4932    i.ICM4x6xx_Accel_on  icm-4x6xx.o
    0x080022a8   0x080022a8   0x00000048   Code   RO         4933    i.ICM4x6xx_GetAccelData_UI  icm-4x6xx.o
    0x080022f0   0x080022f0   0x00000048   Code   RO         4938    i.ICM4x6xx_GetGyroData_UI  icm-4x6xx.o
    0x08002338   0x08002338   0x0000005e   Code   RO         4941    i.ICM4x6xx_Gyro_on  icm-4x6xx.o
    0x08002396   0x08002396   0x00000002   PAD
    0x08002398   0x08002398   0x00000030   Code   RO         4943    i.ICM4x6xx_accel_fsr  icm-4x6xx.o
    0x080023c8   0x080023c8   0x0000002a   Code   RO         4944    i.ICM4x6xx_accel_odr  icm-4x6xx.o
    0x080023f2   0x080023f2   0x00000002   PAD
    0x080023f4   0x080023f4   0x00000030   Code   RO         4947    i.ICM4x6xx_gyro_fsr  icm-4x6xx.o
    0x08002424   0x08002424   0x0000002a   Code   RO         4948    i.ICM4x6xx_gyro_odr  icm-4x6xx.o
    0x0800244e   0x0800244e   0x00000002   PAD
    0x08002450   0x08002450   0x00000030   Code   RO         4949    i.ICM4x6xx_init     icm-4x6xx.o
    0x08002480   0x08002480   0x00000004   Code   RO         6651    i.MemManage_Handler  stm32f4xx_it.o
    0x08002484   0x08002484   0x00000002   Code   RO         6652    i.NMI_Handler       stm32f4xx_it.o
    0x08002486   0x08002486   0x00000002   PAD
    0x08002488   0x08002488   0x00000078   Code   RO            4    i.NVIC_Init         misc.o
    0x08002500   0x08002500   0x0000000c   Code   RO         2637    i.PWR_BackupAccessCmd  stm32f4xx_pwr.o
    0x0800250c   0x0800250c   0x00000014   Code   RO         2639    i.PWR_ClearFlag     stm32f4xx_pwr.o
    0x08002520   0x08002520   0x00000002   Code   RO         6653    i.PendSV_Handler    stm32f4xx_it.o
    0x08002522   0x08002522   0x00000002   PAD
    0x08002524   0x08002524   0x00000020   Code   RO         2784    i.RCC_AHB1PeriphClockCmd  stm32f4xx_rcc.o
    0x08002544   0x08002544   0x00000020   Code   RO         2790    i.RCC_APB1PeriphClockCmd  stm32f4xx_rcc.o
    0x08002564   0x08002564   0x00000020   Code   RO         2792    i.RCC_APB1PeriphResetCmd  stm32f4xx_rcc.o
    0x08002584   0x08002584   0x00000020   Code   RO         2793    i.RCC_APB2PeriphClockCmd  stm32f4xx_rcc.o
    0x080025a4   0x080025a4   0x00000020   Code   RO         2795    i.RCC_APB2PeriphResetCmd  stm32f4xx_rcc.o
    0x080025c4   0x080025c4   0x000000e8   Code   RO         2802    i.RCC_GetClocksFreq  stm32f4xx_rcc.o
    0x080026ac   0x080026ac   0x00000040   Code   RO         2803    i.RCC_GetFlagStatus  stm32f4xx_rcc.o
    0x080026ec   0x080026ec   0x0000002c   Code   RO         2811    i.RCC_LSEConfig     stm32f4xx_rcc.o
    0x08002718   0x08002718   0x0000000c   Code   RO         2813    i.RCC_LSICmd        stm32f4xx_rcc.o
    0x08002724   0x08002724   0x0000000c   Code   RO         2825    i.RCC_RTCCLKCmd     stm32f4xx_rcc.o
    0x08002730   0x08002730   0x0000003c   Code   RO         2826    i.RCC_RTCCLKConfig  stm32f4xx_rcc.o
    0x0800276c   0x0800276c   0x00000016   Code   RO         3113    i.RTC_Bcd2ToByte    stm32f4xx_rtc.o
    0x08002782   0x08002782   0x0000001c   Code   RO         3115    i.RTC_ByteToBcd2    stm32f4xx_rtc.o
    0x0800279e   0x0800279e   0x00000002   PAD
    0x080027a0   0x080027a0   0x0000001c   Code   RO         3118    i.RTC_ClearFlag     stm32f4xx_rtc.o
    0x080027bc   0x080027bc   0x00000020   Code   RO         3119    i.RTC_ClearITPendingBit  stm32f4xx_rtc.o
    0x080027dc   0x080027dc   0x00000050   Code   RO         3125    i.RTC_EnterInitMode  stm32f4xx_rtc.o
    0x0800282c   0x0800282c   0x00000014   Code   RO         3126    i.RTC_ExitInitMode  stm32f4xx_rtc.o
    0x08002840   0x08002840   0x00000040   Code   RO         3131    i.RTC_GetITStatus   stm32f4xx_rtc.o
    0x08002880   0x08002880   0x00000014   Code   RO         3133    i.RTC_GetSubSecond  stm32f4xx_rtc.o
    0x08002894   0x08002894   0x00000050   Code   RO         3134    i.RTC_GetTime       stm32f4xx_rtc.o
    0x080028e4   0x080028e4   0x00000064   Code   RO         3138    i.RTC_ITConfig      stm32f4xx_rtc.o
    0x08002948   0x08002948   0x00000064   Code   RO         3139    i.RTC_Init          stm32f4xx_rtc.o
    0x080029ac   0x080029ac   0x000000d0   Code   RO         3146    i.RTC_SetTime       stm32f4xx_rtc.o
    0x08002a7c   0x08002a7c   0x0000001c   Code   RO         3147    i.RTC_SetWakeUpCounter  stm32f4xx_rtc.o
    0x08002a98   0x08002a98   0x00000048   Code   RO         6925    i.RTC_WKUP_IRQHandler  rtc_timer.o
    0x08002ae0   0x08002ae0   0x00000060   Code   RO         3162    i.RTC_WaitForSynchro  stm32f4xx_rtc.o
    0x08002b40   0x08002b40   0x00000030   Code   RO         3163    i.RTC_WakeUpClockConfig  stm32f4xx_rtc.o
    0x08002b70   0x08002b70   0x00000078   Code   RO         3164    i.RTC_WakeUpCmd     stm32f4xx_rtc.o
    0x08002be8   0x08002be8   0x0000000c   Code   RO         7259    i.RingByteBuffer_clear  ringbytebuffer.o
    0x08002bf4   0x08002bf4   0x00000012   Code   RO         7260    i.RingByteBuffer_init  ringbytebuffer.o
    0x08002c06   0x08002c06   0x0000001a   Code   RO         6802    i.RingByteBuffer_isEmpty  uart.o
    0x08002c20   0x08002c20   0x0000001a   Code   RO         6803    i.RingByteBuffer_isFull  uart.o
    0x08002c3a   0x08002c3a   0x00000024   Code   RO         7262    i.RingByteBuffer_popByte  ringbytebuffer.o
    0x08002c5e   0x08002c5e   0x00000022   Code   RO         7264    i.RingByteBuffer_pushByte  ringbytebuffer.o
    0x08002c80   0x08002c80   0x000000a4   Code   RO         6577    i.SPI2_IRQHandler   spi_slave.o
    0x08002d24   0x08002d24   0x00000012   Code   RO         3872    i.SPI_I2S_GetFlagStatus  stm32f4xx_spi.o
    0x08002d36   0x08002d36   0x00000034   Code   RO         3873    i.SPI_I2S_GetITStatus  stm32f4xx_spi.o
    0x08002d6a   0x08002d6a   0x00000006   Code   RO         3875    i.SPI_I2S_ReceiveData  stm32f4xx_spi.o
    0x08002d70   0x08002d70   0x00000004   Code   RO         3876    i.SPI_I2S_SendData  stm32f4xx_spi.o
    0x08002d74   0x08002d74   0x00000002   Code   RO         6485    i.SPIx_TIMEOUT_UserCallback  spi_master.o
    0x08002d76   0x08002d76   0x00000002   Code   RO         6654    i.SVC_Handler       stm32f4xx_it.o
    0x08002d78   0x08002d78   0x0000002c   Code   RO         6718    i.SysTick_Handler   sys_timer.o
    0x08002da4   0x08002da4   0x00000064   Code   RO         7527    i.SystemInit        system_stm32f4xx.o
    0x08002e08   0x08002e08   0x0000003a   Code   RO         4086    i.TI1_Config        stm32f4xx_tim.o
    0x08002e42   0x08002e42   0x00000050   Code   RO         4087    i.TI2_Config        stm32f4xx_tim.o
    0x08002e92   0x08002e92   0x00000048   Code   RO         4088    i.TI3_Config        stm32f4xx_tim.o
    0x08002eda   0x08002eda   0x00000050   Code   RO         4089    i.TI4_Config        stm32f4xx_tim.o
    0x08002f2a   0x08002f2a   0x00000002   PAD
    0x08002f2c   0x08002f2c   0x00000068   Code   RO         6926    i.TIM5_IRQHandler   rtc_timer.o
    0x08002f94   0x08002f94   0x00000006   Code   RO         4097    i.TIM_ClearITPendingBit  stm32f4xx_tim.o
    0x08002f9a   0x08002f9a   0x00000018   Code   RO         4102    i.TIM_Cmd           stm32f4xx_tim.o
    0x08002fb2   0x08002fb2   0x00000002   PAD
    0x08002fb4   0x08002fb4   0x00000190   Code   RO         4107    i.TIM_DeInit        stm32f4xx_tim.o
    0x08003144   0x08003144   0x00000006   Code   RO         4120    i.TIM_GetCapture4   stm32f4xx_tim.o
    0x0800314a   0x0800314a   0x00000022   Code   RO         4123    i.TIM_GetITStatus   stm32f4xx_tim.o
    0x0800316c   0x0800316c   0x0000006e   Code   RO         4125    i.TIM_ICInit        stm32f4xx_tim.o
    0x080031da   0x080031da   0x00000012   Code   RO         4127    i.TIM_ITConfig      stm32f4xx_tim.o
    0x080031ec   0x080031ec   0x00000006   Code   RO         4151    i.TIM_PrescalerConfig  stm32f4xx_tim.o
    0x080031f2   0x080031f2   0x00000006   Code   RO         4152    i.TIM_RemapConfig   stm32f4xx_tim.o
    0x080031f8   0x080031f8   0x00000012   Code   RO         4169    i.TIM_SetIC1Prescaler  stm32f4xx_tim.o
    0x0800320a   0x0800320a   0x0000001a   Code   RO         4170    i.TIM_SetIC2Prescaler  stm32f4xx_tim.o
    0x08003224   0x08003224   0x00000012   Code   RO         4171    i.TIM_SetIC3Prescaler  stm32f4xx_tim.o
    0x08003236   0x08003236   0x0000001a   Code   RO         4172    i.TIM_SetIC4Prescaler  stm32f4xx_tim.o
    0x08003250   0x08003250   0x00000084   Code   RO         4174    i.TIM_TimeBaseInit  stm32f4xx_tim.o
    0x080032d4   0x080032d4   0x00000012   Code   RO         4175    i.TIM_TimeBaseStructInit  stm32f4xx_tim.o
    0x080032e6   0x080032e6   0x00000002   PAD
    0x080032e8   0x080032e8   0x00000074   Code   RO         6804    i.USART1_IRQHandler  uart.o
    0x0800335c   0x0800335c   0x00000074   Code   RO         6805    i.USART2_IRQHandler  uart.o
    0x080033d0   0x080033d0   0x00000074   Code   RO         6806    i.USART6_IRQHandler  uart.o
    0x08003444   0x08003444   0x00000018   Code   RO         4656    i.USART_Cmd         stm32f4xx_usart.o
    0x0800345c   0x0800345c   0x0000001a   Code   RO         4659    i.USART_GetFlagStatus  stm32f4xx_usart.o
    0x08003476   0x08003476   0x00000054   Code   RO         4660    i.USART_GetITStatus  stm32f4xx_usart.o
    0x080034ca   0x080034ca   0x0000004a   Code   RO         4662    i.USART_ITConfig    stm32f4xx_usart.o
    0x08003514   0x08003514   0x000000d4   Code   RO         4663    i.USART_Init        stm32f4xx_usart.o
    0x080035e8   0x080035e8   0x0000000a   Code   RO         4670    i.USART_ReceiveData  stm32f4xx_usart.o
    0x080035f2   0x080035f2   0x00000008   Code   RO         4673    i.USART_SendData    stm32f4xx_usart.o
    0x080035fa   0x080035fa   0x00000004   Code   RO         6655    i.UsageFault_Handler  stm32f4xx_it.o
    0x080035fe   0x080035fe   0x00000030   Code   RO         7790    i.__ARM_fpclassify  m_wm.l(fpclassify.o)
    0x0800362e   0x0800362e   0x0000000e   Code   RO         7593    i._is_digit         c_w.l(__printf_wp.o)
    0x0800363c   0x0800363c   0x00000004   Code   RO         7356    i._sys_exit         example_testapp.o
    0x08003640   0x08003640   0x00000012   Code   RO         6199    i.delay_ms          delay.o
    0x08003652   0x08003652   0x0000004e   Code   RO         6200    i.delay_us          delay.o
    0x080036a0   0x080036a0   0x0000001c   Code   RO         7357    i.fputc             example_testapp.o
    0x080036bc   0x080036bc   0x0000003c   Code   RO         6258    i.gpio_init_ad0_low  gpio.o
    0x080036f8   0x080036f8   0x0000003c   Code   RO         6260    i.gpio_init_spi_slave_cs_as_high_for_I2C  gpio.o
    0x08003734   0x08003734   0x00000030   Code   RO         6262    i.gpio_pins_as_input  gpio.o
    0x08003764   0x08003764   0x000000bc   Code   RO         6339    i.i2c_master_init   i2c_master.o
    0x08003820   0x08003820   0x000003c8   Code   RO         6341    i.i2c_master_read_register  i2c_master.o
    0x08003be8   0x08003be8   0x00000150   Code   RO         6343    i.i2c_master_write_register  i2c_master.o
    0x08003d38   0x08003d38   0x0000002c   Code   RO         6201    i.internal_delay    delay.o
    0x08003d64   0x08003d64   0x00000038   Code   RO         7045    i.inv_msg           message.o
    0x08003d9c   0x08003d9c   0x00000028   Code   RO         7048    i.inv_msg_setup     message.o
    0x08003dc4   0x08003dc4   0x00000048   Code   RO         4952    i.inv_serif_read    icm-4x6xx.o
    0x08003e0c   0x08003e0c   0x00000044   Code   RO         4953    i.inv_serif_read_1B  icm-4x6xx.o
    0x08003e50   0x08003e50   0x00000040   Code   RO         4955    i.inv_serif_write_1B  icm-4x6xx.o
    0x08003e90   0x08003e90   0x00000344   Code   RO         7358    i.main              example_testapp.o
    0x080041d4   0x080041d4   0x0000006c   Code   RO         7359    i.msg_printer       example_testapp.o
    0x08004240   0x08004240   0x00000034   Code   RO         6927    i.rtc_timer_get_time_us  rtc_timer.o
    0x08004274   0x08004274   0x000000b4   Code   RO         6928    i.rtc_timer_get_timestamp_us  rtc_timer.o
    0x08004328   0x08004328   0x0000018c   Code   RO         6929    i.rtc_timer_init    rtc_timer.o
    0x080044b4   0x080044b4   0x000000fc   Code   RO         6930    i.rtc_timer_measure_LSI_frequency  rtc_timer.o
    0x080045b0   0x080045b0   0x00000080   Code   RO         6931    i.rtc_timer_set_RTC_wakeup  rtc_timer.o
    0x08004630   0x08004630   0x00000034   Code   RO         6202    i.setup_timer       delay.o
    0x08004664   0x08004664   0x00000024   Code   RO         6487    i.spi_master_get_cs_pin  spi_master.o
    0x08004688   0x08004688   0x00000028   Code   RO         6488    i.spi_master_get_cs_port  spi_master.o
    0x080046b0   0x080046b0   0x0000001c   Code   RO         6489    i.spi_master_get_instance  spi_master.o
    0x080046cc   0x080046cc   0x0000010c   Code   RO         6496    i.spi_master_read_register  spi_master.o
    0x080047d8   0x080047d8   0x00000104   Code   RO         6497    i.spi_master_write_register  spi_master.o
    0x080048dc   0x080048dc   0x00000034   Code   RO         6203    i.start_timer       delay.o
    0x08004910   0x08004910   0x00000018   Code   RO         6204    i.stop_timer        delay.o
    0x08004928   0x08004928   0x000002ac   Code   RO         6808    i.uart_config       uart.o
    0x08004bd4   0x08004bd4   0x00000028   Code   RO         6810    i.uart_get_instance  uart.o
    0x08004bfc   0x08004bfc   0x00000060   Code   RO         6812    i.uart_putc         uart.o
    0x08004c5c   0x08004c5c   0x0000002c   Code   RO         7786    locale$$code        c_w.l(lc_numeric_c.o)
    0x08004c88   0x08004c88   0x0000002c   Code   RO         7863    locale$$code        c_w.l(lc_ctype_c.o)
    0x08004cb4   0x08004cb4   0x0000000c   Code   RO         7710    x$fpl$dretinf       fz_wm.l(dretinf.o)
    0x08004cc0   0x08004cc0   0x00000056   Code   RO         7619    x$fpl$f2d           fz_wm.l(f2d.o)
    0x08004d16   0x08004d16   0x00000060   Code   RO         7625    x$fpl$ffltll        fz_wm.l(ffltll_clz.o)
    0x08004d76   0x08004d76   0x0000008c   Code   RO         7712    x$fpl$fnaninf       fz_wm.l(fnaninf.o)
    0x08004e02   0x08004e02   0x0000000a   Code   RO         7871    x$fpl$fpinit        fz_wm.l(fpinit.o)
    0x08004e0c   0x08004e0c   0x0000005c   Code   RO         7621    x$fpl$llufromf      fz_wm.l(ffixull.o)
    0x08004e68   0x08004e68   0x00000004   Code   RO         7627    x$fpl$printf1       fz_wm.l(printf1.o)
    0x08004e6c   0x08004e6c   0x00000004   Code   RO         7714    x$fpl$printf2       fz_wm.l(printf2.o)
    0x08004e70   0x08004e70   0x00000000   Code   RO         7720    x$fpl$usenofp       fz_wm.l(usenofp.o)
    0x08004e70   0x08004e70   0x00000018   Data   RO         7361    .constdata          example_testapp.o
    0x08004e88   0x08004e88   0x00000011   Data   RO         7601    .constdata          c_w.l(__printf_flags_ss_wp.o)
    0x08004e99   0x08004e99   0x00000003   PAD
    0x08004e9c   0x08004e9c   0x00000008   Data   RO         7657    .constdata          c_w.l(_printf_wctomb.o)
    0x08004ea4   0x08004ea4   0x00000028   Data   RO         7686    .constdata          c_w.l(_printf_hex_int_ll_ptr.o)
    0x08004ecc   0x08004ecc   0x00000026   Data   RO         7746    .constdata          c_w.l(_printf_fp_hex.o)
    0x08004ef2   0x08004ef2   0x00000002   PAD
    0x08004ef4   0x08004ef4   0x00000094   Data   RO         7755    .constdata          c_w.l(bigflt0.o)
    0x08004f88   0x08004f88   0x00000069   Data   RO         7362    .conststring        example_testapp.o
    0x08004ff1   0x08004ff1   0x00000003   PAD
    0x08004ff4   0x08004ff4   0x00000020   Data   RO         7938    Region$$Table       anon$$obj.o
    0x08005014   0x08005014   0x0000001c   Data   RO         7785    locale$$data        c_w.l(lc_numeric_c.o)
    0x08005030   0x08005030   0x00000110   Data   RO         7862    locale$$data        c_w.l(lc_ctype_c.o)


    Execution Region RW_IRAM1 (Exec base: 0x20000000, Load base: 0x08005140, Size: 0x00004888, Max: 0x00020000, ABSOLUTE)

    Exec Addr    Load Addr    Size         Type   Attr      Idx    E Section Name        Object

    0x20000000   0x08005140   0x00000010   Data   RW         2832    .data               stm32f4xx_rcc.o
    0x20000010   0x08005150   0x00000022   Data   RW         4956    .data               icm-4x6xx.o
    0x20000032   0x08005172   0x00000001   Data   RW         6205    .data               delay.o
    0x20000033   0x08005173   0x00000001   PAD
    0x20000034   0x08005174   0x0000000c   Data   RW         6264    .data               gpio.o
    0x20000040   0x08005180   0x00000001   Data   RW         6349    .data               i2c_master.o
    0x20000041   0x08005181   0x00000003   PAD
    0x20000044   0x08005184   0x00000008   Data   RW         6585    .data               spi_slave.o
    0x2000004c   0x0800518c   0x00000004   PAD
    0x20000050   0x08005190   0x00000010   Data   RW         6722    .data               sys_timer.o
    0x20000060   0x080051a0   0x00000018   Data   RW         6935    .data               rtc_timer.o
    0x20000078   0x080051b8   0x00000008   Data   RW         7049    .data               message.o
    0x20000080   0x080051c0   0x0000000c   Data   RW         7363    .data               example_testapp.o
    0x2000008c        -       0x00001008   Zero   RW         6584    .bss                spi_slave.o
    0x20001094        -       0x00000084   Zero   RW         6814    .bss                uart.o
    0x20001118        -       0x00000010   Zero   RW         6934    .bss                rtc_timer.o
    0x20001128        -       0x00003100   Zero   RW         7360    .bss                example_testapp.o
    0x20004228        -       0x00000060   Zero   RW         7793    .bss                c_w.l(libspace.o)
    0x20004288        -       0x00000200   Zero   RW         7517    HEAP                startup_stm32f411xe.o
    0x20004488        -       0x00000400   Zero   RW         7516    STACK               startup_stm32f411xe.o


==============================================================================

Image component sizes


      Code (inc. data)   RO Data    RW Data    ZI Data      Debug   Object Name

       268         24          0          1          0       3942   delay.o
       976        334        129         12      12544       6138   example_testapp.o
       348         48          0         12          0       4701   gpio.o
      1596         54          0          1          0       5693   i2c_master.o
       706         32          0         34          0      24918   icm-4x6xx.o
         0          0          0          0          0        368   invlist.o
         0          0          0          0          0        880   logger.o
        96         16          0          8          0       2794   message.o
       120         14          0          0          0     287716   misc.o
       100          0          0          0          0       2932   ringbytebuffer.o
      1184         80          0         24         16       6629   rtc_timer.o
       634         42          0          0          0       6907   spi_master.o
       164         18          0          8       4104       2238   spi_slave.o
        64         26        408          0       1536        888   startup_stm32f411xe.o
         0          0          0          0          0     203348   stm32f4xx_cec.o
       184         16          0          0          0       2540   stm32f4xx_exti.o
       222          0          0          0          0       3399   stm32f4xx_gpio.o
       566         28          0          0          0       9526   stm32f4xx_i2c.o
        24          0          0          0          0       3928   stm32f4xx_it.o
        32         12          0          0          0       1202   stm32f4xx_pwr.o
       584         78          0         16          0       9749   stm32f4xx_rcc.o
      1074         80          0          0          0      12050   stm32f4xx_rtc.o
        80          0          0          0          0       3591   stm32f4xx_spi.o
      1138         82          0          0          0      14251   stm32f4xx_tim.o
       438          8          0          0          0       6217   stm32f4xx_usart.o
        44         10          0         16          0       1337   sys_timer.o
       100         18          0          0          0        557   system_stm32f4xx.o
      1220         86          0          0        132     211066   uart.o

    ----------------------------------------------------------------------
     11986       1106        572        140      18332     839505   Object Totals
         0          0         32          0          0          0   (incl. Generated)
        24          0          3          8          0          0   (incl. Padding)

    ----------------------------------------------------------------------

      Code (inc. data)   RO Data    RW Data    ZI Data      Debug   Library Member Name

        24          4          0          0          0         84   __2printf.o
        56          6          0          0          0         88   __2snprintf.o
         8          0          0          0          0         68   __main.o
       392          4         17          0          0         92   __printf_flags_ss_wp.o
        14          0          0          0          0         68   __printf_wp.o
         0          0          0          0          0          0   __rtentry.o
        12          0          0          0          0          0   __rtentry2.o
         6          0          0          0          0          0   __rtentry4.o
        52          8          0          0          0          0   __scatter.o
        26          0          0          0          0          0   __scatter_copy.o
        28          0          0          0          0          0   __scatter_zi.o
         6          0          0          0          0          0   _printf_a.o
         6          0          0          0          0          0   _printf_c.o
        44          0          0          0          0        108   _printf_char.o
        48          6          0          0          0         96   _printf_char_common.o
        36          4          0          0          0         80   _printf_char_file.o
        40          0          0          0          0         68   _printf_charcount.o
         6          0          0          0          0          0   _printf_d.o
       120         16          0          0          0         92   _printf_dec.o
         6          0          0          0          0          0   _printf_e.o
         6          0          0          0          0          0   _printf_f.o
      1054          0          0          0          0        216   _printf_fp_dec.o
       764          8         38          0          0        100   _printf_fp_hex.o
       128         16          0          0          0         84   _printf_fp_infnan.o
         6          0          0          0          0          0   _printf_g.o
       148          4         40          0          0        160   _printf_hex_int_ll_ptr.o
         6          0          0          0          0          0   _printf_i.o
       178          0          0          0          0         88   _printf_intcommon.o
        10          0          0          0          0          0   _printf_l.o
         6          0          0          0          0          0   _printf_lc.o
        10          0          0          0          0          0   _printf_ll.o
         6          0          0          0          0          0   _printf_lld.o
         6          0          0          0          0          0   _printf_lli.o
         6          0          0          0          0          0   _printf_llo.o
         6          0          0          0          0          0   _printf_llu.o
         6          0          0          0          0          0   _printf_llx.o
       124         16          0          0          0         92   _printf_longlong_dec.o
         6          0          0          0          0          0   _printf_ls.o
         6          0          0          0          0          0   _printf_n.o
         6          0          0          0          0          0   _printf_o.o
       112         10          0          0          0        124   _printf_oct_int_ll.o
         6          0          0          0          0          0   _printf_p.o
        78          0          0          0          0        108   _printf_pad.o
         0          0          0          0          0          0   _printf_percent.o
         4          0          0          0          0          0   _printf_percent_end.o
         6          0          0          0          0          0   _printf_s.o
        82          0          0          0          0         80   _printf_str.o
        36          0          0          0          0         84   _printf_truncate.o
         6          0          0          0          0          0   _printf_u.o
        44          0          0          0          0        108   _printf_wchar.o
       188          6          8          0          0         92   _printf_wctomb.o
         6          0          0          0          0          0   _printf_x.o
        16          0          0          0          0         68   _snputc.o
        10          0          0          0          0         68   _sputc.o
        64          0          0          0          0         92   _wcrtomb.o
       228          4        148          0          0         96   bigflt0.o
      1936        128          0          0          0        672   btod.o
        18          0          0          0          0         80   exit.o
         8          0          0          0          0         68   ferror.o
         6          0          0          0          0        152   heapauxi.o
        44         10        272          0          0         76   lc_ctype_c.o
        44         10         28          0          0         76   lc_numeric_c.o
         2          0          0          0          0          0   libinit.o
        34          0          0          0          0          0   libinit2.o
         2          0          0          0          0          0   libshutdown.o
         2          0          0          0          0          0   libshutdown2.o
         8          4          0          0         96         68   libspace.o
       138          0          0          0          0         80   lludiv10.o
       238          0          0          0          0        100   lludivv7m.o
        16          4          0          0          0         76   rt_ctype_table.o
         8          4          0          0          0         68   rt_locale_intlibspace.o
       100          0          0          0          0         80   rt_memcpy_w.o
         2          0          0          0          0          0   rtexit.o
        10          0          0          0          0          0   rtexit2.o
       128          0          0          0          0         68   strcmpv7m.o
        74          0          0          0          0         80   sys_stackheap_outer.o
         2          0          0          0          0         68   use_no_semi.o
         2          0          0          0          0         68   use_no_semi_2.o
        52          4          0          0          0         80   vsnprintf.o
        12          0          0          0          0        116   dretinf.o
        86          4          0          0          0        132   f2d.o
        92          4          0          0          0        132   ffixull.o
        96          0          0          0          0        132   ffltll_clz.o
       140          4          0          0          0        132   fnaninf.o
        10          0          0          0          0        116   fpinit.o
         4          0          0          0          0        116   printf1.o
         4          0          0          0          0        116   printf2.o
         0          0          0          0          0          0   usenofp.o
        48          0          0          0          0        124   fpclassify.o

    ----------------------------------------------------------------------
      7686        288        556          0         96       5580   Library Totals
        16          0          5          0          0          0   (incl. Padding)

    ----------------------------------------------------------------------

      Code (inc. data)   RO Data    RW Data    ZI Data      Debug   Library Name

      7178        276        551          0         96       4464   c_w.l
       444         12          0          0          0        992   fz_wm.l
        48          0          0          0          0        124   m_wm.l

    ----------------------------------------------------------------------
      7686        288        556          0         96       5580   Library Totals

    ----------------------------------------------------------------------

==============================================================================


      Code (inc. data)   RO Data    RW Data    ZI Data      Debug   

     19672       1394       1128        140      18428     827441   Grand Totals
     19672       1394       1128        140      18428     827441   ELF Image Totals
     19672       1394       1128        140          0          0   ROM Totals

==============================================================================

    Total RO  Size (Code + RO Data)                20800 (  20.31kB)
    Total RW  Size (RW Data + ZI Data)             18568 (  18.13kB)
    Total ROM Size (Code + RO Data + RW Data)      20940 (  20.45kB)

==============================================================================

