Component: ARM Compiler 5.06 update 7 (build 960) Tool: armlink [4d3601]

==============================================================================

Section Cross References

    stm32f4xx_adc.o(i.ADC_DeInit) refers to stm32f4xx_rcc.o(i.RCC_APB2PeriphResetCmd) for RCC_APB2PeriphResetCmd
    stm32f4xx_can.o(i.CAN_DeInit) refers to stm32f4xx_rcc.o(i.RCC_APB1PeriphResetCmd) for RCC_APB1PeriphResetCmd
    stm32f4xx_can.o(i.CAN_GetITStatus) refers to stm32f4xx_can.o(i.CheckITStatus) for CheckITStatus
    stm32f4xx_cryp.o(i.CRYP_DeInit) refers to stm32f4xx_rcc.o(i.RCC_AHB2PeriphResetCmd) for RCC_AHB2PeriphResetCmd
    stm32f4xx_cryp_aes.o(i.CRYP_AES_CBC) refers to stm32f4xx_cryp.o(i.CRYP_KeyStructInit) for CRYP_KeyStructInit
    stm32f4xx_cryp_aes.o(i.CRYP_AES_CBC) refers to stm32f4xx_cryp.o(i.CRYP_FIFOFlush) for CRYP_FIFOFlush
    stm32f4xx_cryp_aes.o(i.CRYP_AES_CBC) refers to stm32f4xx_cryp.o(i.CRYP_Init) for CRYP_Init
    stm32f4xx_cryp_aes.o(i.CRYP_AES_CBC) refers to stm32f4xx_cryp.o(i.CRYP_KeyInit) for CRYP_KeyInit
    stm32f4xx_cryp_aes.o(i.CRYP_AES_CBC) refers to stm32f4xx_cryp.o(i.CRYP_Cmd) for CRYP_Cmd
    stm32f4xx_cryp_aes.o(i.CRYP_AES_CBC) refers to stm32f4xx_cryp.o(i.CRYP_GetFlagStatus) for CRYP_GetFlagStatus
    stm32f4xx_cryp_aes.o(i.CRYP_AES_CBC) refers to stm32f4xx_cryp.o(i.CRYP_IVInit) for CRYP_IVInit
    stm32f4xx_cryp_aes.o(i.CRYP_AES_CBC) refers to stm32f4xx_cryp.o(i.CRYP_GetCmdStatus) for CRYP_GetCmdStatus
    stm32f4xx_cryp_aes.o(i.CRYP_AES_CBC) refers to stm32f4xx_cryp.o(i.CRYP_DataIn) for CRYP_DataIn
    stm32f4xx_cryp_aes.o(i.CRYP_AES_CBC) refers to stm32f4xx_cryp.o(i.CRYP_DataOut) for CRYP_DataOut
    stm32f4xx_cryp_aes.o(i.CRYP_AES_CCM) refers to stm32f4xx_cryp.o(i.CRYP_KeyStructInit) for CRYP_KeyStructInit
    stm32f4xx_cryp_aes.o(i.CRYP_AES_CCM) refers to stm32f4xx_cryp.o(i.CRYP_FIFOFlush) for CRYP_FIFOFlush
    stm32f4xx_cryp_aes.o(i.CRYP_AES_CCM) refers to stm32f4xx_cryp.o(i.CRYP_KeyInit) for CRYP_KeyInit
    stm32f4xx_cryp_aes.o(i.CRYP_AES_CCM) refers to stm32f4xx_cryp.o(i.CRYP_IVInit) for CRYP_IVInit
    stm32f4xx_cryp_aes.o(i.CRYP_AES_CCM) refers to stm32f4xx_cryp.o(i.CRYP_Init) for CRYP_Init
    stm32f4xx_cryp_aes.o(i.CRYP_AES_CCM) refers to stm32f4xx_cryp.o(i.CRYP_PhaseConfig) for CRYP_PhaseConfig
    stm32f4xx_cryp_aes.o(i.CRYP_AES_CCM) refers to stm32f4xx_cryp.o(i.CRYP_DataIn) for CRYP_DataIn
    stm32f4xx_cryp_aes.o(i.CRYP_AES_CCM) refers to stm32f4xx_cryp.o(i.CRYP_Cmd) for CRYP_Cmd
    stm32f4xx_cryp_aes.o(i.CRYP_AES_CCM) refers to stm32f4xx_cryp.o(i.CRYP_GetCmdStatus) for CRYP_GetCmdStatus
    stm32f4xx_cryp_aes.o(i.CRYP_AES_CCM) refers to stm32f4xx_cryp.o(i.CRYP_GetFlagStatus) for CRYP_GetFlagStatus
    stm32f4xx_cryp_aes.o(i.CRYP_AES_CCM) refers to stm32f4xx_cryp.o(i.CRYP_DataOut) for CRYP_DataOut
    stm32f4xx_cryp_aes.o(i.CRYP_AES_CTR) refers to stm32f4xx_cryp.o(i.CRYP_KeyStructInit) for CRYP_KeyStructInit
    stm32f4xx_cryp_aes.o(i.CRYP_AES_CTR) refers to stm32f4xx_cryp.o(i.CRYP_KeyInit) for CRYP_KeyInit
    stm32f4xx_cryp_aes.o(i.CRYP_AES_CTR) refers to stm32f4xx_cryp.o(i.CRYP_Init) for CRYP_Init
    stm32f4xx_cryp_aes.o(i.CRYP_AES_CTR) refers to stm32f4xx_cryp.o(i.CRYP_IVInit) for CRYP_IVInit
    stm32f4xx_cryp_aes.o(i.CRYP_AES_CTR) refers to stm32f4xx_cryp.o(i.CRYP_FIFOFlush) for CRYP_FIFOFlush
    stm32f4xx_cryp_aes.o(i.CRYP_AES_CTR) refers to stm32f4xx_cryp.o(i.CRYP_Cmd) for CRYP_Cmd
    stm32f4xx_cryp_aes.o(i.CRYP_AES_CTR) refers to stm32f4xx_cryp.o(i.CRYP_GetCmdStatus) for CRYP_GetCmdStatus
    stm32f4xx_cryp_aes.o(i.CRYP_AES_CTR) refers to stm32f4xx_cryp.o(i.CRYP_DataIn) for CRYP_DataIn
    stm32f4xx_cryp_aes.o(i.CRYP_AES_CTR) refers to stm32f4xx_cryp.o(i.CRYP_GetFlagStatus) for CRYP_GetFlagStatus
    stm32f4xx_cryp_aes.o(i.CRYP_AES_CTR) refers to stm32f4xx_cryp.o(i.CRYP_DataOut) for CRYP_DataOut
    stm32f4xx_cryp_aes.o(i.CRYP_AES_ECB) refers to stm32f4xx_cryp.o(i.CRYP_KeyStructInit) for CRYP_KeyStructInit
    stm32f4xx_cryp_aes.o(i.CRYP_AES_ECB) refers to stm32f4xx_cryp.o(i.CRYP_FIFOFlush) for CRYP_FIFOFlush
    stm32f4xx_cryp_aes.o(i.CRYP_AES_ECB) refers to stm32f4xx_cryp.o(i.CRYP_Init) for CRYP_Init
    stm32f4xx_cryp_aes.o(i.CRYP_AES_ECB) refers to stm32f4xx_cryp.o(i.CRYP_KeyInit) for CRYP_KeyInit
    stm32f4xx_cryp_aes.o(i.CRYP_AES_ECB) refers to stm32f4xx_cryp.o(i.CRYP_Cmd) for CRYP_Cmd
    stm32f4xx_cryp_aes.o(i.CRYP_AES_ECB) refers to stm32f4xx_cryp.o(i.CRYP_GetFlagStatus) for CRYP_GetFlagStatus
    stm32f4xx_cryp_aes.o(i.CRYP_AES_ECB) refers to stm32f4xx_cryp.o(i.CRYP_GetCmdStatus) for CRYP_GetCmdStatus
    stm32f4xx_cryp_aes.o(i.CRYP_AES_ECB) refers to stm32f4xx_cryp.o(i.CRYP_DataIn) for CRYP_DataIn
    stm32f4xx_cryp_aes.o(i.CRYP_AES_ECB) refers to stm32f4xx_cryp.o(i.CRYP_DataOut) for CRYP_DataOut
    stm32f4xx_cryp_aes.o(i.CRYP_AES_GCM) refers to stm32f4xx_cryp.o(i.CRYP_KeyStructInit) for CRYP_KeyStructInit
    stm32f4xx_cryp_aes.o(i.CRYP_AES_GCM) refers to stm32f4xx_cryp.o(i.CRYP_FIFOFlush) for CRYP_FIFOFlush
[...]
    .ARM.Collect$$libinit$$0000001F          0x08000212   Section        0  libinit2.o(.ARM.Collect$$libinit$$0000001F)
    .ARM.Collect$$libinit$$00000021          0x08000212   Section        0  libinit2.o(.ARM.Collect$$libinit$$00000021)
    .ARM.Collect$$libinit$$00000023          0x08000212   Section        0  libinit2.o(.ARM.Collect$$libinit$$00000023)
    .ARM.Collect$$libinit$$00000025          0x08000212   Section        0  libinit2.o(.ARM.Collect$$libinit$$00000025)
    .ARM.Collect$$libinit$$0000002C          0x08000212   Section        0  libinit2.o(.ARM.Collect$$libinit$$0000002C)
    .ARM.Collect$$libinit$$0000002E          0x08000212   Section        0  libinit2.o(.ARM.Collect$$libinit$$0000002E)
    .ARM.Collect$$libinit$$00000030          0x08000212   Section        0  libinit2.o(.ARM.Collect$$libinit$$00000030)
    .ARM.Collect$$libinit$$00000032          0x08000212   Section        0  libinit2.o(.ARM.Collect$$libinit$$00000032)
    .ARM.Collect$$libinit$$00000033          0x08000212   Section        2  libinit2.o(.ARM.Collect$$libinit$$00000033)
    .ARM.Collect$$libshutdown$$00000000      0x08000214   Section        2  libshutdown.o(.ARM.Collect$$libshutdown$$00000000)
    .ARM.Collect$$libshutdown$$00000002      0x08000216   Section        0  libshutdown2.o(.ARM.Collect$$libshutdown$$00000002)
    .ARM.Collect$$libshutdown$$00000004      0x08000216   Section        0  libshutdown2.o(.ARM.Collect$$libshutdown$$00000004)
    .ARM.Collect$$libshutdown$$00000006      0x08000216   Section        0  libshutdown2.o(.ARM.Collect$$libshutdown$$00000006)
    .ARM.Collect$$libshutdown$$00000009      0x08000216   Section        0  libshutdown2.o(.ARM.Collect$$libshutdown$$00000009)
    .ARM.Collect$$libshutdown$$0000000C      0x08000216   Section        0  libshutdown2.o(.ARM.Collect$$libshutdown$$0000000C)
    .ARM.Collect$$libshutdown$$0000000E      0x08000216   Section        0  libshutdown2.o(.ARM.Collect$$libshutdown$$0000000E)
    .ARM.Collect$$libshutdown$$00000011      0x08000216   Section        0  libshutdown2.o(.ARM.Collect$$libshutdown$$00000011)
    .ARM.Collect$$libshutdown$$00000012      0x08000216   Section        2  libshutdown2.o(.ARM.Collect$$libshutdown$$00000012)
    .ARM.Collect$$rtentry$$00000000          0x08000218   Section        0  __rtentry.o(.ARM.Collect$$rtentry$$00000000)
    .ARM.Collect$$rtentry$$00000002          0x08000218   Section        0  __rtentry2.o(.ARM.Collect$$rtentry$$00000002)
    .ARM.Collect$$rtentry$$00000004          0x08000218   Section        6  __rtentry4.o(.ARM.Collect$$rtentry$$00000004)
    .ARM.Collect$$rtentry$$00000009          0x0800021e   Section        0  __rtentry2.o(.ARM.Collect$$rtentry$$00000009)
    .ARM.Collect$$rtentry$$0000000A          0x0800021e   Section        4  __rtentry2.o(.ARM.Collect$$rtentry$$0000000A)
    .ARM.Collect$$rtentry$$0000000C          0x08000222   Section        0  __rtentry2.o(.ARM.Collect$$rtentry$$0000000C)
    .ARM.Collect$$rtentry$$0000000D          0x08000222   Section        8  __rtentry2.o(.ARM.Collect$$rtentry$$0000000D)
    .ARM.Collect$$rtexit$$00000000           0x0800022a   Section        2  rtexit.o(.ARM.Collect$$rtexit$$00000000)
    .ARM.Collect$$rtexit$$00000002           0x0800022c   Section        0  rtexit2.o(.ARM.Collect$$rtexit$$00000002)
    .ARM.Collect$$rtexit$$00000003           0x0800022c   Section        4  rtexit2.o(.ARM.Collect$$rtexit$$00000003)
    .ARM.Collect$$rtexit$$00000004           0x08000230   Section        6  rtexit2.o(.ARM.Collect$$rtexit$$00000004)
    .text                                    0x08000238   Section       64  startup_stm32f411xe.o(.text)
    $v0                                      0x08000238   Number         0  startup_stm32f411xe.o(.text)
    .text                                    0x08000278   Section      238  lludivv7m.o(.text)
    .text                                    0x08000366   Section        0  heapauxi.o(.text)
    .text                                    0x0800036c   Section        2  use_no_semi.o(.text)
    .text                                    0x0800036e   Section        0  indicate_semi.o(.text)
    .text                                    0x0800036e   Section       74  sys_stackheap_outer.o(.text)
    .text                                    0x080003b8   Section        0  exit.o(.text)
    .text                                    0x080003cc   Section        0  sys_exit.o(.text)
    .text                                    0x080003d8   Section        8  libspace.o(.text)
    i.BusFault_Handler                       0x080003e0   Section        0  stm32f4xx_it.o(i.BusFault_Handler)
    i.DebugMon_Handler                       0x080003e4   Section        0  stm32f4xx_it.o(i.DebugMon_Handler)
    i.EXTI15_10_IRQHandler                   0x080003e8   Section        0  gpio.o(i.EXTI15_10_IRQHandler)
    i.EXTI4_IRQHandler                       0x08000430   Section        0  gpio.o(i.EXTI4_IRQHandler)
    i.EXTI9_5_IRQHandler                     0x08000458   Section        0  gpio.o(i.EXTI9_5_IRQHandler)
    i.EXTI_ClearITPendingBit                 0x0800049c   Section        0  stm32f4xx_exti.o(i.EXTI_ClearITPendingBit)
    i.EXTI_GetITStatus                       0x080004a8   Section        0  stm32f4xx_exti.o(i.EXTI_GetITStatus)
    i.EXTI_Init                              0x080004c0   Section        0  stm32f4xx_exti.o(i.EXTI_Init)
    i.GPIO_Init                              0x08000554   Section        0  stm32f4xx_gpio.o(i.GPIO_Init)
    i.GPIO_PinAFConfig                       0x080005e4   Section        0  stm32f4xx_gpio.o(i.GPIO_PinAFConfig)
    i.GPIO_ResetBits                         0x0800062a   Section        0  stm32f4xx_gpio.o(i.GPIO_ResetBits)
    i.GPIO_SetBits                           0x0800062e   Section        0  stm32f4xx_gpio.o(i.GPIO_SetBits)
    i.HardFault_Handler                      0x08000632   Section        0  stm32f4xx_it.o(i.HardFault_Handler)
    i.I2C_AcknowledgeConfig                  0x08000636   Section        0  stm32f4xx_i2c.o(i.I2C_AcknowledgeConfig)
    i.I2C_ClearFlag                          0x0800064e   Section        0  stm32f4xx_i2c.o(i.I2C_ClearFlag)
    i.I2C_Cmd                                0x0800065a   Section        0  stm32f4xx_i2c.o(i.I2C_Cmd)
    i.I2C_DeInit                             0x08000674   Section        0  stm32f4xx_i2c.o(i.I2C_DeInit)
    i.I2C_GenerateSTART                      0x080006d4   Section        0  stm32f4xx_i2c.o(i.I2C_GenerateSTART)
    i.I2C_GenerateSTOP                       0x080006ec   Section        0  stm32f4xx_i2c.o(i.I2C_GenerateSTOP)
    i.I2C_GetFlagStatus                      0x08000704   Section        0  stm32f4xx_i2c.o(i.I2C_GetFlagStatus)
    i.I2C_Init                               0x08000740   Section        0  stm32f4xx_i2c.o(i.I2C_Init)
    i.I2C_ReadRegister                       0x08000828   Section        0  stm32f4xx_i2c.o(i.I2C_ReadRegister)
    i.I2C_ReceiveData                        0x0800083e   Section        0  stm32f4xx_i2c.o(i.I2C_ReceiveData)
    i.I2C_Send7bitAddress                    0x08000846   Section        0  stm32f4xx_i2c.o(i.I2C_Send7bitAddress)
    i.I2C_SendData                           0x08000856   Section        0  stm32f4xx_i2c.o(i.I2C_SendData)
    i.I2C_SoftwareResetCmd                   0x0800085a   Section        0  stm32f4xx_i2c.o(i.I2C_SoftwareResetCmd)
    i.I2Cx_TIMEOUT_UserCallback              0x08000870   Section        0  i2c_master.o(i.I2Cx_TIMEOUT_UserCallback)
    I2Cx_TIMEOUT_UserCallback                0x08000871   Thumb Code    94  i2c_master.o(i.I2Cx_TIMEOUT_UserCallback)
    i.ICM4x6xx_Accel_on                      0x080008d8   Section        0  icm-4x6xx.o(i.ICM4x6xx_Accel_on)
    i.ICM4x6xx_GetAccelData_UI               0x080008fc   Section        0  icm-4x6xx.o(i.ICM4x6xx_GetAccelData_UI)
    i.ICM4x6xx_GetGyroData_UI                0x08000944   Section        0  icm-4x6xx.o(i.ICM4x6xx_GetGyroData_UI)
    i.ICM4x6xx_Gyro_on                       0x0800098c   Section        0  icm-4x6xx.o(i.ICM4x6xx_Gyro_on)
    i.ICM4x6xx_accel_fsr                     0x080009ec   Section        0  icm-4x6xx.o(i.ICM4x6xx_accel_fsr)
    i.ICM4x6xx_accel_odr                     0x08000a1c   Section        0  icm-4x6xx.o(i.ICM4x6xx_accel_odr)
    i.ICM4x6xx_gyro_fsr                      0x08000a48   Section        0  icm-4x6xx.o(i.ICM4x6xx_gyro_fsr)
    i.ICM4x6xx_gyro_odr                      0x08000a78   Section        0  icm-4x6xx.o(i.ICM4x6xx_gyro_odr)
    i.ICM4x6xx_init                          0x08000aa4   Section        0  icm-4x6xx.o(i.ICM4x6xx_init)
    i.ICM4x6xx_int_enable                    0x08000ad4   Section        0  icm-4x6xx.o(i.ICM4x6xx_int_enable)
    i.ICM4x6xx_int_mode_config               0x08000b08   Section        0  icm-4x6xx.o(i.ICM4x6xx_int_mode_config)
    i.MemManage_Handler                      0x08000b1e   Section        0  stm32f4xx_it.o(i.MemManage_Handler)
    i.NMI_Handler                            0x08000b22   Section        0  stm32f4xx_it.o(i.NMI_Handler)
    i.NVIC_Init                              0x08000b24   Section        0  misc.o(i.NVIC_Init)
    i.PWR_BackupAccessCmd                    0x08000b9c   Section        0  stm32f4xx_pwr.o(i.PWR_BackupAccessCmd)
    i.PWR_ClearFlag                          0x08000ba8   Section        0  stm32f4xx_pwr.o(i.PWR_ClearFlag)
    i.PendSV_Handler                         0x08000bbc   Section        0  stm32f4xx_it.o(i.PendSV_Handler)
    i.RCC_AHB1PeriphClockCmd                 0x08000bc0   Section        0  stm32f4xx_rcc.o(i.RCC_AHB1PeriphClockCmd)
    i.RCC_APB1PeriphClockCmd                 0x08000be0   Section        0  stm32f4xx_rcc.o(i.RCC_APB1PeriphClockCmd)
    i.RCC_APB1PeriphResetCmd                 0x08000c00   Section        0  stm32f4xx_rcc.o(i.RCC_APB1PeriphResetCmd)
    i.RCC_APB2PeriphClockCmd                 0x08000c20   Section        0  stm32f4xx_rcc.o(i.RCC_APB2PeriphClockCmd)
    i.RCC_APB2PeriphResetCmd                 0x08000c40   Section        0  stm32f4xx_rcc.o(i.RCC_APB2PeriphResetCmd)
    i.RCC_GetClocksFreq                      0x08000c60   Section        0  stm32f4xx_rcc.o(i.RCC_GetClocksFreq)
    i.RCC_GetFlagStatus                      0x08000d48   Section        0  stm32f4xx_rcc.o(i.RCC_GetFlagStatus)
    i.RCC_LSEConfig                          0x08000d88   Section        0  stm32f4xx_rcc.o(i.RCC_LSEConfig)
    i.RCC_LSICmd                             0x08000db4   Section        0  stm32f4xx_rcc.o(i.RCC_LSICmd)
    i.RCC_RTCCLKCmd                          0x08000dc0   Section        0  stm32f4xx_rcc.o(i.RCC_RTCCLKCmd)
    i.RCC_RTCCLKConfig                       0x08000dcc   Section        0  stm32f4xx_rcc.o(i.RCC_RTCCLKConfig)
    i.RTC_Bcd2ToByte                         0x08000e08   Section        0  stm32f4xx_rtc.o(i.RTC_Bcd2ToByte)
    RTC_Bcd2ToByte                           0x08000e09   Thumb Code    22  stm32f4xx_rtc.o(i.RTC_Bcd2ToByte)
    i.RTC_ByteToBcd2                         0x08000e1e   Section        0  stm32f4xx_rtc.o(i.RTC_ByteToBcd2)
    RTC_ByteToBcd2                           0x08000e1f   Thumb Code    28  stm32f4xx_rtc.o(i.RTC_ByteToBcd2)
    i.RTC_ClearFlag                          0x08000e3c   Section        0  stm32f4xx_rtc.o(i.RTC_ClearFlag)
    i.RTC_ClearITPendingBit                  0x08000e58   Section        0  stm32f4xx_rtc.o(i.RTC_ClearITPendingBit)
    i.RTC_EnterInitMode                      0x08000e78   Section        0  stm32f4xx_rtc.o(i.RTC_EnterInitMode)
    i.RTC_ExitInitMode                       0x08000ec8   Section        0  stm32f4xx_rtc.o(i.RTC_ExitInitMode)
    i.RTC_GetITStatus                        0x08000edc   Section        0  stm32f4xx_rtc.o(i.RTC_GetITStatus)
    i.RTC_GetSubSecond                       0x08000f1c   Section        0  stm32f4xx_rtc.o(i.RTC_GetSubSecond)
    i.RTC_GetTime                            0x08000f30   Section        0  stm32f4xx_rtc.o(i.RTC_GetTime)
    i.RTC_ITConfig                           0x08000f80   Section        0  stm32f4xx_rtc.o(i.RTC_ITConfig)
    i.RTC_Init                               0x08000fe4   Section        0  stm32f4xx_rtc.o(i.RTC_Init)
    i.RTC_SetTime                            0x08001048   Section        0  stm32f4xx_rtc.o(i.RTC_SetTime)
    i.RTC_SetWakeUpCounter                   0x08001118   Section        0  stm32f4xx_rtc.o(i.RTC_SetWakeUpCounter)
    i.RTC_WKUP_IRQHandler                    0x08001134   Section        0  rtc_timer.o(i.RTC_WKUP_IRQHandler)
    i.RTC_WaitForSynchro                     0x0800117c   Section        0  stm32f4xx_rtc.o(i.RTC_WaitForSynchro)
    i.RTC_WakeUpClockConfig                  0x080011dc   Section        0  stm32f4xx_rtc.o(i.RTC_WakeUpClockConfig)
    i.RTC_WakeUpCmd                          0x0800120c   Section        0  stm32f4xx_rtc.o(i.RTC_WakeUpCmd)
    i.RingByteBuffer_clear                   0x08001284   Section        0  ringbytebuffer.o(i.RingByteBuffer_clear)
    i.RingByteBuffer_init                    0x08001290   Section        0  ringbytebuffer.o(i.RingByteBuffer_init)
    i.RingByteBuffer_isEmpty                 0x080012a2   Section        0  uart.o(i.RingByteBuffer_isEmpty)
    RingByteBuffer_isEmpty                   0x080012a3   Thumb Code    26  uart.o(i.RingByteBuffer_isEmpty)
    i.RingByteBuffer_isFull                  0x080012bc   Section        0  uart.o(i.RingByteBuffer_isFull)
    RingByteBuffer_isFull                    0x080012bd   Thumb Code    26  uart.o(i.RingByteBuffer_isFull)
    i.RingByteBuffer_popByte                 0x080012d6   Section        0  ringbytebuffer.o(i.RingByteBuffer_popByte)
    i.RingByteBuffer_pushByte                0x080012fa   Section        0  ringbytebuffer.o(i.RingByteBuffer_pushByte)
    i.SPI2_IRQHandler                        0x0800131c   Section        0  spi_slave.o(i.SPI2_IRQHandler)
    i.SPI_Cmd                                0x080013c0   Section        0  stm32f4xx_spi.o(i.SPI_Cmd)
    i.SPI_I2S_GetFlagStatus                  0x080013d8   Section        0  stm32f4xx_spi.o(i.SPI_I2S_GetFlagStatus)
    i.SPI_I2S_GetITStatus                    0x080013ea   Section        0  stm32f4xx_spi.o(i.SPI_I2S_GetITStatus)
    i.SPI_I2S_ReceiveData                    0x0800141e   Section        0  stm32f4xx_spi.o(i.SPI_I2S_ReceiveData)
    i.SPI_I2S_SendData                       0x08001424   Section        0  stm32f4xx_spi.o(i.SPI_I2S_SendData)
    i.SPI_Init                               0x08001428   Section        0  stm32f4xx_spi.o(i.SPI_Init)
    i.SPIx_TIMEOUT_UserCallback              0x08001464   Section        0  spi_master.o(i.SPIx_TIMEOUT_UserCallback)
    SPIx_TIMEOUT_UserCallback                0x08001465   Thumb Code     2  spi_master.o(i.SPIx_TIMEOUT_UserCallback)
    i.SVC_Handler                            0x08001466   Section        0  stm32f4xx_it.o(i.SVC_Handler)
    i.SYSCFG_EXTILineConfig                  0x08001468   Section        0  stm32f4xx_syscfg.o(i.SYSCFG_EXTILineConfig)
    i.SysTick_Handler                        0x080014a8   Section        0  sys_timer.o(i.SysTick_Handler)
    i.SystemInit                             0x080014d4   Section        0  system_stm32f4xx.o(i.SystemInit)
    i.TI1_Config                             0x08001538   Section        0  stm32f4xx_tim.o(i.TI1_Config)
    TI1_Config                               0x08001539   Thumb Code    58  stm32f4xx_tim.o(i.TI1_Config)
    i.TI2_Config                             0x08001572   Section        0  stm32f4xx_tim.o(i.TI2_Config)
    TI2_Config                               0x08001573   Thumb Code    80  stm32f4xx_tim.o(i.TI2_Config)
    i.TI3_Config                             0x080015c2   Section        0  stm32f4xx_tim.o(i.TI3_Config)
    TI3_Config                               0x080015c3   Thumb Code    72  stm32f4xx_tim.o(i.TI3_Config)
    i.TI4_Config                             0x0800160a   Section        0  stm32f4xx_tim.o(i.TI4_Config)
    TI4_Config                               0x0800160b   Thumb Code    80  stm32f4xx_tim.o(i.TI4_Config)
    i.TIM5_IRQHandler                        0x0800165c   Section        0  rtc_timer.o(i.TIM5_IRQHandler)
    i.TIM_ClearITPendingBit                  0x080016c4   Section        0  stm32f4xx_tim.o(i.TIM_ClearITPendingBit)
    i.TIM_Cmd                                0x080016ca   Section        0  stm32f4xx_tim.o(i.TIM_Cmd)
    i.TIM_DeInit                             0x080016e4   Section        0  stm32f4xx_tim.o(i.TIM_DeInit)
    i.TIM_GetCapture4                        0x08001874   Section        0  stm32f4xx_tim.o(i.TIM_GetCapture4)
    i.TIM_GetITStatus                        0x0800187a   Section        0  stm32f4xx_tim.o(i.TIM_GetITStatus)
    i.TIM_ICInit                             0x0800189c   Section        0  stm32f4xx_tim.o(i.TIM_ICInit)
    i.TIM_ITConfig                           0x0800190a   Section        0  stm32f4xx_tim.o(i.TIM_ITConfig)
    i.TIM_PrescalerConfig                    0x0800191c   Section        0  stm32f4xx_tim.o(i.TIM_PrescalerConfig)
    i.TIM_RemapConfig                        0x08001922   Section        0  stm32f4xx_tim.o(i.TIM_RemapConfig)
    i.TIM_SetIC1Prescaler                    0x08001928   Section        0  stm32f4xx_tim.o(i.TIM_SetIC1Prescaler)
    i.TIM_SetIC2Prescaler                    0x0800193a   Section        0  stm32f4xx_tim.o(i.TIM_SetIC2Prescaler)
    i.TIM_SetIC3Prescaler                    0x08001954   Section        0  stm32f4xx_tim.o(i.TIM_SetIC3Prescaler)
    i.TIM_SetIC4Prescaler                    0x08001966   Section        0  stm32f4xx_tim.o(i.TIM_SetIC4Prescaler)
    i.TIM_TimeBaseInit                       0x08001980   Section        0  stm32f4xx_tim.o(i.TIM_TimeBaseInit)
    i.TIM_TimeBaseStructInit                 0x08001a04   Section        0  stm32f4xx_tim.o(i.TIM_TimeBaseStructInit)
    i.USART1_IRQHandler                      0x08001a18   Section        0  uart.o(i.USART1_IRQHandler)
    i.USART2_IRQHandler                      0x08001a8c   Section        0  uart.o(i.USART2_IRQHandler)
    i.USART6_IRQHandler                      0x08001b00   Section        0  uart.o(i.USART6_IRQHandler)
    i.USART_Cmd                              0x08001b74   Section        0  stm32f4xx_usart.o(i.USART_Cmd)
    i.USART_GetITStatus                      0x08001b8c   Section        0  stm32f4xx_usart.o(i.USART_GetITStatus)
    i.USART_ITConfig                         0x08001be0   Section        0  stm32f4xx_usart.o(i.USART_ITConfig)
    i.USART_Init                             0x08001c2c   Section        0  stm32f4xx_usart.o(i.USART_Init)
    i.USART_ReceiveData                      0x08001d00   Section        0  stm32f4xx_usart.o(i.USART_ReceiveData)
    i.USART_SendData                         0x08001d0a   Section        0  stm32f4xx_usart.o(i.USART_SendData)
    i.UsageFault_Handler                     0x08001d12   Section        0  stm32f4xx_it.o(i.UsageFault_Handler)
    i.delay_ms                               0x08001d16   Section        0  delay.o(i.delay_ms)
    i.delay_us                               0x08001d28   Section        0  delay.o(i.delay_us)
    i.ext_interrupt_data_ready_cb            0x08001d78   Section        0  example_testapp.o(i.ext_interrupt_data_ready_cb)
    ext_interrupt_data_ready_cb              0x08001d79   Thumb Code     8  example_testapp.o(i.ext_interrupt_data_ready_cb)
    i.gpio_sensor_irq_init                   0x08001d84   Section        0  gpio.o(i.gpio_sensor_irq_init)
    i.i2c_master_read_register               0x08001f3c   Section        0  i2c_master.o(i.i2c_master_read_register)
    i.i2c_master_write_register              0x08002304   Section        0  i2c_master.o(i.i2c_master_write_register)
    i.internal_delay                         0x08002454   Section        0  delay.o(i.internal_delay)
    internal_delay                           0x08002455   Thumb Code    38  delay.o(i.internal_delay)
    i.inv_serif_read                         0x08002480   Section        0  icm-4x6xx.o(i.inv_serif_read)
    i.inv_serif_read_1B                      0x080024d0   Section        0  icm-4x6xx.o(i.inv_serif_read_1B)
    i.inv_serif_write_1B                     0x08002518   Section        0  icm-4x6xx.o(i.inv_serif_write_1B)
    i.main                                   0x0800255c   Section        0  example_testapp.o(i.main)
    i.rtc_timer_get_time_us                  0x0800269c   Section        0  rtc_timer.o(i.rtc_timer_get_time_us)
    i.rtc_timer_get_timestamp_us             0x080026d0   Section        0  rtc_timer.o(i.rtc_timer_get_timestamp_us)
    rtc_timer_get_timestamp_us               0x080026d1   Thumb Code   170  rtc_timer.o(i.rtc_timer_get_timestamp_us)
    i.rtc_timer_init                         0x08002784   Section        0  rtc_timer.o(i.rtc_timer_init)
    i.rtc_timer_measure_LSI_frequency        0x08002910   Section        0  rtc_timer.o(i.rtc_timer_measure_LSI_frequency)
    rtc_timer_measure_LSI_frequency          0x08002911   Thumb Code   236  rtc_timer.o(i.rtc_timer_measure_LSI_frequency)
    i.rtc_timer_set_RTC_wakeup               0x08002a0c   Section        0  rtc_timer.o(i.rtc_timer_set_RTC_wakeup)
    rtc_timer_set_RTC_wakeup                 0x08002a0d   Thumb Code   118  rtc_timer.o(i.rtc_timer_set_RTC_wakeup)
    i.setup_timer                            0x08002a8c   Section        0  delay.o(i.setup_timer)
    setup_timer                              0x08002a8d   Thumb Code    46  delay.o(i.setup_timer)
    i.spi_master_get_cs_pin                  0x08002ac0   Section        0  spi_master.o(i.spi_master_get_cs_pin)
    spi_master_get_cs_pin                    0x08002ac1   Thumb Code    26  spi_master.o(i.spi_master_get_cs_pin)
    i.spi_master_get_cs_port                 0x08002ae4   Section        0  spi_master.o(i.spi_master_get_cs_port)
    spi_master_get_cs_port                   0x08002ae5   Thumb Code    26  spi_master.o(i.spi_master_get_cs_port)
    i.spi_master_get_instance                0x08002b0c   Section        0  spi_master.o(i.spi_master_get_instance)
    spi_master_get_instance                  0x08002b0d   Thumb Code    20  spi_master.o(i.spi_master_get_instance)
    i.spi_master_get_prescaler               0x08002b28   Section        0  spi_master.o(i.spi_master_get_prescaler)
    spi_master_get_prescaler                 0x08002b29   Thumb Code    38  spi_master.o(i.spi_master_get_prescaler)
    i.spi_master_get_prescaler_spi1          0x08002b58   Section        0  spi_master.o(i.spi_master_get_prescaler_spi1)
    spi_master_get_prescaler_spi1            0x08002b59   Thumb Code    50  spi_master.o(i.spi_master_get_prescaler_spi1)
    i.spi_master_get_prescaler_spi2          0x08002b8a   Section        0  spi_master.o(i.spi_master_get_prescaler_spi2)
    spi_master_get_prescaler_spi2            0x08002b8b   Thumb Code    50  spi_master.o(i.spi_master_get_prescaler_spi2)
    i.spi_master_init                        0x08002bbc   Section        0  spi_master.o(i.spi_master_init)
    i.spi_master_init_gpio_spi1              0x08002c80   Section        0  spi_master.o(i.spi_master_init_gpio_spi1)
    spi_master_init_gpio_spi1                0x08002c81   Thumb Code    92  spi_master.o(i.spi_master_init_gpio_spi1)
    i.spi_master_init_gpio_spi2              0x08002ce4   Section        0  spi_master.o(i.spi_master_init_gpio_spi2)
    spi_master_init_gpio_spi2                0x08002ce5   Thumb Code    94  spi_master.o(i.spi_master_init_gpio_spi2)
    i.spi_master_read_register               0x08002d4c   Section        0  spi_master.o(i.spi_master_read_register)
    i.spi_master_write_register              0x08002e58   Section        0  spi_master.o(i.spi_master_write_register)
    i.start_timer                            0x08002f5c   Section        0  delay.o(i.start_timer)
    start_timer                              0x08002f5d   Thumb Code    44  delay.o(i.start_timer)
    i.stop_timer                             0x08002f90   Section        0  delay.o(i.stop_timer)
    stop_timer                               0x08002f91   Thumb Code    20  delay.o(i.stop_timer)
    i.uart_config                            0x08002fa8   Section        0  uart.o(i.uart_config)
    x$fpl$ffltll                             0x08003254   Section       96  ffltll_clz.o(x$fpl$ffltll)
    $v0                                      0x08003254   Number         0  ffltll_clz.o(x$fpl$ffltll)
    x$fpl$fnaninf                            0x080032b4   Section      140  fnaninf.o(x$fpl$fnaninf)
    $v0                                      0x080032b4   Number         0  fnaninf.o(x$fpl$fnaninf)
    x$fpl$fpinit                             0x08003340   Section       10  fpinit.o(x$fpl$fpinit)
    $v0                                      0x08003340   Number         0  fpinit.o(x$fpl$fpinit)
    x$fpl$llufromf                           0x0800334c   Section       92  ffixull.o(x$fpl$llufromf)
    $v0                                      0x0800334c   Number         0  ffixull.o(x$fpl$llufromf)
    x$fpl$usenofp                            0x080033a8   Section        0  usenofp.o(x$fpl$usenofp)
    .data                                    0x20000000   Section       16  stm32f4xx_rcc.o(.data)
    APBAHBPrescTable                         0x20000000   Data          16  stm32f4xx_rcc.o(.data)
    .data                                    0x20000010   Section       34  icm-4x6xx.o(.data)
    last_temp                                0x20000030   Data           1  icm-4x6xx.o(.data)
    last_temp                                0x20000031   Data           1  icm-4x6xx.o(.data)
    .data                                    0x20000032   Section        1  delay.o(.data)
    setup_done                               0x20000032   Data           1  delay.o(.data)
    .data                                    0x20000034   Section       12  gpio.o(.data)
    sEnd_of_frame_cb                         0x20000034   Data           4  gpio.o(.data)
    sInterrupt_cb                            0x20000038   Data           4  gpio.o(.data)
    sContext                                 0x2000003c   Data           4  gpio.o(.data)
    .data                                    0x20000040   Section        2  spi_master.o(.data)
    IsInitedSpi1                             0x20000040   Data           1  spi_master.o(.data)
    IsInitedSpi2                             0x20000041   Data           1  spi_master.o(.data)
    .data                                    0x20000044   Section        8  spi_slave.o(.data)
    IsInited                                 0x20000044   Data           1  spi_slave.o(.data)
    sEnd_of_TX_cb                            0x20000048   Data           4  spi_slave.o(.data)
    .data                                    0x20000050   Section       16  sys_timer.o(.data)
    sSystick_irq_handler_cb                  0x20000050   Data           4  sys_timer.o(.data)
    .data                                    0x20000060   Section       24  rtc_timer.o(.data)
    sRtc_irq_handler_cb                      0x20000060   Data           4  rtc_timer.o(.data)
    CaptureNumber                            0x20000064   Data           4  rtc_timer.o(.data)
    PeriodValue                              0x20000068   Data           4  rtc_timer.o(.data)
    tmpCC4                                   0x2000006c   Data           4  rtc_timer.o(.data)
    timestamp_monotonic_us                   0x20000070   Data           8  rtc_timer.o(.data)
    .data                                    0x20000078   Section       12  example_testapp.o(.data)
    .bss                                     0x20000084   Section     4104  spi_slave.o(.bss)
    sSPIBufferReceived                       0x20000084   Data        2052  spi_slave.o(.bss)
    sSPIBufferTransmit                       0x20000888   Data        2052  spi_slave.o(.bss)
    .bss                                     0x2000108c   Section      132  uart.o(.bss)
    sUARTBufferRx                            0x2000108c   Data          12  uart.o(.bss)
    sUARTBufferTx                            0x20001098   Data          12  uart.o(.bss)
    sUARTLOGBufferTx                         0x200010a4   Data          12  uart.o(.bss)
    sUARTLOGBufferRx                         0x200010b0   Data          12  uart.o(.bss)
    sUARTHDSKBufferTx                        0x200010bc   Data          12  uart.o(.bss)
    sUARTHDSKBufferRx                        0x200010c8   Data          12  uart.o(.bss)
    UART_main                                0x200010d4   Data          20  uart.o(.bss)
    UART_log                                 0x200010e8   Data          20  uart.o(.bss)
    UART_hdsk                                0x200010fc   Data          20  uart.o(.bss)
    .bss                                     0x20001110   Section       16  rtc_timer.o(.bss)
    rtc_config_state                         0x20001110   Data          16  rtc_timer.o(.bss)
    .bss                                     0x20001120   Section    12288  example_testapp.o(.bss)
    uart_log_buffer                          0x20001120   Data        4096  example_testapp.o(.bss)
    uart_mainRx_buffer                       0x20002120   Data        4096  example_testapp.o(.bss)
    uart_mainTx_buffer                       0x20003120   Data        4096  example_testapp.o(.bss)
    .bss                                     0x20004120   Section       96  libspace.o(.bss)
    HEAP                                     0x20004180   Section      512  startup_stm32f411xe.o(HEAP)
    Heap_Mem                                 0x20004180   Data         512  startup_stm32f411xe.o(HEAP)
    STACK                                    0x20004380   Section     1024  startup_stm32f411xe.o(STACK)
    Stack_Mem                                0x20004380   Data        1024  startup_stm32f411xe.o(STACK)
    __initial_sp                             0x20004780   Data           0  startup_stm32f411xe.o(STACK)

    Global Symbols

    Symbol Name                              Value     Ov Type        Size  Object(Section)

    BuildAttributes$$THM_ISAv4$E$P$D$K$B$S$7EM$VFPi3$EXTD16$VFPS$VFMA$PE$A:L22UL41UL21$X:L11$S22US41US21$IEEE1$IW$USESV6$~STKCKD$USESV7$~SHL$OTIME$ROPI$IEEEJ$EBA8$UX$STANDARDLIB$REQ8$PRES8$EABIv2 0x00000000   Number         0  anon$$obj.o ABSOLUTE
    __ARM_use_no_argv                        0x00000000   Number         0  example_testapp.o ABSOLUTE
    _printf_flags                            0x00000000   Number         0  printf_stubs.o ABSOLUTE
    _printf_return_value                     0x00000000   Number         0  printf_stubs.o ABSOLUTE
    _printf_sizespec                         0x00000000   Number         0  printf_stubs.o ABSOLUTE
    _printf_widthprec                        0x00000000   Number         0  printf_stubs.o ABSOLUTE
    __ARM_exceptions_init                     - Undefined Weak Reference
    __alloca_initialize                       - Undefined Weak Reference
    __arm_fini_                               - Undefined Weak Reference
    __arm_preinit_                            - Undefined Weak Reference
    __cpp_initialize__aeabi_                  - Undefined Weak Reference
    __cxa_finalize                            - Undefined Weak Reference
    __sigvec_lookup                           - Undefined Weak Reference
    __user_heap_extent                        - Undefined Weak Reference
    _atexit_init                              - Undefined Weak Reference
    _call_atexit_fns                          - Undefined Weak Reference
    _clock_init                               - Undefined Weak Reference
    _fp_trap_init                             - Undefined Weak Reference
    _fp_trap_shutdown                         - Undefined Weak Reference
    _get_lc_collate                           - Undefined Weak Reference
    _get_lc_monetary                          - Undefined Weak Reference
    _get_lc_time                              - Undefined Weak Reference
    _getenv_init                              - Undefined Weak Reference
    _handle_redirection                       - Undefined Weak Reference
    _mutex_acquire                            - Undefined Weak Reference
    _mutex_free                               - Undefined Weak Reference
    _mutex_release                            - Undefined Weak Reference
    _printf_mbtowc                            - Undefined Weak Reference
    _printf_wc                                - Undefined Weak Reference
    _rand_init                                - Undefined Weak Reference
    _signal_finish                            - Undefined Weak Reference
    _signal_init                              - Undefined Weak Reference
    __Vectors_Size                           0x00000198   Number         0  startup_stm32f411xe.o ABSOLUTE
    __Vectors                                0x08000000   Data           4  startup_stm32f411xe.o(RESET)
    __Vectors_End                            0x08000198   Data           0  startup_stm32f411xe.o(RESET)
    __main                                   0x08000199   Thumb Code     8  __main.o(!!!main)
    __scatterload                            0x080001a1   Thumb Code     0  __scatter.o(!!!scatter)
    __scatterload_rt2                        0x080001a1   Thumb Code    44  __scatter.o(!!!scatter)
    __scatterload_rt2_thumb_only             0x080001a1   Thumb Code     0  __scatter.o(!!!scatter)
    __scatterload_null                       0x080001af   Thumb Code     0  __scatter.o(!!!scatter)
    __scatterload_copy                       0x080001d5   Thumb Code    26  __scatter_copy.o(!!handler_copy)
    __scatterload_zeroinit                   0x080001f1   Thumb Code    28  __scatter_zi.o(!!handler_zi)
    __rt_lib_init                            0x0800020d   Thumb Code     0  libinit.o(.ARM.Collect$$libinit$$00000000)
    __rt_lib_init_fp_1                       0x0800020f   Thumb Code     0  libinit2.o(.ARM.Collect$$libinit$$00000001)
    __rt_lib_init_alloca_1                   0x08000213   Thumb Code     0  libinit2.o(.ARM.Collect$$libinit$$0000002E)
    __rt_lib_init_argv_1                     0x08000213   Thumb Code     0  libinit2.o(.ARM.Collect$$libinit$$0000002C)
    __rt_lib_init_atexit_1                   0x08000213   Thumb Code     0  libinit2.o(.ARM.Collect$$libinit$$0000001B)
    __rt_lib_init_clock_1                    0x08000213   Thumb Code     0  libinit2.o(.ARM.Collect$$libinit$$00000021)
    __rt_lib_init_cpp_1                      0x08000213   Thumb Code     0  libinit2.o(.ARM.Collect$$libinit$$00000032)
    __rt_lib_init_exceptions_1               0x08000213   Thumb Code     0  libinit2.o(.ARM.Collect$$libinit$$00000030)
    __rt_lib_init_fp_trap_1                  0x08000213   Thumb Code     0  libinit2.o(.ARM.Collect$$libinit$$0000001F)
    __rt_lib_init_getenv_1                   0x08000213   Thumb Code     0  libinit2.o(.ARM.Collect$$libinit$$00000023)
    __rt_lib_init_heap_1                     0x08000213   Thumb Code     0  libinit2.o(.ARM.Collect$$libinit$$0000000A)
    __rt_lib_init_lc_collate_1               0x08000213   Thumb Code     0  libinit2.o(.ARM.Collect$$libinit$$00000011)
    __rt_lib_init_lc_ctype_1                 0x08000213   Thumb Code     0  libinit2.o(.ARM.Collect$$libinit$$00000013)
    __rt_lib_init_lc_monetary_1              0x08000213   Thumb Code     0  libinit2.o(.ARM.Collect$$libinit$$00000015)
    __rt_lib_init_lc_numeric_1               0x08000213   Thumb Code     0  libinit2.o(.ARM.Collect$$libinit$$00000017)
    __rt_lib_init_lc_time_1                  0x08000213   Thumb Code     0  libinit2.o(.ARM.Collect$$libinit$$00000019)
    __rt_lib_init_preinit_1                  0x08000213   Thumb Code     0  libinit2.o(.ARM.Collect$$libinit$$00000004)
    __rt_lib_init_rand_1                     0x08000213   Thumb Code     0  libinit2.o(.ARM.Collect$$libinit$$0000000E)
    __rt_lib_init_return                     0x08000213   Thumb Code     0  libinit2.o(.ARM.Collect$$libinit$$00000033)
    __rt_lib_init_signal_1                   0x08000213   Thumb Code     0  libinit2.o(.ARM.Collect$$libinit$$0000001D)
    __rt_lib_init_stdio_1                    0x08000213   Thumb Code     0  libinit2.o(.ARM.Collect$$libinit$$00000025)
    __rt_lib_init_user_alloc_1               0x08000213   Thumb Code     0  libinit2.o(.ARM.Collect$$libinit$$0000000C)
    __rt_lib_shutdown                        0x08000215   Thumb Code     0  libshutdown.o(.ARM.Collect$$libshutdown$$00000000)
    __rt_lib_shutdown_cpp_1                  0x08000217   Thumb Code     0  libshutdown2.o(.ARM.Collect$$libshutdown$$00000004)
    __rt_lib_shutdown_fini_1                 0x08000217   Thumb Code     0  libshutdown2.o(.ARM.Collect$$libshutdown$$00000002)
    __rt_lib_shutdown_fp_trap_1              0x08000217   Thumb Code     0  libshutdown2.o(.ARM.Collect$$libshutdown$$00000009)
    __rt_lib_shutdown_heap_1                 0x08000217   Thumb Code     0  libshutdown2.o(.ARM.Collect$$libshutdown$$00000011)
    __rt_lib_shutdown_return                 0x08000217   Thumb Code     0  libshutdown2.o(.ARM.Collect$$libshutdown$$00000012)
    __rt_lib_shutdown_signal_1               0x08000217   Thumb Code     0  libshutdown2.o(.ARM.Collect$$libshutdown$$0000000C)
    __rt_lib_shutdown_stdio_1                0x08000217   Thumb Code     0  libshutdown2.o(.ARM.Collect$$libshutdown$$00000006)
    __rt_lib_shutdown_user_alloc_1           0x08000217   Thumb Code     0  libshutdown2.o(.ARM.Collect$$libshutdown$$0000000E)
    __rt_entry                               0x08000219   Thumb Code     0  __rtentry.o(.ARM.Collect$$rtentry$$00000000)
    __rt_entry_presh_1                       0x08000219   Thumb Code     0  __rtentry2.o(.ARM.Collect$$rtentry$$00000002)
    __rt_entry_sh                            0x08000219   Thumb Code     0  __rtentry4.o(.ARM.Collect$$rtentry$$00000004)
    __rt_entry_li                            0x0800021f   Thumb Code     0  __rtentry2.o(.ARM.Collect$$rtentry$$0000000A)
    __rt_entry_postsh_1                      0x0800021f   Thumb Code     0  __rtentry2.o(.ARM.Collect$$rtentry$$00000009)
    __rt_entry_main                          0x08000223   Thumb Code     0  __rtentry2.o(.ARM.Collect$$rtentry$$0000000D)
    __rt_entry_postli_1                      0x08000223   Thumb Code     0  __rtentry2.o(.ARM.Collect$$rtentry$$0000000C)
    __rt_exit                                0x0800022b   Thumb Code     0  rtexit.o(.ARM.Collect$$rtexit$$00000000)
    __rt_exit_ls                             0x0800022d   Thumb Code     0  rtexit2.o(.ARM.Collect$$rtexit$$00000003)
    __rt_exit_prels_1                        0x0800022d   Thumb Code     0  rtexit2.o(.ARM.Collect$$rtexit$$00000002)
    __rt_exit_exit                           0x08000231   Thumb Code     0  rtexit2.o(.ARM.Collect$$rtexit$$00000004)
    Reset_Handler                            0x08000239   Thumb Code     8  startup_stm32f411xe.o(.text)
    ADC_IRQHandler                           0x08000253   Thumb Code     0  startup_stm32f411xe.o(.text)
    DMA1_Stream0_IRQHandler                  0x08000253   Thumb Code     0  startup_stm32f411xe.o(.text)
    DMA1_Stream1_IRQHandler                  0x08000253   Thumb Code     0  startup_stm32f411xe.o(.text)
    DMA1_Stream2_IRQHandler                  0x08000253   Thumb Code     0  startup_stm32f411xe.o(.text)
    DMA1_Stream3_IRQHandler                  0x08000253   Thumb Code     0  startup_stm32f411xe.o(.text)
    DMA1_Stream4_IRQHandler                  0x08000253   Thumb Code     0  startup_stm32f411xe.o(.text)
    DMA1_Stream5_IRQHandler                  0x08000253   Thumb Code     0  startup_stm32f411xe.o(.text)
    DMA1_Stream6_IRQHandler                  0x08000253   Thumb Code     0  startup_stm32f411xe.o(.text)
    DMA1_Stream7_IRQHandler                  0x08000253   Thumb Code     0  startup_stm32f411xe.o(.text)
    DMA2_Stream0_IRQHandler                  0x08000253   Thumb Code     0  startup_stm32f411xe.o(.text)
    DMA2_Stream1_IRQHandler                  0x08000253   Thumb Code     0  startup_stm32f411xe.o(.text)
    DMA2_Stream2_IRQHandler                  0x08000253   Thumb Code     0  startup_stm32f411xe.o(.text)
    DMA2_Stream3_IRQHandler                  0x08000253   Thumb Code     0  startup_stm32f411xe.o(.text)
    DMA2_Stream4_IRQHandler                  0x08000253   Thumb Code     0  startup_stm32f411xe.o(.text)
    DMA2_Stream5_IRQHandler                  0x08000253   Thumb Code     0  startup_stm32f411xe.o(.text)
    DMA2_Stream6_IRQHandler                  0x08000253   Thumb Code     0  startup_stm32f411xe.o(.text)
    DMA2_Stream7_IRQHandler                  0x08000253   Thumb Code     0  startup_stm32f411xe.o(.text)
    EXTI0_IRQHandler                         0x08000253   Thumb Code     0  startup_stm32f411xe.o(.text)
    EXTI1_IRQHandler                         0x08000253   Thumb Code     0  startup_stm32f411xe.o(.text)
    EXTI2_IRQHandler                         0x08000253   Thumb Code     0  startup_stm32f411xe.o(.text)
    EXTI3_IRQHandler                         0x08000253   Thumb Code     0  startup_stm32f411xe.o(.text)
    FLASH_IRQHandler                         0x08000253   Thumb Code     0  startup_stm32f411xe.o(.text)
    FPU_IRQHandler                           0x08000253   Thumb Code     0  startup_stm32f411xe.o(.text)
    I2C1_ER_IRQHandler                       0x08000253   Thumb Code     0  startup_stm32f411xe.o(.text)
    I2C1_EV_IRQHandler                       0x08000253   Thumb Code     0  startup_stm32f411xe.o(.text)
    I2C2_ER_IRQHandler                       0x08000253   Thumb Code     0  startup_stm32f411xe.o(.text)
    I2C2_EV_IRQHandler                       0x08000253   Thumb Code     0  startup_stm32f411xe.o(.text)
    I2C3_ER_IRQHandler                       0x08000253   Thumb Code     0  startup_stm32f411xe.o(.text)
    I2C3_EV_IRQHandler                       0x08000253   Thumb Code     0  startup_stm32f411xe.o(.text)
    OTG_FS_IRQHandler                        0x08000253   Thumb Code     0  startup_stm32f411xe.o(.text)
    OTG_FS_WKUP_IRQHandler                   0x08000253   Thumb Code     0  startup_stm32f411xe.o(.text)
    PVD_IRQHandler                           0x08000253   Thumb Code     0  startup_stm32f411xe.o(.text)
    RCC_IRQHandler                           0x08000253   Thumb Code     0  startup_stm32f411xe.o(.text)
    RTC_Alarm_IRQHandler                     0x08000253   Thumb Code     0  startup_stm32f411xe.o(.text)
    SDIO_IRQHandler                          0x08000253   Thumb Code     0  startup_stm32f411xe.o(.text)
    SPI1_IRQHandler                          0x08000253   Thumb Code     0  startup_stm32f411xe.o(.text)
    SPI3_IRQHandler                          0x08000253   Thumb Code     0  startup_stm32f411xe.o(.text)
    SPI4_IRQHandler                          0x08000253   Thumb Code     0  startup_stm32f411xe.o(.text)
    SPI5_IRQHandler                          0x08000253   Thumb Code     0  startup_stm32f411xe.o(.text)
    TAMP_STAMP_IRQHandler                    0x08000253   Thumb Code     0  startup_stm32f411xe.o(.text)
    TIM1_BRK_TIM9_IRQHandler                 0x08000253   Thumb Code     0  startup_stm32f411xe.o(.text)
    TIM1_CC_IRQHandler                       0x08000253   Thumb Code     0  startup_stm32f411xe.o(.text)
    TIM1_TRG_COM_TIM11_IRQHandler            0x08000253   Thumb Code     0  startup_stm32f411xe.o(.text)
    TIM1_UP_TIM10_IRQHandler                 0x08000253   Thumb Code     0  startup_stm32f411xe.o(.text)
    TIM2_IRQHandler                          0x08000253   Thumb Code     0  startup_stm32f411xe.o(.text)
    TIM3_IRQHandler                          0x08000253   Thumb Code     0  startup_stm32f411xe.o(.text)
    TIM4_IRQHandler                          0x08000253   Thumb Code     0  startup_stm32f411xe.o(.text)
    WWDG_IRQHandler                          0x08000253   Thumb Code     0  startup_stm32f411xe.o(.text)
    __user_initial_stackheap                 0x08000255   Thumb Code     0  startup_stm32f411xe.o(.text)
    __aeabi_uldivmod                         0x08000279   Thumb Code     0  lludivv7m.o(.text)
    _ll_udiv                                 0x08000279   Thumb Code   238  lludivv7m.o(.text)
    __use_two_region_memory                  0x08000367   Thumb Code     2  heapauxi.o(.text)
    __rt_heap_escrow                         0x08000369   Thumb Code     2  heapauxi.o(.text)
    __rt_heap_expand                         0x0800036b   Thumb Code     2  heapauxi.o(.text)
    __I$use$semihosting                      0x0800036d   Thumb Code     0  use_no_semi.o(.text)
    __use_no_semihosting_swi                 0x0800036d   Thumb Code     2  use_no_semi.o(.text)
    __semihosting_library_function           0x0800036f   Thumb Code     0  indicate_semi.o(.text)
    __user_setup_stackheap                   0x0800036f   Thumb Code    74  sys_stackheap_outer.o(.text)
    exit                                     0x080003b9   Thumb Code    18  exit.o(.text)
    _sys_exit                                0x080003cd   Thumb Code     8  sys_exit.o(.text)
    __user_libspace                          0x080003d9   Thumb Code     8  libspace.o(.text)
    __user_perproc_libspace                  0x080003d9   Thumb Code     0  libspace.o(.text)
    __user_perthread_libspace                0x080003d9   Thumb Code     0  libspace.o(.text)
    BusFault_Handler                         0x080003e1   Thumb Code     4  stm32f4xx_it.o(i.BusFault_Handler)
    DebugMon_Handler                         0x080003e5   Thumb Code     2  stm32f4xx_it.o(i.DebugMon_Handler)
    EXTI15_10_IRQHandler                     0x080003e9   Thumb Code    58  gpio.o(i.EXTI15_10_IRQHandler)
    EXTI4_IRQHandler                         0x08000431   Thumb Code    30  gpio.o(i.EXTI4_IRQHandler)
    EXTI9_5_IRQHandler                       0x08000459   Thumb Code    60  gpio.o(i.EXTI9_5_IRQHandler)
    EXTI_ClearITPendingBit                   0x0800049d   Thumb Code     6  stm32f4xx_exti.o(i.EXTI_ClearITPendingBit)
    EXTI_GetITStatus                         0x080004a9   Thumb Code    20  stm32f4xx_exti.o(i.EXTI_GetITStatus)
    EXTI_Init                                0x080004c1   Thumb Code   142  stm32f4xx_exti.o(i.EXTI_Init)
    GPIO_Init                                0x08000555   Thumb Code   144  stm32f4xx_gpio.o(i.GPIO_Init)
    GPIO_PinAFConfig                         0x080005e5   Thumb Code    70  stm32f4xx_gpio.o(i.GPIO_PinAFConfig)
    GPIO_ResetBits                           0x0800062b   Thumb Code     4  stm32f4xx_gpio.o(i.GPIO_ResetBits)
    GPIO_SetBits                             0x0800062f   Thumb Code     4  stm32f4xx_gpio.o(i.GPIO_SetBits)
    HardFault_Handler                        0x08000633   Thumb Code     4  stm32f4xx_it.o(i.HardFault_Handler)
    I2C_AcknowledgeConfig                    0x08000637   Thumb Code    24  stm32f4xx_i2c.o(i.I2C_AcknowledgeConfig)
    I2C_ClearFlag                            0x0800064f   Thumb Code    12  stm32f4xx_i2c.o(i.I2C_ClearFlag)
    I2C_Cmd                                  0x0800065b   Thumb Code    24  stm32f4xx_i2c.o(i.I2C_Cmd)
    I2C_DeInit                               0x08000675   Thumb Code    82  stm32f4xx_i2c.o(i.I2C_DeInit)
    I2C_GenerateSTART                        0x080006d5   Thumb Code    24  stm32f4xx_i2c.o(i.I2C_GenerateSTART)
    I2C_GenerateSTOP                         0x080006ed   Thumb Code    24  stm32f4xx_i2c.o(i.I2C_GenerateSTOP)
    I2C_GetFlagStatus                        0x08000705   Thumb Code    58  stm32f4xx_i2c.o(i.I2C_GetFlagStatus)
    I2C_Init                                 0x08000741   Thumb Code   218  stm32f4xx_i2c.o(i.I2C_Init)
    I2C_ReadRegister                         0x08000829   Thumb Code    22  stm32f4xx_i2c.o(i.I2C_ReadRegister)
    I2C_ReceiveData                          0x0800083f   Thumb Code     8  stm32f4xx_i2c.o(i.I2C_ReceiveData)
    I2C_Send7bitAddress                      0x08000847   Thumb Code    16  stm32f4xx_i2c.o(i.I2C_Send7bitAddress)
    I2C_SendData                             0x08000857   Thumb Code     4  stm32f4xx_i2c.o(i.I2C_SendData)
    I2C_SoftwareResetCmd                     0x0800085b   Thumb Code    22  stm32f4xx_i2c.o(i.I2C_SoftwareResetCmd)
    ICM4x6xx_Accel_on                        0x080008d9   Thumb Code    36  icm-4x6xx.o(i.ICM4x6xx_Accel_on)
    ICM4x6xx_GetAccelData_UI                 0x080008fd   Thumb Code    72  icm-4x6xx.o(i.ICM4x6xx_GetAccelData_UI)
    ICM4x6xx_GetGyroData_UI                  0x08000945   Thumb Code    72  icm-4x6xx.o(i.ICM4x6xx_GetGyroData_UI)
    ICM4x6xx_Gyro_on                         0x0800098d   Thumb Code    94  icm-4x6xx.o(i.ICM4x6xx_Gyro_on)
    ICM4x6xx_accel_fsr                       0x080009ed   Thumb Code    42  icm-4x6xx.o(i.ICM4x6xx_accel_fsr)
    ICM4x6xx_accel_odr                       0x08000a1d   Thumb Code    42  icm-4x6xx.o(i.ICM4x6xx_accel_odr)
    ICM4x6xx_gyro_fsr                        0x08000a49   Thumb Code    42  icm-4x6xx.o(i.ICM4x6xx_gyro_fsr)
    ICM4x6xx_gyro_odr                        0x08000a79   Thumb Code    42  icm-4x6xx.o(i.ICM4x6xx_gyro_odr)
    ICM4x6xx_init                            0x08000aa5   Thumb Code    44  icm-4x6xx.o(i.ICM4x6xx_init)
    ICM4x6xx_int_enable                      0x08000ad5   Thumb Code    52  icm-4x6xx.o(i.ICM4x6xx_int_enable)
    ICM4x6xx_int_mode_config                 0x08000b09   Thumb Code    22  icm-4x6xx.o(i.ICM4x6xx_int_mode_config)
    MemManage_Handler                        0x08000b1f   Thumb Code     4  stm32f4xx_it.o(i.MemManage_Handler)
    NMI_Handler                              0x08000b23   Thumb Code     2  stm32f4xx_it.o(i.NMI_Handler)
    NVIC_Init                                0x08000b25   Thumb Code   106  misc.o(i.NVIC_Init)
    PWR_BackupAccessCmd                      0x08000b9d   Thumb Code     6  stm32f4xx_pwr.o(i.PWR_BackupAccessCmd)
    PWR_ClearFlag                            0x08000ba9   Thumb Code    14  stm32f4xx_pwr.o(i.PWR_ClearFlag)
    PendSV_Handler                           0x08000bbd   Thumb Code     2  stm32f4xx_it.o(i.PendSV_Handler)
    RCC_AHB1PeriphClockCmd                   0x08000bc1   Thumb Code    26  stm32f4xx_rcc.o(i.RCC_AHB1PeriphClockCmd)
    RCC_APB1PeriphClockCmd                   0x08000be1   Thumb Code    26  stm32f4xx_rcc.o(i.RCC_APB1PeriphClockCmd)
    RCC_APB1PeriphResetCmd                   0x08000c01   Thumb Code    26  stm32f4xx_rcc.o(i.RCC_APB1PeriphResetCmd)
    RCC_APB2PeriphClockCmd                   0x08000c21   Thumb Code    26  stm32f4xx_rcc.o(i.RCC_APB2PeriphClockCmd)
    RCC_APB2PeriphResetCmd                   0x08000c41   Thumb Code    26  stm32f4xx_rcc.o(i.RCC_APB2PeriphResetCmd)
    RCC_GetClocksFreq                        0x08000c61   Thumb Code   214  stm32f4xx_rcc.o(i.RCC_GetClocksFreq)
    RCC_GetFlagStatus                        0x08000d49   Thumb Code    60  stm32f4xx_rcc.o(i.RCC_GetFlagStatus)
    RCC_LSEConfig                            0x08000d89   Thumb Code    40  stm32f4xx_rcc.o(i.RCC_LSEConfig)
    RCC_LSICmd                               0x08000db5   Thumb Code     6  stm32f4xx_rcc.o(i.RCC_LSICmd)
    RCC_RTCCLKCmd                            0x08000dc1   Thumb Code     6  stm32f4xx_rcc.o(i.RCC_RTCCLKCmd)
    RCC_RTCCLKConfig                         0x08000dcd   Thumb Code    50  stm32f4xx_rcc.o(i.RCC_RTCCLKConfig)
    RTC_ClearFlag                            0x08000e3d   Thumb Code    24  stm32f4xx_rtc.o(i.RTC_ClearFlag)
    RTC_ClearITPendingBit                    0x08000e59   Thumb Code    28  stm32f4xx_rtc.o(i.RTC_ClearITPendingBit)
    RTC_EnterInitMode                        0x08000e79   Thumb Code    76  stm32f4xx_rtc.o(i.RTC_EnterInitMode)
    RTC_ExitInitMode                         0x08000ec9   Thumb Code    14  stm32f4xx_rtc.o(i.RTC_ExitInitMode)
    RTC_GetITStatus                          0x08000edd   Thumb Code    58  stm32f4xx_rtc.o(i.RTC_GetITStatus)
    RTC_GetSubSecond                         0x08000f1d   Thumb Code    14  stm32f4xx_rtc.o(i.RTC_GetSubSecond)
    RTC_GetTime                              0x08000f31   Thumb Code    72  stm32f4xx_rtc.o(i.RTC_GetTime)
    RTC_ITConfig                             0x08000f81   Thumb Code    94  stm32f4xx_rtc.o(i.RTC_ITConfig)
    RTC_Init                                 0x08000fe5   Thumb Code    94  stm32f4xx_rtc.o(i.RTC_Init)
    RTC_SetTime                              0x08001049   Thumb Code   198  stm32f4xx_rtc.o(i.RTC_SetTime)
    RTC_SetWakeUpCounter                     0x08001119   Thumb Code    22  stm32f4xx_rtc.o(i.RTC_SetWakeUpCounter)
    RTC_WKUP_IRQHandler                      0x08001135   Thumb Code    66  rtc_timer.o(i.RTC_WKUP_IRQHandler)
    RTC_WaitForSynchro                       0x0800117d   Thumb Code    92  stm32f4xx_rtc.o(i.RTC_WaitForSynchro)
    RTC_WakeUpClockConfig                    0x080011dd   Thumb Code    42  stm32f4xx_rtc.o(i.RTC_WakeUpClockConfig)
    RTC_WakeUpCmd                            0x0800120d   Thumb Code   116  stm32f4xx_rtc.o(i.RTC_WakeUpCmd)
    RingByteBuffer_clear                     0x08001285   Thumb Code    12  ringbytebuffer.o(i.RingByteBuffer_clear)
    RingByteBuffer_init                      0x08001291   Thumb Code    18  ringbytebuffer.o(i.RingByteBuffer_init)
    RingByteBuffer_popByte                   0x080012d7   Thumb Code    36  ringbytebuffer.o(i.RingByteBuffer_popByte)
    RingByteBuffer_pushByte                  0x080012fb   Thumb Code    34  ringbytebuffer.o(i.RingByteBuffer_pushByte)
    SPI2_IRQHandler                          0x0800131d   Thumb Code   146  spi_slave.o(i.SPI2_IRQHandler)
    SPI_Cmd                                  0x080013c1   Thumb Code    24  stm32f4xx_spi.o(i.SPI_Cmd)
    SPI_I2S_GetFlagStatus                    0x080013d9   Thumb Code    18  stm32f4xx_spi.o(i.SPI_I2S_GetFlagStatus)
    SPI_I2S_GetITStatus                      0x080013eb   Thumb Code    52  stm32f4xx_spi.o(i.SPI_I2S_GetITStatus)
    SPI_I2S_ReceiveData                      0x0800141f   Thumb Code     6  stm32f4xx_spi.o(i.SPI_I2S_ReceiveData)
    SPI_I2S_SendData                         0x08001425   Thumb Code     4  stm32f4xx_spi.o(i.SPI_I2S_SendData)
    SPI_Init                                 0x08001429   Thumb Code    60  stm32f4xx_spi.o(i.SPI_Init)
    SVC_Handler                              0x08001467   Thumb Code     2  stm32f4xx_it.o(i.SVC_Handler)
    SYSCFG_EXTILineConfig                    0x08001469   Thumb Code    60  stm32f4xx_syscfg.o(i.SYSCFG_EXTILineConfig)
    SysTick_Handler                          0x080014a9   Thumb Code    34  sys_timer.o(i.SysTick_Handler)
    SystemInit                               0x080014d5   Thumb Code    82  system_stm32f4xx.o(i.SystemInit)
    TIM5_IRQHandler                          0x0800165d   Thumb Code    88  rtc_timer.o(i.TIM5_IRQHandler)
    TIM_ClearITPendingBit                    0x080016c5   Thumb Code     6  stm32f4xx_tim.o(i.TIM_ClearITPendingBit)
    TIM_Cmd                                  0x080016cb   Thumb Code    24  stm32f4xx_tim.o(i.TIM_Cmd)
    TIM_DeInit                               0x080016e5   Thumb Code   346  stm32f4xx_tim.o(i.TIM_DeInit)
    TIM_GetCapture4                          0x08001875   Thumb Code     6  stm32f4xx_tim.o(i.TIM_GetCapture4)
    TIM_GetITStatus                          0x0800187b   Thumb Code    34  stm32f4xx_tim.o(i.TIM_GetITStatus)
    TIM_ICInit                               0x0800189d   Thumb Code   110  stm32f4xx_tim.o(i.TIM_ICInit)
    TIM_ITConfig                             0x0800190b   Thumb Code    18  stm32f4xx_tim.o(i.TIM_ITConfig)
    TIM_PrescalerConfig                      0x0800191d   Thumb Code     6  stm32f4xx_tim.o(i.TIM_PrescalerConfig)
    TIM_RemapConfig                          0x08001923   Thumb Code     6  stm32f4xx_tim.o(i.TIM_RemapConfig)
    TIM_SetIC1Prescaler                      0x08001929   Thumb Code    18  stm32f4xx_tim.o(i.TIM_SetIC1Prescaler)
    TIM_SetIC2Prescaler                      0x0800193b   Thumb Code    26  stm32f4xx_tim.o(i.TIM_SetIC2Prescaler)
    TIM_SetIC3Prescaler                      0x08001955   Thumb Code    18  stm32f4xx_tim.o(i.TIM_SetIC3Prescaler)
    TIM_SetIC4Prescaler                      0x08001967   Thumb Code    26  stm32f4xx_tim.o(i.TIM_SetIC4Prescaler)
    TIM_TimeBaseInit                         0x08001981   Thumb Code   104  stm32f4xx_tim.o(i.TIM_TimeBaseInit)
    TIM_TimeBaseStructInit                   0x08001a05   Thumb Code    18  stm32f4xx_tim.o(i.TIM_TimeBaseStructInit)
    USART1_IRQHandler                        0x08001a19   Thumb Code   110  uart.o(i.USART1_IRQHandler)
    USART2_IRQHandler                        0x08001a8d   Thumb Code   110  uart.o(i.USART2_IRQHandler)
    USART6_IRQHandler                        0x08001b01   Thumb Code   110  uart.o(i.USART6_IRQHandler)
    USART_Cmd                                0x08001b75   Thumb Code    24  stm32f4xx_usart.o(i.USART_Cmd)
    USART_GetITStatus                        0x08001b8d   Thumb Code    84  stm32f4xx_usart.o(i.USART_GetITStatus)
    USART_ITConfig                           0x08001be1   Thumb Code    74  stm32f4xx_usart.o(i.USART_ITConfig)
    USART_Init                               0x08001c2d   Thumb Code   204  stm32f4xx_usart.o(i.USART_Init)
    USART_ReceiveData                        0x08001d01   Thumb Code    10  stm32f4xx_usart.o(i.USART_ReceiveData)
    USART_SendData                           0x08001d0b   Thumb Code     8  stm32f4xx_usart.o(i.USART_SendData)
    UsageFault_Handler                       0x08001d13   Thumb Code     4  stm32f4xx_it.o(i.UsageFault_Handler)
    delay_ms                                 0x08001d17   Thumb Code    18  delay.o(i.delay_ms)
    delay_us                                 0x08001d29   Thumb Code    78  delay.o(i.delay_us)
    gpio_sensor_irq_init                     0x08001d85   Thumb Code   422  gpio.o(i.gpio_sensor_irq_init)
    i2c_master_read_register                 0x08001f3d   Thumb Code   954  i2c_master.o(i.i2c_master_read_register)
    i2c_master_write_register                0x08002305   Thumb Code   324  i2c_master.o(i.i2c_master_write_register)
    inv_serif_read                           0x08002481   Thumb Code    74  icm-4x6xx.o(i.inv_serif_read)
    inv_serif_read_1B                        0x080024d1   Thumb Code    68  icm-4x6xx.o(i.inv_serif_read_1B)
    inv_serif_write_1B                       0x08002519   Thumb Code    64  icm-4x6xx.o(i.inv_serif_write_1B)
    main                                     0x0800255d   Thumb Code   294  example_testapp.o(i.main)
    rtc_timer_get_time_us                    0x0800269d   Thumb Code    42  rtc_timer.o(i.rtc_timer_get_time_us)
    rtc_timer_init                           0x08002785   Thumb Code   384  rtc_timer.o(i.rtc_timer_init)
    spi_master_init                          0x08002bbd   Thumb Code   188  spi_master.o(i.spi_master_init)
    spi_master_read_register                 0x08002d4d   Thumb Code   262  spi_master.o(i.spi_master_read_register)
    spi_master_write_register                0x08002e59   Thumb Code   256  spi_master.o(i.spi_master_write_register)
    uart_config                              0x08002fa9   Thumb Code   630  uart.o(i.uart_config)
    __aeabi_ul2f                             0x08003255   Thumb Code     0  ffltll_clz.o(x$fpl$ffltll)
    _ll_uto_f                                0x08003255   Thumb Code     6  ffltll_clz.o(x$fpl$ffltll)
    __aeabi_l2f                              0x0800325b   Thumb Code     0  ffltll_clz.o(x$fpl$ffltll)
    _ll_sto_f                                0x0800325b   Thumb Code    90  ffltll_clz.o(x$fpl$ffltll)
    __fpl_fnaninf                            0x080032b5   Thumb Code   140  fnaninf.o(x$fpl$fnaninf)
    _fp_init                                 0x08003341   Thumb Code    10  fpinit.o(x$fpl$fpinit)
    __fplib_config_fpu_vfp                   0x08003349   Thumb Code     0  fpinit.o(x$fpl$fpinit)
    __fplib_config_pureend_doubles           0x08003349   Thumb Code     0  fpinit.o(x$fpl$fpinit)
    __aeabi_f2ulz                            0x0800334d   Thumb Code     0  ffixull.o(x$fpl$llufromf)
    _ll_ufrom_f                              0x0800334d   Thumb Code    92  ffixull.o(x$fpl$llufromf)
    Region$$Table$$Base                      0x080033a8   Number         0  anon$$obj.o(Region$$Table)
    __I$use$fp                               0x080033a8   Number         0  usenofp.o(x$fpl$usenofp)
    Region$$Table$$Limit                     0x080033c8   Number         0  anon$$obj.o(Region$$Table)
    chipID                                   0x20000010   Data           1  icm-4x6xx.o(.data)
    i2c_address                              0x20000014   Data           4  icm-4x6xx.o(.data)
    fifo_packet_format                       0x20000018   Data           1  icm-4x6xx.o(.data)
    fifo_packet_size                         0x20000019   Data           1  icm-4x6xx.o(.data)
    gyro_on_ts                               0x2000001c   Data           4  icm-4x6xx.o(.data)
    gyro_fsr_idx                             0x20000020   Data           4  icm-4x6xx.o(.data)
    accel_fsr_idx                            0x20000024   Data           4  icm-4x6xx.o(.data)
    timestamp                                0x20000028   Data           8  icm-4x6xx.o(.data)
    m_second                                 0x20000058   Data           8  sys_timer.o(.data)
    fifo_data_20bit                          0x20000078   Data           4  example_testapp.o(.data)
    bus_type                                 0x2000007c   Data           4  example_testapp.o(.data)
    dataready                                0x20000080   Data           4  example_testapp.o(.data)
    __libspace_start                         0x20004120   Data          96  libspace.o(.bss)
    __temporary_stack_top$libspace           0x20004180   Data           0  libspace.o(.bss)



==============================================================================

Memory Map of the image

  Image Entry point : 0x08000199

  Load Region LR_IROM1 (Base: 0x08000000, Size: 0x0000344c, Max: 0x00080000, ABSOLUTE)

    Execution Region ER_IROM1 (Exec base: 0x08000000, Load base: 0x08000000, Size: 0x000033c8, Max: 0x00080000, ABSOLUTE)

    Exec Addr    Load Addr    Size         Type   Attr      Idx    E Section Name        Object

    0x08000000   0x08000000   0x00000198   Data   RO         7371    RESET               startup_stm32f411xe.o
    0x08000198   0x08000198   0x00000008   Code   RO         7434  * !!!main             c_w.l(__main.o)
    0x080001a0   0x080001a0   0x00000034   Code   RO         7952    !!!scatter          c_w.l(__scatter.o)
    0x080001d4   0x080001d4   0x0000001a   Code   RO         7954    !!handler_copy      c_w.l(__scatter_copy.o)
    0x080001ee   0x080001ee   0x00000002   PAD
    0x080001f0   0x080001f0   0x0000001c   Code   RO         7956    !!handler_zi        c_w.l(__scatter_zi.o)
    0x0800020c   0x0800020c   0x00000002   Code   RO         7847    .ARM.Collect$$libinit$$00000000  c_w.l(libinit.o)
    0x0800020e   0x0800020e   0x00000004   Code   RO         7678    .ARM.Collect$$libinit$$00000001  c_w.l(libinit2.o)
    0x08000212   0x08000212   0x00000000   Code   RO         7681    .ARM.Collect$$libinit$$00000004  c_w.l(libinit2.o)
    0x08000212   0x08000212   0x00000000   Code   RO         7684    .ARM.Collect$$libinit$$0000000A  c_w.l(libinit2.o)
    0x08000212   0x08000212   0x00000000   Code   RO         7686    .ARM.Collect$$libinit$$0000000C  c_w.l(libinit2.o)
    0x08000212   0x08000212   0x00000000   Code   RO         7688    .ARM.Collect$$libinit$$0000000E  c_w.l(libinit2.o)
    0x08000212   0x08000212   0x00000000   Code   RO         7691    .ARM.Collect$$libinit$$00000011  c_w.l(libinit2.o)
    0x08000212   0x08000212   0x00000000   Code   RO         7693    .ARM.Collect$$libinit$$00000013  c_w.l(libinit2.o)
    0x08000212   0x08000212   0x00000000   Code   RO         7695    .ARM.Collect$$libinit$$00000015  c_w.l(libinit2.o)
    0x08000212   0x08000212   0x00000000   Code   RO         7697    .ARM.Collect$$libinit$$00000017  c_w.l(libinit2.o)
    0x08000212   0x08000212   0x00000000   Code   RO         7699    .ARM.Collect$$libinit$$00000019  c_w.l(libinit2.o)
    0x08000212   0x08000212   0x00000000   Code   RO         7701    .ARM.Collect$$libinit$$0000001B  c_w.l(libinit2.o)
    0x08000212   0x08000212   0x00000000   Code   RO         7703    .ARM.Collect$$libinit$$0000001D  c_w.l(libinit2.o)
    0x08000212   0x08000212   0x00000000   Code   RO         7705    .ARM.Collect$$libinit$$0000001F  c_w.l(libinit2.o)
    0x08000212   0x08000212   0x00000000   Code   RO         7707    .ARM.Collect$$libinit$$00000021  c_w.l(libinit2.o)
    0x08000212   0x08000212   0x00000000   Code   RO         7709    .ARM.Collect$$libinit$$00000023  c_w.l(libinit2.o)
    0x08000212   0x08000212   0x00000000   Code   RO         7711    .ARM.Collect$$libinit$$00000025  c_w.l(libinit2.o)
    0x08000212   0x08000212   0x00000000   Code   RO         7715    .ARM.Collect$$libinit$$0000002C  c_w.l(libinit2.o)
    0x08000212   0x08000212   0x00000000   Code   RO         7717    .ARM.Collect$$libinit$$0000002E  c_w.l(libinit2.o)
    0x08000212   0x08000212   0x00000000   Code   RO         7719    .ARM.Collect$$libinit$$00000030  c_w.l(libinit2.o)
    0x08000212   0x08000212   0x00000000   Code   RO         7721    .ARM.Collect$$libinit$$00000032  c_w.l(libinit2.o)
    0x08000212   0x08000212   0x00000002   Code   RO         7722    .ARM.Collect$$libinit$$00000033  c_w.l(libinit2.o)
    0x08000214   0x08000214   0x00000002   Code   RO         7949    .ARM.Collect$$libshutdown$$00000000  c_w.l(libshutdown.o)
    0x08000216   0x08000216   0x00000000   Code   RO         7724    .ARM.Collect$$libshutdown$$00000002  c_w.l(libshutdown2.o)
    0x08000216   0x08000216   0x00000000   Code   RO         7726    .ARM.Collect$$libshutdown$$00000004  c_w.l(libshutdown2.o)
    0x08000216   0x08000216   0x00000000   Code   RO         7728    .ARM.Collect$$libshutdown$$00000006  c_w.l(libshutdown2.o)
    0x08000216   0x08000216   0x00000000   Code   RO         7731    .ARM.Collect$$libshutdown$$00000009  c_w.l(libshutdown2.o)
    0x08000216   0x08000216   0x00000000   Code   RO         7734    .ARM.Collect$$libshutdown$$0000000C  c_w.l(libshutdown2.o)
    0x08000216   0x08000216   0x00000000   Code   RO         7736    .ARM.Collect$$libshutdown$$0000000E  c_w.l(libshutdown2.o)
    0x08000216   0x08000216   0x00000000   Code   RO         7739    .ARM.Collect$$libshutdown$$00000011  c_w.l(libshutdown2.o)
    0x08000216   0x08000216   0x00000002   Code   RO         7740    .ARM.Collect$$libshutdown$$00000012  c_w.l(libshutdown2.o)
    0x08000218   0x08000218   0x00000000   Code   RO         7442    .ARM.Collect$$rtentry$$00000000  c_w.l(__rtentry.o)
    0x08000218   0x08000218   0x00000000   Code   RO         7567    .ARM.Collect$$rtentry$$00000002  c_w.l(__rtentry2.o)
    0x08000218   0x08000218   0x00000006   Code   RO         7579    .ARM.Collect$$rtentry$$00000004  c_w.l(__rtentry4.o)
    0x0800021e   0x0800021e   0x00000000   Code   RO         7569    .ARM.Collect$$rtentry$$00000009  c_w.l(__rtentry2.o)
    0x0800021e   0x0800021e   0x00000004   Code   RO         7570    .ARM.Collect$$rtentry$$0000000A  c_w.l(__rtentry2.o)
    0x08000222   0x08000222   0x00000000   Code   RO         7572    .ARM.Collect$$rtentry$$0000000C  c_w.l(__rtentry2.o)
    0x08000222   0x08000222   0x00000008   Code   RO         7573    .ARM.Collect$$rtentry$$0000000D  c_w.l(__rtentry2.o)
    0x0800022a   0x0800022a   0x00000002   Code   RO         7859    .ARM.Collect$$rtexit$$00000000  c_w.l(rtexit.o)
    0x0800022c   0x0800022c   0x00000000   Code   RO         7912    .ARM.Collect$$rtexit$$00000002  c_w.l(rtexit2.o)
    0x0800022c   0x0800022c   0x00000004   Code   RO         7913    .ARM.Collect$$rtexit$$00000003  c_w.l(rtexit2.o)
    0x08000230   0x08000230   0x00000006   Code   RO         7914    .ARM.Collect$$rtexit$$00000004  c_w.l(rtexit2.o)
    0x08000236   0x08000236   0x00000002   PAD
    0x08000238   0x08000238   0x00000040   Code   RO         7372    .text               startup_stm32f411xe.o
    0x08000278   0x08000278   0x000000ee   Code   RO         7414    .text               c_w.l(lludivv7m.o)
    0x08000366   0x08000366   0x00000006   Code   RO         7432    .text               c_w.l(heapauxi.o)
    0x0800036c   0x0800036c   0x00000002   Code   RO         7743    .text               c_w.l(use_no_semi.o)
    0x0800036e   0x0800036e   0x00000000   Code   RO         7745    .text               c_w.l(indicate_semi.o)
    0x0800036e   0x0800036e   0x0000004a   Code   RO         7746    .text               c_w.l(sys_stackheap_outer.o)
    0x080003b8   0x080003b8   0x00000012   Code   RO         7826    .text               c_w.l(exit.o)
    0x080003ca   0x080003ca   0x00000002   PAD
    0x080003cc   0x080003cc   0x0000000c   Code   RO         7854    .text               c_w.l(sys_exit.o)
    0x080003d8   0x080003d8   0x00000008   Code   RO         7856    .text               c_w.l(libspace.o)
    0x080003e0   0x080003e0   0x00000004   Code   RO         6541    i.BusFault_Handler  stm32f4xx_it.o
    0x080003e4   0x080003e4   0x00000002   Code   RO         6542    i.DebugMon_Handler  stm32f4xx_it.o
    0x080003e6   0x080003e6   0x00000002   PAD
    0x080003e8   0x080003e8   0x00000048   Code   RO         6147    i.EXTI15_10_IRQHandler  gpio.o
    0x08000430   0x08000430   0x00000028   Code   RO         6148    i.EXTI4_IRQHandler  gpio.o
    0x08000458   0x08000458   0x00000044   Code   RO         6149    i.EXTI9_5_IRQHandler  gpio.o
    0x0800049c   0x0800049c   0x0000000c   Code   RO         1468    i.EXTI_ClearITPendingBit  stm32f4xx_exti.o
    0x080004a8   0x080004a8   0x00000018   Code   RO         1472    i.EXTI_GetITStatus  stm32f4xx_exti.o
    0x080004c0   0x080004c0   0x00000094   Code   RO         1473    i.EXTI_Init         stm32f4xx_exti.o
    0x08000554   0x08000554   0x00000090   Code   RO         1846    i.GPIO_Init         stm32f4xx_gpio.o
    0x080005e4   0x080005e4   0x00000046   Code   RO         1847    i.GPIO_PinAFConfig  stm32f4xx_gpio.o
    0x0800062a   0x0800062a   0x00000004   Code   RO         1853    i.GPIO_ResetBits    stm32f4xx_gpio.o
    0x0800062e   0x0800062e   0x00000004   Code   RO         1854    i.GPIO_SetBits      stm32f4xx_gpio.o
    0x08000632   0x08000632   0x00000004   Code   RO         6543    i.HardFault_Handler  stm32f4xx_it.o
    0x08000636   0x08000636   0x00000018   Code   RO         2134    i.I2C_AcknowledgeConfig  stm32f4xx_i2c.o
    0x0800064e   0x0800064e   0x0000000c   Code   RO         2138    i.I2C_ClearFlag     stm32f4xx_i2c.o
    0x0800065a   0x0800065a   0x00000018   Code   RO         2140    i.I2C_Cmd           stm32f4xx_i2c.o
    0x08000672   0x08000672   0x00000002   PAD
    0x08000674   0x08000674   0x00000060   Code   RO         2143    i.I2C_DeInit        stm32f4xx_i2c.o
    0x080006d4   0x080006d4   0x00000018   Code   RO         2148    i.I2C_GenerateSTART  stm32f4xx_i2c.o
    0x080006ec   0x080006ec   0x00000018   Code   RO         2149    i.I2C_GenerateSTOP  stm32f4xx_i2c.o
    0x08000704   0x08000704   0x0000003a   Code   RO         2150    i.I2C_GetFlagStatus  stm32f4xx_i2c.o
    0x0800073e   0x0800073e   0x00000002   PAD
    0x08000740   0x08000740   0x000000e8   Code   RO         2155    i.I2C_Init          stm32f4xx_i2c.o
    0x08000828   0x08000828   0x00000016   Code   RO         2159    i.I2C_ReadRegister  stm32f4xx_i2c.o
    0x0800083e   0x0800083e   0x00000008   Code   RO         2160    i.I2C_ReceiveData   stm32f4xx_i2c.o
    0x08000846   0x08000846   0x00000010   Code   RO         2162    i.I2C_Send7bitAddress  stm32f4xx_i2c.o
    0x08000856   0x08000856   0x00000004   Code   RO         2163    i.I2C_SendData      stm32f4xx_i2c.o
    0x0800085a   0x0800085a   0x00000016   Code   RO         2164    i.I2C_SoftwareResetCmd  stm32f4xx_i2c.o
    0x08000870   0x08000870   0x00000068   Code   RO         6230    i.I2Cx_TIMEOUT_UserCallback  i2c_master.o
    0x080008d8   0x080008d8   0x00000024   Code   RO         4932    i.ICM4x6xx_Accel_on  icm-4x6xx.o
    0x080008fc   0x080008fc   0x00000048   Code   RO         4933    i.ICM4x6xx_GetAccelData_UI  icm-4x6xx.o
    0x08000944   0x08000944   0x00000048   Code   RO         4938    i.ICM4x6xx_GetGyroData_UI  icm-4x6xx.o
    0x0800098c   0x0800098c   0x0000005e   Code   RO         4941    i.ICM4x6xx_Gyro_on  icm-4x6xx.o
    0x080009ea   0x080009ea   0x00000002   PAD
    0x080009ec   0x080009ec   0x00000030   Code   RO         4943    i.ICM4x6xx_accel_fsr  icm-4x6xx.o
    0x08000a1c   0x08000a1c   0x0000002a   Code   RO         4944    i.ICM4x6xx_accel_odr  icm-4x6xx.o
    0x08000a46   0x08000a46   0x00000002   PAD
    0x08000a48   0x08000a48   0x00000030   Code   RO         4947    i.ICM4x6xx_gyro_fsr  icm-4x6xx.o
    0x08000a78   0x08000a78   0x0000002a   Code   RO         4948    i.ICM4x6xx_gyro_odr  icm-4x6xx.o
    0x08000aa2   0x08000aa2   0x00000002   PAD
    0x08000aa4   0x08000aa4   0x00000030   Code   RO         4949    i.ICM4x6xx_init     icm-4x6xx.o
    0x08000ad4   0x08000ad4   0x00000034   Code   RO         4950    i.ICM4x6xx_int_enable  icm-4x6xx.o
    0x08000b08   0x08000b08   0x00000016   Code   RO         4951    i.ICM4x6xx_int_mode_config  icm-4x6xx.o
    0x08000b1e   0x08000b1e   0x00000004   Code   RO         6544    i.MemManage_Handler  stm32f4xx_it.o
    0x08000b22   0x08000b22   0x00000002   Code   RO         6545    i.NMI_Handler       stm32f4xx_it.o
    0x08000b24   0x08000b24   0x00000078   Code   RO            4    i.NVIC_Init         misc.o
    0x08000b9c   0x08000b9c   0x0000000c   Code   RO         2637    i.PWR_BackupAccessCmd  stm32f4xx_pwr.o
    0x08000ba8   0x08000ba8   0x00000014   Code   RO         2639    i.PWR_ClearFlag     stm32f4xx_pwr.o
    0x08000bbc   0x08000bbc   0x00000002   Code   RO         6546    i.PendSV_Handler    stm32f4xx_it.o
    0x08000bbe   0x08000bbe   0x00000002   PAD
    0x08000bc0   0x08000bc0   0x00000020   Code   RO         2784    i.RCC_AHB1PeriphClockCmd  stm32f4xx_rcc.o
    0x08000be0   0x08000be0   0x00000020   Code   RO         2790    i.RCC_APB1PeriphClockCmd  stm32f4xx_rcc.o
    0x08000c00   0x08000c00   0x00000020   Code   RO         2792    i.RCC_APB1PeriphResetCmd  stm32f4xx_rcc.o
    0x08000c20   0x08000c20   0x00000020   Code   RO         2793    i.RCC_APB2PeriphClockCmd  stm32f4xx_rcc.o
    0x08000c40   0x08000c40   0x00000020   Code   RO         2795    i.RCC_APB2PeriphResetCmd  stm32f4xx_rcc.o
    0x08000c60   0x08000c60   0x000000e8   Code   RO         2802    i.RCC_GetClocksFreq  stm32f4xx_rcc.o
    0x08000d48   0x08000d48   0x00000040   Code   RO         2803    i.RCC_GetFlagStatus  stm32f4xx_rcc.o
    0x08000d88   0x08000d88   0x0000002c   Code   RO         2811    i.RCC_LSEConfig     stm32f4xx_rcc.o
    0x08000db4   0x08000db4   0x0000000c   Code   RO         2813    i.RCC_LSICmd        stm32f4xx_rcc.o
    0x08000dc0   0x08000dc0   0x0000000c   Code   RO         2825    i.RCC_RTCCLKCmd     stm32f4xx_rcc.o
    0x08000dcc   0x08000dcc   0x0000003c   Code   RO         2826    i.RCC_RTCCLKConfig  stm32f4xx_rcc.o
    0x08000e08   0x08000e08   0x00000016   Code   RO         3113    i.RTC_Bcd2ToByte    stm32f4xx_rtc.o
    0x08000e1e   0x08000e1e   0x0000001c   Code   RO         3115    i.RTC_ByteToBcd2    stm32f4xx_rtc.o
    0x08000e3a   0x08000e3a   0x00000002   PAD
    0x08000e3c   0x08000e3c   0x0000001c   Code   RO         3118    i.RTC_ClearFlag     stm32f4xx_rtc.o
    0x08000e58   0x08000e58   0x00000020   Code   RO         3119    i.RTC_ClearITPendingBit  stm32f4xx_rtc.o
    0x08000e78   0x08000e78   0x00000050   Code   RO         3125    i.RTC_EnterInitMode  stm32f4xx_rtc.o
    0x08000ec8   0x08000ec8   0x00000014   Code   RO         3126    i.RTC_ExitInitMode  stm32f4xx_rtc.o
    0x08000edc   0x08000edc   0x00000040   Code   RO         3131    i.RTC_GetITStatus   stm32f4xx_rtc.o
    0x08000f1c   0x08000f1c   0x00000014   Code   RO         3133    i.RTC_GetSubSecond  stm32f4xx_rtc.o
    0x08000f30   0x08000f30   0x00000050   Code   RO         3134    i.RTC_GetTime       stm32f4xx_rtc.o
    0x08000f80   0x08000f80   0x00000064   Code   RO         3138    i.RTC_ITConfig      stm32f4xx_rtc.o
    0x08000fe4   0x08000fe4   0x00000064   Code   RO         3139    i.RTC_Init          stm32f4xx_rtc.o
    0x08001048   0x08001048   0x000000d0   Code   RO         3146    i.RTC_SetTime       stm32f4xx_rtc.o
    0x08001118   0x08001118   0x0000001c   Code   RO         3147    i.RTC_SetWakeUpCounter  stm32f4xx_rtc.o
    0x08001134   0x08001134   0x00000048   Code   RO         6818    i.RTC_WKUP_IRQHandler  rtc_timer.o
    0x0800117c   0x0800117c   0x00000060   Code   RO         3162    i.RTC_WaitForSynchro  stm32f4xx_rtc.o
    0x080011dc   0x080011dc   0x00000030   Code   RO         3163    i.RTC_WakeUpClockConfig  stm32f4xx_rtc.o
    0x0800120c   0x0800120c   0x00000078   Code   RO         3164    i.RTC_WakeUpCmd     stm32f4xx_rtc.o
    0x08001284   0x08001284   0x0000000c   Code   RO         7146    i.RingByteBuffer_clear  ringbytebuffer.o
    0x08001290   0x08001290   0x00000012   Code   RO         7147    i.RingByteBuffer_init  ringbytebuffer.o
    0x080012a2   0x080012a2   0x0000001a   Code   RO         6695    i.RingByteBuffer_isEmpty  uart.o
    0x080012bc   0x080012bc   0x0000001a   Code   RO         6696    i.RingByteBuffer_isFull  uart.o
    0x080012d6   0x080012d6   0x00000024   Code   RO         7149    i.RingByteBuffer_popByte  ringbytebuffer.o
    0x080012fa   0x080012fa   0x00000022   Code   RO         7151    i.RingByteBuffer_pushByte  ringbytebuffer.o
    0x0800131c   0x0800131c   0x000000a4   Code   RO         6470    i.SPI2_IRQHandler   spi_slave.o
    0x080013c0   0x080013c0   0x00000018   Code   RO         3864    i.SPI_Cmd           stm32f4xx_spi.o
    0x080013d8   0x080013d8   0x00000012   Code   RO         3872    i.SPI_I2S_GetFlagStatus  stm32f4xx_spi.o
    0x080013ea   0x080013ea   0x00000034   Code   RO         3873    i.SPI_I2S_GetITStatus  stm32f4xx_spi.o
    0x0800141e   0x0800141e   0x00000006   Code   RO         3875    i.SPI_I2S_ReceiveData  stm32f4xx_spi.o
    0x08001424   0x08001424   0x00000004   Code   RO         3876    i.SPI_I2S_SendData  stm32f4xx_spi.o
    0x08001428   0x08001428   0x0000003c   Code   RO         3877    i.SPI_Init          stm32f4xx_spi.o
    0x08001464   0x08001464   0x00000002   Code   RO         6378    i.SPIx_TIMEOUT_UserCallback  spi_master.o
    0x08001466   0x08001466   0x00000002   Code   RO         6547    i.SVC_Handler       stm32f4xx_it.o
    0x08001468   0x08001468   0x00000040   Code   RO         4029    i.SYSCFG_EXTILineConfig  stm32f4xx_syscfg.o
    0x080014a8   0x080014a8   0x0000002c   Code   RO         6611    i.SysTick_Handler   sys_timer.o
    0x080014d4   0x080014d4   0x00000064   Code   RO         7380    i.SystemInit        system_stm32f4xx.o
    0x08001538   0x08001538   0x0000003a   Code   RO         4086    i.TI1_Config        stm32f4xx_tim.o
    0x08001572   0x08001572   0x00000050   Code   RO         4087    i.TI2_Config        stm32f4xx_tim.o
    0x080015c2   0x080015c2   0x00000048   Code   RO         4088    i.TI3_Config        stm32f4xx_tim.o
    0x0800160a   0x0800160a   0x00000050   Code   RO         4089    i.TI4_Config        stm32f4xx_tim.o
    0x0800165a   0x0800165a   0x00000002   PAD
    0x0800165c   0x0800165c   0x00000068   Code   RO         6819    i.TIM5_IRQHandler   rtc_timer.o
    0x080016c4   0x080016c4   0x00000006   Code   RO         4097    i.TIM_ClearITPendingBit  stm32f4xx_tim.o
    0x080016ca   0x080016ca   0x00000018   Code   RO         4102    i.TIM_Cmd           stm32f4xx_tim.o
    0x080016e2   0x080016e2   0x00000002   PAD
    0x080016e4   0x080016e4   0x00000190   Code   RO         4107    i.TIM_DeInit        stm32f4xx_tim.o
    0x08001874   0x08001874   0x00000006   Code   RO         4120    i.TIM_GetCapture4   stm32f4xx_tim.o
    0x0800187a   0x0800187a   0x00000022   Code   RO         4123    i.TIM_GetITStatus   stm32f4xx_tim.o
    0x0800189c   0x0800189c   0x0000006e   Code   RO         4125    i.TIM_ICInit        stm32f4xx_tim.o
    0x0800190a   0x0800190a   0x00000012   Code   RO         4127    i.TIM_ITConfig      stm32f4xx_tim.o
    0x0800191c   0x0800191c   0x00000006   Code   RO         4151    i.TIM_PrescalerConfig  stm32f4xx_tim.o
    0x08001922   0x08001922   0x00000006   Code   RO         4152    i.TIM_RemapConfig   stm32f4xx_tim.o
    0x08001928   0x08001928   0x00000012   Code   RO         4169    i.TIM_SetIC1Prescaler  stm32f4xx_tim.o
    0x0800193a   0x0800193a   0x0000001a   Code   RO         4170    i.TIM_SetIC2Prescaler  stm32f4xx_tim.o
    0x08001954   0x08001954   0x00000012   Code   RO         4171    i.TIM_SetIC3Prescaler  stm32f4xx_tim.o
    0x08001966   0x08001966   0x0000001a   Code   RO         4172    i.TIM_SetIC4Prescaler  stm32f4xx_tim.o
    0x08001980   0x08001980   0x00000084   Code   RO         4174    i.TIM_TimeBaseInit  stm32f4xx_tim.o
    0x08001a04   0x08001a04   0x00000012   Code   RO         4175    i.TIM_TimeBaseStructInit  stm32f4xx_tim.o
    0x08001a16   0x08001a16   0x00000002   PAD
    0x08001a18   0x08001a18   0x00000074   Code   RO         6697    i.USART1_IRQHandler  uart.o
    0x08001a8c   0x08001a8c   0x00000074   Code   RO         6698    i.USART2_IRQHandler  uart.o
    0x08001b00   0x08001b00   0x00000074   Code   RO         6699    i.USART6_IRQHandler  uart.o
    0x08001b74   0x08001b74   0x00000018   Code   RO         4656    i.USART_Cmd         stm32f4xx_usart.o
    0x08001b8c   0x08001b8c   0x00000054   Code   RO         4660    i.USART_GetITStatus  stm32f4xx_usart.o
    0x08001be0   0x08001be0   0x0000004a   Code   RO         4662    i.USART_ITConfig    stm32f4xx_usart.o
    0x08001c2a   0x08001c2a   0x00000002   PAD
    0x08001c2c   0x08001c2c   0x000000d4   Code   RO         4663    i.USART_Init        stm32f4xx_usart.o
    0x08001d00   0x08001d00   0x0000000a   Code   RO         4670    i.USART_ReceiveData  stm32f4xx_usart.o
    0x08001d0a   0x08001d0a   0x00000008   Code   RO         4673    i.USART_SendData    stm32f4xx_usart.o
    0x08001d12   0x08001d12   0x00000004   Code   RO         6548    i.UsageFault_Handler  stm32f4xx_it.o
    0x08001d16   0x08001d16   0x00000012   Code   RO         6092    i.delay_ms          delay.o
    0x08001d28   0x08001d28   0x0000004e   Code   RO         6093    i.delay_us          delay.o
    0x08001d76   0x08001d76   0x00000002   PAD
    0x08001d78   0x08001d78   0x0000000c   Code   RO         7240    i.ext_interrupt_data_ready_cb  example_testapp.o
    0x08001d84   0x08001d84   0x000001b8   Code   RO         6156    i.gpio_sensor_irq_init  gpio.o
    0x08001f3c   0x08001f3c   0x000003c8   Code   RO         6234    i.i2c_master_read_register  i2c_master.o
    0x08002304   0x08002304   0x00000150   Code   RO         6236    i.i2c_master_write_register  i2c_master.o
    0x08002454   0x08002454   0x0000002c   Code   RO         6094    i.internal_delay    delay.o
    0x08002480   0x08002480   0x00000050   Code   RO         4952    i.inv_serif_read    icm-4x6xx.o
    0x080024d0   0x080024d0   0x00000048   Code   RO         4953    i.inv_serif_read_1B  icm-4x6xx.o
    0x08002518   0x08002518   0x00000044   Code   RO         4955    i.inv_serif_write_1B  icm-4x6xx.o
    0x0800255c   0x0800255c   0x00000140   Code   RO         7241    i.main              example_testapp.o
    0x0800269c   0x0800269c   0x00000034   Code   RO         6820    i.rtc_timer_get_time_us  rtc_timer.o
    0x080026d0   0x080026d0   0x000000b4   Code   RO         6821    i.rtc_timer_get_timestamp_us  rtc_timer.o
    0x08002784   0x08002784   0x0000018c   Code   RO         6822    i.rtc_timer_init    rtc_timer.o
    0x08002910   0x08002910   0x000000fc   Code   RO         6823    i.rtc_timer_measure_LSI_frequency  rtc_timer.o
    0x08002a0c   0x08002a0c   0x00000080   Code   RO         6824    i.rtc_timer_set_RTC_wakeup  rtc_timer.o
    0x08002a8c   0x08002a8c   0x00000034   Code   RO         6095    i.setup_timer       delay.o
    0x08002ac0   0x08002ac0   0x00000024   Code   RO         6380    i.spi_master_get_cs_pin  spi_master.o
    0x08002ae4   0x08002ae4   0x00000028   Code   RO         6381    i.spi_master_get_cs_port  spi_master.o
    0x08002b0c   0x08002b0c   0x0000001c   Code   RO         6382    i.spi_master_get_instance  spi_master.o
    0x08002b28   0x08002b28   0x00000030   Code   RO         6383    i.spi_master_get_prescaler  spi_master.o
    0x08002b58   0x08002b58   0x00000032   Code   RO         6384    i.spi_master_get_prescaler_spi1  spi_master.o
    0x08002b8a   0x08002b8a   0x00000032   Code   RO         6385    i.spi_master_get_prescaler_spi2  spi_master.o
    0x08002bbc   0x08002bbc   0x000000c4   Code   RO         6386    i.spi_master_init   spi_master.o
    0x08002c80   0x08002c80   0x00000064   Code   RO         6387    i.spi_master_init_gpio_spi1  spi_master.o
    0x08002ce4   0x08002ce4   0x00000068   Code   RO         6388    i.spi_master_init_gpio_spi2  spi_master.o
    0x08002d4c   0x08002d4c   0x0000010c   Code   RO         6389    i.spi_master_read_register  spi_master.o
    0x08002e58   0x08002e58   0x00000104   Code   RO         6390    i.spi_master_write_register  spi_master.o
    0x08002f5c   0x08002f5c   0x00000034   Code   RO         6096    i.start_timer       delay.o
    0x08002f90   0x08002f90   0x00000018   Code   RO         6097    i.stop_timer        delay.o
    0x08002fa8   0x08002fa8   0x000002ac   Code   RO         6701    i.uart_config       uart.o
    0x08003254   0x08003254   0x00000060   Code   RO         7440    x$fpl$ffltll        fz_wm.l(ffltll_clz.o)
    0x080032b4   0x080032b4   0x0000008c   Code   RO         7548    x$fpl$fnaninf       fz_wm.l(fnaninf.o)
    0x08003340   0x08003340   0x0000000a   Code   RO         7848    x$fpl$fpinit        fz_wm.l(fpinit.o)
    0x0800334a   0x0800334a   0x00000002   PAD
    0x0800334c   0x0800334c   0x0000005c   Code   RO         7436    x$fpl$llufromf      fz_wm.l(ffixull.o)
    0x080033a8   0x080033a8   0x00000000   Code   RO         7558    x$fpl$usenofp       fz_wm.l(usenofp.o)
    0x080033a8   0x080033a8   0x00000020   Data   RO         7950    Region$$Table       anon$$obj.o


    Execution Region RW_IRAM1 (Exec base: 0x20000000, Load base: 0x080033c8, Size: 0x00004780, Max: 0x00020000, ABSOLUTE)

    Exec Addr    Load Addr    Size         Type   Attr      Idx    E Section Name        Object

    0x20000000   0x080033c8   0x00000010   Data   RW         2832    .data               stm32f4xx_rcc.o
    0x20000010   0x080033d8   0x00000022   Data   RW         4956    .data               icm-4x6xx.o
    0x20000032   0x080033fa   0x00000001   Data   RW         6098    .data               delay.o
    0x20000033   0x080033fb   0x00000001   PAD
    0x20000034   0x080033fc   0x0000000c   Data   RW         6157    .data               gpio.o
    0x20000040   0x08003408   0x00000002   Data   RW         6391    .data               spi_master.o
    0x20000042   0x0800340a   0x00000002   PAD
    0x20000044   0x0800340c   0x00000008   Data   RW         6478    .data               spi_slave.o
    0x2000004c   0x08003414   0x00000004   PAD
    0x20000050   0x08003418   0x00000010   Data   RW         6615    .data               sys_timer.o
    0x20000060   0x08003428   0x00000018   Data   RW         6828    .data               rtc_timer.o
    0x20000078   0x08003440   0x0000000c   Data   RW         7244    .data               example_testapp.o
    0x20000084        -       0x00001008   Zero   RW         6477    .bss                spi_slave.o
    0x2000108c        -       0x00000084   Zero   RW         6707    .bss                uart.o
    0x20001110        -       0x00000010   Zero   RW         6827    .bss                rtc_timer.o
    0x20001120        -       0x00003000   Zero   RW         7243    .bss                example_testapp.o
    0x20004120        -       0x00000060   Zero   RW         7857    .bss                c_w.l(libspace.o)
    0x20004180        -       0x00000200   Zero   RW         7370    HEAP                startup_stm32f411xe.o
    0x20004380        -       0x00000400   Zero   RW         7369    STACK               startup_stm32f411xe.o


==============================================================================

Image component sizes


      Code (inc. data)   RO Data    RW Data    ZI Data      Debug   Object Name

       268         24          0          1          0       3814   delay.o
       332         30          0         12      12288       3584   example_testapp.o
       620         50          0         12          0       3986   gpio.o
      1408         36          0          0          0       4703   i2c_master.o
       796         30          0         34          0      13903   icm-4x6xx.o
         0          0          0          0          0        864   logger.o
       120         14          0          0          0     287524   misc.o
       100          0          0          0          0       2852   ringbytebuffer.o
      1184         80          0         24         16       6469   rtc_timer.o
      1182         94          0          2          0      10781   spi_master.o
       164         18          0          8       4104       2190   spi_slave.o
        64         26        408          0       1536        876   startup_stm32f411xe.o
         0          0          0          0          0     203300   stm32f4xx_cec.o
       184         16          0          0          0       2476   stm32f4xx_exti.o
       222          0          0          0          0       3319   stm32f4xx_gpio.o
       566         28          0          0          0       9302   stm32f4xx_i2c.o
        24          0          0          0          0       3800   stm32f4xx_it.o
        32         12          0          0          0       1170   stm32f4xx_pwr.o
       584         78          0         16          0       9541   stm32f4xx_rcc.o
      1074         80          0          0          0      11778   stm32f4xx_rtc.o
       164          0          0          0          0       4788   stm32f4xx_spi.o
        64          4          0          0          0        708   stm32f4xx_syscfg.o
      1138         82          0          0          0      13931   stm32f4xx_tim.o
       412          8          0          0          0       5379   stm32f4xx_usart.o
        44         10          0         16          0       1289   sys_timer.o
       100         18          0          0          0        541   system_stm32f4xx.o
      1084         72          0          0        132     209782   uart.o

    ----------------------------------------------------------------------
     11956        810        440        132      18076     822650   Object Totals
         0          0         32          0          0          0   (incl. Generated)
        26          0          0          7          0          0   (incl. Padding)

    ----------------------------------------------------------------------

      Code (inc. data)   RO Data    RW Data    ZI Data      Debug   Library Member Name

         8          0          0          0          0         68   __main.o
         0          0          0          0          0          0   __rtentry.o
        12          0          0          0          0          0   __rtentry2.o
         6          0          0          0          0          0   __rtentry4.o
        52          8          0          0          0          0   __scatter.o
        26          0          0          0          0          0   __scatter_copy.o
        28          0          0          0          0          0   __scatter_zi.o
        18          0          0          0          0         80   exit.o
         6          0          0          0          0        152   heapauxi.o
         0          0          0          0          0          0   indicate_semi.o
         2          0          0          0          0          0   libinit.o
         6          0          0          0          0          0   libinit2.o
         2          0          0          0          0          0   libshutdown.o
         2          0          0          0          0          0   libshutdown2.o
         8          4          0          0         96         68   libspace.o
       238          0          0          0          0        100   lludivv7m.o
         2          0          0          0          0          0   rtexit.o
        10          0          0          0          0          0   rtexit2.o
        12          4          0          0          0         68   sys_exit.o
        74          0          0          0          0         80   sys_stackheap_outer.o
         2          0          0          0          0         68   use_no_semi.o
        92          4          0          0          0        132   ffixull.o
        96          0          0          0          0        132   ffltll_clz.o
       140          4          0          0          0        132   fnaninf.o
        10          0          0          0          0        116   fpinit.o
         0          0          0          0          0          0   usenofp.o

    ----------------------------------------------------------------------
       860         24          0          0         96       1196   Library Totals
         8          0          0          0          0          0   (incl. Padding)

    ----------------------------------------------------------------------

      Code (inc. data)   RO Data    RW Data    ZI Data      Debug   Library Name

       514         16          0          0         96        684   c_w.l
       338          8          0          0          0        512   fz_wm.l

    ----------------------------------------------------------------------
       860         24          0          0         96       1196   Library Totals

    ----------------------------------------------------------------------

==============================================================================


      Code (inc. data)   RO Data    RW Data    ZI Data      Debug   

     12816        834        440        132      18172     808738   Grand Totals
     12816        834        440        132      18172     808738   ELF Image Totals
     12816        834        440        132          0          0   ROM Totals

==============================================================================

    Total RO  Size (Code + RO Data)                13256 (  12.95kB)
    Total RW  Size (RW Data + ZI Data)             18304 (  17.88kB)
    Total ROM Size (Code + RO Data + RW Data)      13388 (  13.07kB)

==============================================================================

