<html>
<body>
<pre>
<h1>µVision Build Log</h1>
<h2>Tool Versions:</h2>
IDE-Version: ¶ÃVision V5.33.0.0
Copyright (C) 2020 ARM Ltd and ARM Germany GmbH. All rights reserved.
License Information: 11 11, 11, LIC=76F5U-SYAJL-63KMB-2ZZM0-BVKY9-741GF
 
Tool Versions:
Toolchain:       MDK-ARM Plus  Version: 5.33.0.0
Toolchain Path:  F:\INDEMIND\SOFT\keil\ARM\ARMCC\Bin
C Compiler:      Armcc.exe V5.06 update 7 (build 960)
Assembler:       Armasm.exe V5.06 update 7 (build 960)
Linker/Locator:  ArmLink.exe V5.06 update 7 (build 960)
Library Manager: ArmAr.exe V5.06 update 7 (build 960)
Hex Converter:   FromElf.exe V5.06 update 7 (build 960)
CPU DLL:         SARMCM3.DLL V5.33.0.0
Dialog DLL:      DCM.DLL V1.17.3.0
Target DLL:      UL2CM3.DLL V1.163.9.0
Dialog DLL:      TCM.DLL V1.48.0.0
 
<h2>Project:</h2>
F:\INDEMIND\work\¡˘÷·\42688\ST-Nucleo_test-ICM-4x6xx_keil\ST-Nucleo_test.uvprojx
Project File Date:  04/08/2021

<h2>Output:</h2>
*** Using Compiler 'V5.06 update 7 (build 960)', folder: 'F:\INDEMIND\SOFT\keil\ARM\ARMCC\Bin'
Build target 'Target 1'
compiling stm32f4xx_adc.c...
compiling misc.c...
compiling stm32f4xx_can.c...
compiling stm32f4xx_crc.c...
compiling stm32f4xx_cec.c...
compiling stm32f4xx_cryp.c...
compiling stm32f4xx_cryp_des.c...
compiling stm32f4xx_cryp_tdes.c...
compiling stm32f4xx_cryp_aes.c...
compiling stm32f4xx_dac.c...
compiling stm32f4xx_dbgmcu.c...
compiling stm32f4xx_dcmi.c...
compiling stm32f4xx_dsi.c...
compiling stm32f4xx_dma.c...
compiling stm32f4xx_dma2d.c...
compiling stm32f4xx_exti.c...
compiling stm32f4xx_flash_ramfunc.c...
compiling stm32f4xx_flash.c...
compiling stm32f4xx_fmpi2c.c...
compiling stm32f4xx_hash.c...
compiling stm32f4xx_gpio.c...
compiling stm32f4xx_hash_md5.c...
compiling stm32f4xx_hash_sha1.c...
compiling stm32f4xx_i2c.c...
compiling stm32f4xx_lptim.c...
compiling stm32f4xx_iwdg.c...
compiling stm32f4xx_ltdc.c...
compiling stm32f4xx_pwr.c...
compiling stm32f4xx_qspi.c...
compiling stm32f4xx_rcc.c...
compiling stm32f4xx_rng.c...
compiling stm32f4xx_sai.c...
compiling stm32f4xx_rtc.c...
compiling stm32f4xx_sdio.c...
compiling stm32f4xx_spdifrx.c...
compiling stm32f4xx_spi.c...
compiling stm32f4xx_syscfg.c...
compiling stm32f4xx_usart.c...
compiling stm32f4xx_tim.c...
compiling ErrorHelper.c...
compiling Icm406xxDriver.c...
compiling Icm406xxDriver_HL.c...
compiling stm32f4xx_wwdg.c...
compiling Icm406xxTransport.c...
compiling Icm406xxSelfTest.c...
compiling ICM-4x6xx.c...
compiling dbg_gpio.c...
compiling delay.c...
compiling iar_hook.c...
compiling gpio.c...
compiling i2c_master.c...
compiling led.c...
compiling spi_master.c...
compiling spi_slave.c...
compiling stm32f4xx_it.c...
compiling sys_timer.c...
compiling timer.c...
compiling uart.c...
compiling rtc_timer.c...
compiling DataConverter.c...
compiling Message.c...
compiling InvCksum.c...
compiling InvBasicMath.c...
compiling InvFormat.c...
compiling InvPrintf.c...
compiling InvList.c...
compiling Logger.c...
compiling RingByteBuffer.c...
compiling HostSerif.c...
compiling Sensor.c...
compiling UartTxEmulator.c...
compiling example-selftest.c...
assembling startup_stm32f411xe.s...
compiling system_stm32f4xx.c...
compiling example_testapp.c...
examples\STnucleo_test\example_testapp.c(284): warning:  #550-D: variable "ch"  was set but never used
          uint8_t ch;
examples\STnucleo_test\example_testapp.c(145): warning:  #177-D: function "msg_printer"  was declared but never referenced
  static void msg_printer(int level, const char * str, va_list ap)
examples\STnucleo_test\example_testapp.c: 2 warnings, 0 errors
linking...
Program Size: Code=12816 RO-data=440 RW-data=132 ZI-data=18172  
".\Objects\ST-Nucleo_test.axf" - 0 Error(s), 2 Warning(s).

<h2>Software Packages used:</h2>

Package Vendor: ARM
                http://www.keil.com/pack/ARM.CMSIS.5.7.0.pack
                ARM.CMSIS.5.7.0
                CMSIS (Cortex Microcontroller Software Interface Standard)
   * Component: CORE Version: 5.4.0

Package Vendor: Keil
                http://www.keil.com/pack/Keil.STM32F4xx_DFP.2.15.0.pack
                Keil.STM32F4xx_DFP.2.15.0
                STMicroelectronics STM32F4 Series Device Support, Drivers and Examples
   * Component: Startup Version: 2.6.3

<h2>Collection of Component include folders:</h2>
  .\RTE\_Target_1
  F:\INDEMIND\SOFT\keil\ARM\CMSIS\5.7.0\CMSIS\Core\Include
  F:\INDEMIND\SOFT\keil\Keil\STM32F4xx_DFP\2.15.0\Drivers\CMSIS\Device\ST\STM32F4xx\Include

<h2>Collection of Component Files used:</h2>

   * Component: ARM::CMSIS:CORE:5.4.0

   * Component: Keil::Device:Startup:2.6.3
      Source file:   MDK\Device\Source\ARM\STM32F4xx_OTP.s
      Include file:  Drivers\CMSIS\Device\ST\STM32F4xx\Include\stm32f4xx.h
      Source file:   MDK\Device\Source\ARM\STM32F411xx_OPT.s
      Source file:   Drivers\CMSIS\Device\ST\STM32F4xx\Source\Templates\arm\startup_stm32f411xe.s
      Source file:   Drivers\CMSIS\Device\ST\STM32F4xx\Source\Templates\system_stm32f4xx.c
Build Time Elapsed:  00:00:17
</pre>
</body>
</html>
