<html>
<body>
<pre>
<h1>µVision Build Log</h1>
<h2>Tool Versions:</h2>
IDE-Version: ¶ÃVision V5.33.0.0
Copyright (C) 2020 ARM Ltd and ARM Germany GmbH. All rights reserved.
License Information: 11 11, 11, LIC=76F5U-SYAJL-63KMB-2ZZM0-BVKY9-741GF
 
Tool Versions:
Toolchain:       MDK-ARM Plus  Version: 5.33.0.0
Toolchain Path:  F:\INDEMIND\SOFT\keil\ARM\ARMCC\Bin
C Compiler:      Armcc.exe V5.06 update 7 (build 960)
Assembler:       Armasm.exe V5.06 update 7 (build 960)
Linker/Locator:  ArmLink.exe V5.06 update 7 (build 960)
Library Manager: ArmAr.exe V5.06 update 7 (build 960)
Hex Converter:   FromElf.exe V5.06 update 7 (build 960)
CPU DLL:         SARMCM3.DLL V5.33.0.0
Dialog DLL:      DCM.DLL V1.17.3.0
Target DLL:      Segger\JL2CM3.dll V2.99.38.0
Dialog DLL:      TCM.DLL V1.48.0.0
 
<h2>Project:</h2>
F:\INDEMIND\work\¡˘÷·\42688\six\MDK-ARM\six.uvprojx
Project File Date:  03/22/2021

<h2>Output:</h2>
*** Using Compiler 'V5.06 update 7 (build 960)', folder: 'F:\INDEMIND\SOFT\keil\ARM\ARMCC\Bin'
Build target 'six'
compiling stm32f4xx_it.c...
compiling stm32f4xx_hal_msp.c...
compiling bno055_support.c...
compiling main.c...
../Src/main.c(364): warning:  #177-D: variable "buff"  was declared but never referenced
      u16 buff[6];
../Src/main.c: 1 warning, 0 errors
compiling bno055.c...
compiling usart.c...
compiling system_stm32f4xx.c...
linking...
Program Size: Code=10372 RO-data=448 RW-data=60 ZI-data=1372  
FromELF: creating hex file...
"six\six.axf" - 0 Error(s), 1 Warning(s).

<h2>Software Packages used:</h2>

Package Vendor: ARM
                http://www.keil.com/pack/ARM.CMSIS.5.7.0.pack
                ARM.CMSIS.5.7.0
                CMSIS (Cortex Microcontroller Software Interface Standard)
   * Component: CORE Version: 5.4.0

Package Vendor: Keil
                http://www.keil.com/pack/Keil.STM32F4xx_DFP.2.15.0.pack
                Keil.STM32F4xx_DFP.2.15.0
                STMicroelectronics STM32F4 Series Device Support, Drivers and Examples

<h2>Collection of Component include folders:</h2>
  .\RTE\_six
  F:\INDEMIND\SOFT\keil\ARM\CMSIS\5.7.0\CMSIS\Core\Include
  F:\INDEMIND\SOFT\keil\Keil\STM32F4xx_DFP\2.15.0\Drivers\CMSIS\Device\ST\STM32F4xx\Include

<h2>Collection of Component Files used:</h2>

   * Component: ARM::CMSIS:CORE:5.4.0
Build Time Elapsed:  00:00:08
</pre>
</body>
</html>
